Archive member included to satisfy reference by file (symbol)

c:/program files (x86)/atmel/studio/7.0/toolchain/arm/arm-gnu-toolchain/bin/../lib/gcc/arm-none-eabi/6.3.1/thumb/v7e-m\libgcc.a(_arm_addsubdf3.o)
                              src/main.o (__aeabi_dadd)
c:/program files (x86)/atmel/studio/7.0/toolchain/arm/arm-gnu-toolchain/bin/../lib/gcc/arm-none-eabi/6.3.1/thumb/v7e-m\libgcc.a(_arm_muldivdf3.o)
                              src/main.o (__aeabi_dmul)
c:/program files (x86)/atmel/studio/7.0/toolchain/arm/arm-gnu-toolchain/bin/../lib/gcc/arm-none-eabi/6.3.1/thumb/v7e-m\libgcc.a(_arm_fixunsdfsi.o)
                              src/main.o (__aeabi_d2uiz)
c:/program files (x86)/atmel/studio/7.0/toolchain/arm/arm-gnu-toolchain/bin/../lib/gcc/arm-none-eabi/6.3.1/thumb/v7e-m\libgcc.a(_arm_truncdfsf2.o)
                              src/main.o (__aeabi_d2f)
c:/program files (x86)/atmel/studio/7.0/toolchain/arm/arm-gnu-toolchain/bin/../lib/gcc/arm-none-eabi/6.3.1/../../../../arm-none-eabi/lib/thumb/v7e-m\libc.a(lib_a-exit.o)
                              c:/program files (x86)/atmel/studio/7.0/toolchain/arm/arm-gnu-toolchain/bin/../lib/gcc/arm-none-eabi/6.3.1/../../../../arm-none-eabi/lib/thumb/v7e-m/crt0.o (exit)
c:/program files (x86)/atmel/studio/7.0/toolchain/arm/arm-gnu-toolchain/bin/../lib/gcc/arm-none-eabi/6.3.1/../../../../arm-none-eabi/lib/thumb/v7e-m\libc.a(lib_a-impure.o)
                              c:/program files (x86)/atmel/studio/7.0/toolchain/arm/arm-gnu-toolchain/bin/../lib/gcc/arm-none-eabi/6.3.1/../../../../arm-none-eabi/lib/thumb/v7e-m\libc.a(lib_a-exit.o) (_global_impure_ptr)
c:/program files (x86)/atmel/studio/7.0/toolchain/arm/arm-gnu-toolchain/bin/../lib/gcc/arm-none-eabi/6.3.1/../../../../arm-none-eabi/lib/thumb/v7e-m\libc.a(lib_a-init.o)
                              c:/program files (x86)/atmel/studio/7.0/toolchain/arm/arm-gnu-toolchain/bin/../lib/gcc/arm-none-eabi/6.3.1/../../../../arm-none-eabi/lib/thumb/v7e-m/crt0.o (__libc_init_array)
c:/program files (x86)/atmel/studio/7.0/toolchain/arm/arm-gnu-toolchain/bin/../lib/gcc/arm-none-eabi/6.3.1/../../../../arm-none-eabi/lib/thumb/v7e-m\libc.a(lib_a-memset.o)
                              c:/program files (x86)/atmel/studio/7.0/toolchain/arm/arm-gnu-toolchain/bin/../lib/gcc/arm-none-eabi/6.3.1/../../../../arm-none-eabi/lib/thumb/v7e-m/crt0.o (memset)
c:/program files (x86)/atmel/studio/7.0/toolchain/arm/arm-gnu-toolchain/bin/../lib/gcc/arm-none-eabi/6.3.1/../../../../arm-none-eabi/lib/thumb/v7e-m\libc.a(lib_a-sprintf.o)
                              src/main.o (sprintf)
c:/program files (x86)/atmel/studio/7.0/toolchain/arm/arm-gnu-toolchain/bin/../lib/gcc/arm-none-eabi/6.3.1/../../../../arm-none-eabi/lib/thumb/v7e-m\libc.a(lib_a-svfprintf.o)
                              c:/program files (x86)/atmel/studio/7.0/toolchain/arm/arm-gnu-toolchain/bin/../lib/gcc/arm-none-eabi/6.3.1/../../../../arm-none-eabi/lib/thumb/v7e-m\libc.a(lib_a-sprintf.o) (_svfprintf_r)
c:/program files (x86)/atmel/studio/7.0/toolchain/arm/arm-gnu-toolchain/bin/../lib/gcc/arm-none-eabi/6.3.1/../../../../arm-none-eabi/lib/thumb/v7e-m\libc.a(lib_a-__call_atexit.o)
                              c:/program files (x86)/atmel/studio/7.0/toolchain/arm/arm-gnu-toolchain/bin/../lib/gcc/arm-none-eabi/6.3.1/../../../../arm-none-eabi/lib/thumb/v7e-m\libc.a(lib_a-exit.o) (__call_exitprocs)
c:/program files (x86)/atmel/studio/7.0/toolchain/arm/arm-gnu-toolchain/bin/../lib/gcc/arm-none-eabi/6.3.1/../../../../arm-none-eabi/lib/thumb/v7e-m\libc.a(lib_a-atexit.o)
                              c:/program files (x86)/atmel/studio/7.0/toolchain/arm/arm-gnu-toolchain/bin/../lib/gcc/arm-none-eabi/6.3.1/../../../../arm-none-eabi/lib/thumb/v7e-m\libc.a(lib_a-__call_atexit.o) (atexit)
c:/program files (x86)/atmel/studio/7.0/toolchain/arm/arm-gnu-toolchain/bin/../lib/gcc/arm-none-eabi/6.3.1/../../../../arm-none-eabi/lib/thumb/v7e-m\libc.a(lib_a-dtoa.o)
                              c:/program files (x86)/atmel/studio/7.0/toolchain/arm/arm-gnu-toolchain/bin/../lib/gcc/arm-none-eabi/6.3.1/../../../../arm-none-eabi/lib/thumb/v7e-m\libc.a(lib_a-svfprintf.o) (_dtoa_r)
c:/program files (x86)/atmel/studio/7.0/toolchain/arm/arm-gnu-toolchain/bin/../lib/gcc/arm-none-eabi/6.3.1/../../../../arm-none-eabi/lib/thumb/v7e-m\libc.a(lib_a-fini.o)
                              c:/program files (x86)/atmel/studio/7.0/toolchain/arm/arm-gnu-toolchain/bin/../lib/gcc/arm-none-eabi/6.3.1/../../../../arm-none-eabi/lib/thumb/v7e-m\libc.a(lib_a-__call_atexit.o) (__libc_fini_array)
c:/program files (x86)/atmel/studio/7.0/toolchain/arm/arm-gnu-toolchain/bin/../lib/gcc/arm-none-eabi/6.3.1/../../../../arm-none-eabi/lib/thumb/v7e-m\libc.a(lib_a-localeconv.o)
                              c:/program files (x86)/atmel/studio/7.0/toolchain/arm/arm-gnu-toolchain/bin/../lib/gcc/arm-none-eabi/6.3.1/../../../../arm-none-eabi/lib/thumb/v7e-m\libc.a(lib_a-svfprintf.o) (_localeconv_r)
[...]
Memory Configuration

Name             Origin             Length             Attributes
rom              0x00400000         0x00200000         xr
ram              0x20400000         0x00060000         xrw
*default*        0x00000000         0xffffffff

Linker script and memory map

LOAD c:/program files (x86)/atmel/studio/7.0/toolchain/arm/arm-gnu-toolchain/bin/../lib/gcc/arm-none-eabi/6.3.1/thumb/v7e-m/crti.o
LOAD c:/program files (x86)/atmel/studio/7.0/toolchain/arm/arm-gnu-toolchain/bin/../lib/gcc/arm-none-eabi/6.3.1/thumb/v7e-m/crtbegin.o
LOAD c:/program files (x86)/atmel/studio/7.0/toolchain/arm/arm-gnu-toolchain/bin/../lib/gcc/arm-none-eabi/6.3.1/../../../../arm-none-eabi/lib/thumb/v7e-m/crt0.o
LOAD src/ASF/sam/drivers/rtc/rtc.o
LOAD src/ASF/sam/drivers/rtt/rtt.o
LOAD src/main.o
LOAD src/ASF/common/services/delay/sam/cycle_counter.o
LOAD src/ASF/common/services/spi/sam_spi/spi_master.o
LOAD src/ASF/sam/components/display/ili9488/ili9488.o
LOAD src/ASF/sam/drivers/spi/spi.o
LOAD src/ASF/common/services/clock/same70/sysclk.o
LOAD src/ASF/common/utils/interrupt/interrupt_sam_nvic.o
LOAD src/ASF/sam/boards/same70_xplained/init.o
LOAD src/ASF/sam/drivers/mpu/mpu.o
LOAD src/ASF/sam/drivers/pio/pio.o
LOAD src/ASF/sam/drivers/pio/pio_handler.o
LOAD src/ASF/sam/drivers/pmc/pmc.o
LOAD src/ASF/sam/drivers/pmc/sleep.o
LOAD src/ASF/sam/utils/cmsis/same70/source/templates/gcc/startup_same70.o
LOAD src/ASF/sam/utils/cmsis/same70/source/templates/system_same70.o
LOAD src/ASF/sam/utils/syscalls/gcc/syscalls.o
START GROUP
LOAD ../src/ASF/thirdparty/CMSIS/Lib/GCC\libarm_cortexM7lfsp_math_softfp.a
LOAD c:/program files (x86)/atmel/studio/7.0/toolchain/arm/arm-gnu-toolchain/bin/../lib/gcc/arm-none-eabi/6.3.1/../../../../arm-none-eabi/lib/thumb/v7e-m\libm.a
END GROUP
START GROUP
LOAD c:/program files (x86)/atmel/studio/7.0/toolchain/arm/arm-gnu-toolchain/bin/../lib/gcc/arm-none-eabi/6.3.1/thumb/v7e-m\libgcc.a
LOAD c:/program files (x86)/atmel/studio/7.0/toolchain/arm/arm-gnu-toolchain/bin/../lib/gcc/arm-none-eabi/6.3.1/../../../../arm-none-eabi/lib/thumb/v7e-m\libc.a
END GROUP
LOAD c:/program files (x86)/atmel/studio/7.0/toolchain/arm/arm-gnu-toolchain/bin/../lib/gcc/arm-none-eabi/6.3.1/thumb/v7e-m/crtend.o
LOAD c:/program files (x86)/atmel/studio/7.0/toolchain/arm/arm-gnu-toolchain/bin/../lib/gcc/arm-none-eabi/6.3.1/thumb/v7e-m/crtn.o
                0x00002000                STACK_SIZE = DEFINED (STACK_SIZE)?STACK_SIZE:0x2000
                0x2045fffc                __ram_end__ = ((ORIGIN (ram) + LENGTH (ram)) - 0x4)
                0x00000200                HEAP_SIZE = DEFINED (HEAP_SIZE)?HEAP_SIZE:0x200

.text           0x00400000    0x353fc
                0x00400000                . = ALIGN (0x4)
                0x00400000                _sfixed = .
 *(.vectors .vectors.*)
 .vectors       0x00400000      0x168 src/ASF/sam/utils/cmsis/same70/source/templates/gcc/startup_same70.o
                0x00400000                exception_table
 *(.text .text.* .gnu.linkonce.t.*)
 .text          0x00400168       0x6c c:/program files (x86)/atmel/studio/7.0/toolchain/arm/arm-gnu-toolchain/bin/../lib/gcc/arm-none-eabi/6.3.1/thumb/v7e-m/crtbegin.o
 .text.rtc_set_hour_mode
                0x004001d4       0x36 src/ASF/sam/drivers/rtc/rtc.o
                0x004001d4                rtc_set_hour_mode
 .text.rtc_enable_interrupt
                0x0040020a       0x1c src/ASF/sam/drivers/rtc/rtc.o
                0x0040020a                rtc_enable_interrupt
 .text.rtc_get_time
                0x00400226       0xc4 src/ASF/sam/drivers/rtc/rtc.o
                0x00400226                rtc_get_time
 *fill*         0x004002ea        0x2 
 .text.rtc_set_time
                0x004002ec      0x108 src/ASF/sam/drivers/rtc/rtc.o
                0x004002ec                rtc_set_time
 .text.rtc_set_time_alarm
                0x004003f4      0x100 src/ASF/sam/drivers/rtc/rtc.o
                0x004003f4                rtc_set_time_alarm
 .text.rtc_set_date
                0x004004f4      0x140 src/ASF/sam/drivers/rtc/rtc.o
                0x004004f4                rtc_set_date
 .text.rtc_set_date_alarm
                0x00400634       0xb0 src/ASF/sam/drivers/rtc/rtc.o
                0x00400634                rtc_set_date_alarm
 .text.rtc_get_status
                0x004006e4       0x18 src/ASF/sam/drivers/rtc/rtc.o
                0x004006e4                rtc_get_status
 .text.rtc_clear_status
                0x004006fc       0x1c src/ASF/sam/drivers/rtc/rtc.o
                0x004006fc                rtc_clear_status
 .text.rtt_init
                0x00400718       0x30 src/ASF/sam/drivers/rtt/rtt.o
                0x00400718                rtt_init
 .text.rtt_sel_source
                0x00400748       0x58 src/ASF/sam/drivers/rtt/rtt.o
                0x00400748                rtt_sel_source
 .text.rtt_enable_interrupt
                0x004007a0       0x38 src/ASF/sam/drivers/rtt/rtt.o
                0x004007a0                rtt_enable_interrupt
 .text.rtt_disable_interrupt
                0x004007d8       0x40 src/ASF/sam/drivers/rtt/rtt.o
                0x004007d8                rtt_disable_interrupt
 .text.rtt_read_timer_value
                0x00400818       0x2e src/ASF/sam/drivers/rtt/rtt.o
                0x00400818                rtt_read_timer_value
 .text.rtt_get_status
                0x00400846       0x18 src/ASF/sam/drivers/rtt/rtt.o
                0x00400846                rtt_get_status
 *fill*         0x0040085e        0x2 
 .text.rtt_write_alarm_time
                0x00400860       0x5c src/ASF/sam/drivers/rtt/rtt.o
                0x00400860                rtt_write_alarm_time
 .text.NVIC_EnableIRQ
                0x004008bc       0x34 src/main.o
 .text.NVIC_DisableIRQ
                0x004008f0       0x34 src/main.o
 .text.NVIC_ClearPendingIRQ
                0x00400924       0x34 src/main.o
 .text.NVIC_SetPriority
                0x00400958       0x54 src/main.o
 *fill*         0x004009ac        0x4 
 .text.RTT_Handler
                0x004009b0      0x150 src/main.o
                0x004009b0                RTT_Handler
 .text.Button1_Handler
                0x00400b00       0x34 src/main.o
 .text.Button2_Handler
                0x00400b34       0x30 src/main.o
 .text.BUT_init
                0x00400b64       0xb0 src/main.o
                0x00400b64                BUT_init
 .text.pin_toggle
                0x00400c14       0x40 src/main.o
                0x00400c14                pin_toggle
 .text.io_init  0x00400c54       0x2c src/main.o
                0x00400c54                io_init
 .text.RTT_init
                0x00400c80       0x98 src/main.o
 .text.configure_lcd
                0x00400d18       0x4c src/main.o
                0x00400d18                configure_lcd
 .text.font_draw_text
                0x00400d64       0x88 src/main.o
                0x00400d64                font_draw_text
 .text.draw_display
                0x00400dec      0x144 src/main.o
                0x00400dec                draw_display
 .text.RTC_init
                0x00400f30       0x84 src/main.o
                0x00400f30                RTC_init
 .text.RTC_Handler
                0x00400fb4      0x114 src/main.o
                0x00400fb4                RTC_Handler
 .text.main     0x004010c8       0xcc src/main.o
                0x004010c8                main
 .text.osc_get_rate
                0x00401194       0x74 src/ASF/common/services/spi/sam_spi/spi_master.o
 .text.sysclk_get_main_hz
                0x00401208       0x20 src/ASF/common/services/spi/sam_spi/spi_master.o
 .text.sysclk_get_peripheral_hz
                0x00401228       0x14 src/ASF/common/services/spi/sam_spi/spi_master.o
 .text.spi_reset
                0x0040123c       0x1a src/ASF/common/services/spi/sam_spi/spi_master.o
 .text.spi_set_master_mode
                0x00401256       0x20 src/ASF/common/services/spi/sam_spi/spi_master.o
 .text.spi_set_fixed_peripheral_select
                0x00401276       0x20 src/ASF/common/services/spi/sam_spi/spi_master.o
 .text.spi_disable_peripheral_select_decode
                0x00401296       0x20 src/ASF/common/services/spi/sam_spi/spi_master.o
 .text.spi_get_peripheral_select_decode_setting
                0x004012b6       0x26 src/ASF/common/services/spi/sam_spi/spi_master.o
 .text.spi_disable_mode_fault_detect
                0x004012dc       0x20 src/ASF/common/services/spi/sam_spi/spi_master.o
 .text.spi_disable_loopback
                0x004012fc       0x20 src/ASF/common/services/spi/sam_spi/spi_master.o
 .text.spi_put  0x0040131c       0x1e src/ASF/common/services/spi/sam_spi/spi_master.o
 .text.spi_get  0x0040133a       0x1a src/ASF/common/services/spi/sam_spi/spi_master.o
 .text.spi_is_tx_ready
                0x00401354       0x26 src/ASF/common/services/spi/sam_spi/spi_master.o
 .text.spi_is_rx_ready
                0x0040137a       0x2c src/ASF/common/services/spi/sam_spi/spi_master.o
 *fill*         0x004013a6        0x2 
 .text.spi_write_single
                0x004013a8       0x24 src/ASF/common/services/spi/sam_spi/spi_master.o
 .text.spi_read_single
                0x004013cc       0x24 src/ASF/common/services/spi/sam_spi/spi_master.o
 .text.spi_master_init
                0x004013f0       0x70 src/ASF/common/services/spi/sam_spi/spi_master.o
                0x004013f0                spi_master_init
 .text.spi_master_setup_device
                0x00401460       0xb4 src/ASF/common/services/spi/sam_spi/spi_master.o
                0x00401460                spi_master_setup_device
 .text.spi_select_device
                0x00401514       0x58 src/ASF/common/services/spi/sam_spi/spi_master.o
                0x00401514                spi_select_device
 .text.spi_write_packet
                0x0040156c       0x74 src/ASF/common/services/spi/sam_spi/spi_master.o
                0x0040156c                spi_write_packet
 .text.spi_read_packet
                0x004015e0       0xac src/ASF/common/services/spi/sam_spi/spi_master.o
                0x004015e0                spi_read_packet
 .text.spi_enable
                0x0040168c       0x1a src/ASF/sam/components/display/ili9488/ili9488.o
 .text.spi_enable_interrupt
                0x004016a6       0x1c src/ASF/sam/components/display/ili9488/ili9488.o
 *fill*         0x004016c2        0x2 
 .text.ili9488_write_ram_prepare
                0x004016c4       0x40 src/ASF/sam/components/display/ili9488/ili9488.o
 .text.ili9488_write_ram_buffer
                0x00401704       0x40 src/ASF/sam/components/display/ili9488/ili9488.o
 .text.ili9488_write_register
                0x00401744       0x78 src/ASF/sam/components/display/ili9488/ili9488.o
 .text.ili9488_read_chipid
                0x004017bc       0xcc src/ASF/sam/components/display/ili9488/ili9488.o
 .text.ili9488_delay
                0x00401888       0x40 src/ASF/sam/components/display/ili9488/ili9488.o
                0x00401888                ili9488_delay
 .text.ili9488_check_box_coordinates
                0x004018c8       0xa2 src/ASF/sam/components/display/ili9488/ili9488.o
 *fill*         0x0040196a        0x2 
 .text.ili9488_set_display_direction
                0x0040196c       0x34 src/ASF/sam/components/display/ili9488/ili9488.o
                0x0040196c                ili9488_set_display_direction
 .text.ili9488_set_window
                0x004019a0       0xc8 src/ASF/sam/components/display/ili9488/ili9488.o
                0x004019a0                ili9488_set_window
 .text.ili9488_init
                0x00401a68      0x15c src/ASF/sam/components/display/ili9488/ili9488.o
                0x00401a68                ili9488_init
 .text.ili9488_display_on
                0x00401bc4       0x18 src/ASF/sam/components/display/ili9488/ili9488.o
                0x00401bc4                ili9488_display_on
 .text.ili9488_set_foreground_color
                0x00401bdc       0x54 src/ASF/sam/components/display/ili9488/ili9488.o
                0x00401bdc                ili9488_set_foreground_color
 .text.ili9488_set_cursor_position
                0x00401c30       0x84 src/ASF/sam/components/display/ili9488/ili9488.o
                0x00401c30                ili9488_set_cursor_position
 .text.ili9488_draw_filled_rectangle
                0x00401cb4       0xdc src/ASF/sam/components/display/ili9488/ili9488.o
                0x00401cb4                ili9488_draw_filled_rectangle
 .text.ili9488_draw_pixmap
                0x00401d90       0xb4 src/ASF/sam/components/display/ili9488/ili9488.o
                0x00401d90                ili9488_draw_pixmap
 .text.spi_get_peripheral_select_mode
                0x00401e44       0x26 src/ASF/sam/drivers/spi/spi.o
 *fill*         0x00401e6a        0x2 
 .text.sysclk_enable_peripheral_clock
                0x00401e6c       0x1c src/ASF/sam/drivers/spi/spi.o
 .text.spi_enable_clock
                0x00401e88       0x3c src/ASF/sam/drivers/spi/spi.o
                0x00401e88                spi_enable_clock
 .text.spi_set_peripheral_chip_select_value
                0x00401ec4       0x34 src/ASF/sam/drivers/spi/spi.o
                0x00401ec4                spi_set_peripheral_chip_select_value
 .text.spi_set_delay_between_chip_select
                0x00401ef8       0x30 src/ASF/sam/drivers/spi/spi.o
                0x00401ef8                spi_set_delay_between_chip_select
 .text.spi_write
                0x00401f28       0x80 src/ASF/sam/drivers/spi/spi.o
                0x00401f28                spi_write
 .text.spi_set_clock_polarity
                0x00401fa8       0x50 src/ASF/sam/drivers/spi/spi.o
                0x00401fa8                spi_set_clock_polarity
 .text.spi_set_clock_phase
                0x00401ff8       0x50 src/ASF/sam/drivers/spi/spi.o
                0x00401ff8                spi_set_clock_phase
 .text.spi_configure_cs_behavior
                0x00402048       0xa6 src/ASF/sam/drivers/spi/spi.o
                0x00402048                spi_configure_cs_behavior
 .text.spi_set_bits_per_transfer
                0x004020ee       0x4a src/ASF/sam/drivers/spi/spi.o
                0x004020ee                spi_set_bits_per_transfer
 .text.spi_calc_baudrate_div
                0x00402138       0x3c src/ASF/sam/drivers/spi/spi.o
                0x00402138                spi_calc_baudrate_div
 .text.spi_set_baudrate_div
                0x00402174       0x5e src/ASF/sam/drivers/spi/spi.o
                0x00402174                spi_set_baudrate_div
 .text.spi_set_transfer_delay
                0x004021d2       0x5e src/ASF/sam/drivers/spi/spi.o
                0x004021d2                spi_set_transfer_delay
 .text.osc_enable
                0x00402230       0x88 src/ASF/common/services/clock/same70/sysclk.o
 .text.osc_is_ready
                0x004022b8       0x70 src/ASF/common/services/clock/same70/sysclk.o
 .text.osc_get_rate
                0x00402328       0x74 src/ASF/common/services/clock/same70/sysclk.o
 .text.osc_wait_ready
                0x0040239c       0x2c src/ASF/common/services/clock/same70/sysclk.o
 .text.pll_config_init
                0x004023c8       0x6c src/ASF/common/services/clock/same70/sysclk.o
 .text.pll_enable
                0x00402434       0x40 src/ASF/common/services/clock/same70/sysclk.o
 .text.pll_is_locked
                0x00402474       0x2c src/ASF/common/services/clock/same70/sysclk.o
 .text.pll_enable_source
                0x004024a0       0x38 src/ASF/common/services/clock/same70/sysclk.o
 .text.pll_wait_for_lock
                0x004024d8       0x24 src/ASF/common/services/clock/same70/sysclk.o
 .text.sysclk_get_main_hz
                0x004024fc       0x20 src/ASF/common/services/clock/same70/sysclk.o
 .text.sysclk_get_cpu_hz
                0x0040251c       0x14 src/ASF/common/services/clock/same70/sysclk.o
 .text.sysclk_init
                0x00402530       0x7c src/ASF/common/services/clock/same70/sysclk.o
                0x00402530                sysclk_init
 .text.SCB_EnableICache
                0x004025ac       0x38 src/ASF/sam/boards/same70_xplained/init.o
 .text.SCB_EnableDCache
                0x004025e4       0xa4 src/ASF/sam/boards/same70_xplained/init.o
 .text.sysclk_enable_peripheral_clock
                0x00402688       0x1c src/ASF/sam/boards/same70_xplained/init.o
 .text.ioport_init
                0x004026a4       0x2c src/ASF/sam/boards/same70_xplained/init.o
 .text.ioport_set_pin_mode
                0x004026d0      0x11c src/ASF/sam/boards/same70_xplained/init.o
 .text.ioport_set_pin_dir
                0x004027ec       0x88 src/ASF/sam/boards/same70_xplained/init.o
 .text.ioport_set_pin_level
                0x00402874       0x6c src/ASF/sam/boards/same70_xplained/init.o
 .text.ioport_set_pin_sense_mode
                0x004028e0       0xd0 src/ASF/sam/boards/same70_xplained/init.o
 .text.tcm_disable
                0x004029b0       0x44 src/ASF/sam/boards/same70_xplained/init.o
 .text.board_init
                0x004029f4      0x188 src/ASF/sam/boards/same70_xplained/init.o
                0x004029f4                board_init
 .text.pio_pull_up
                0x00402b7c       0x2c src/ASF/sam/drivers/pio/pio.o
                0x00402b7c                pio_pull_up
 .text.pio_set  0x00402ba8       0x1c src/ASF/sam/drivers/pio/pio.o
                0x00402ba8                pio_set
 .text.pio_clear
                0x00402bc4       0x1c src/ASF/sam/drivers/pio/pio.o
                0x00402bc4                pio_clear
 .text.pio_set_peripheral
                0x00402be0      0x110 src/ASF/sam/drivers/pio/pio.o
                0x00402be0                pio_set_peripheral
 .text.pio_set_input
                0x00402cf0       0x80 src/ASF/sam/drivers/pio/pio.o
                0x00402cf0                pio_set_input
 .text.pio_set_output
                0x00402d70       0x64 src/ASF/sam/drivers/pio/pio.o
                0x00402d70                pio_set_output
 .text.pio_configure
                0x00402dd4       0xcc src/ASF/sam/drivers/pio/pio.o
                0x00402dd4                pio_configure
 .text.pio_get_output_data_status
                0x00402ea0       0x28 src/ASF/sam/drivers/pio/pio.o
                0x00402ea0                pio_get_output_data_status
 .text.pio_configure_interrupt
                0x00402ec8       0x6c src/ASF/sam/drivers/pio/pio.o
                0x00402ec8                pio_configure_interrupt
 .text.pio_enable_interrupt
                0x00402f34       0x1c src/ASF/sam/drivers/pio/pio.o
                0x00402f34                pio_enable_interrupt
 .text.pio_disable_interrupt
                0x00402f50       0x1c src/ASF/sam/drivers/pio/pio.o
                0x00402f50                pio_disable_interrupt
 .text.pio_get_interrupt_status
                0x00402f6c       0x18 src/ASF/sam/drivers/pio/pio.o
                0x00402f6c                pio_get_interrupt_status
 .text.pio_get_interrupt_mask
                0x00402f84       0x18 src/ASF/sam/drivers/pio/pio.o
                0x00402f84                pio_get_interrupt_mask
 .text.pio_set_pin_high
                0x00402f9c       0x30 src/ASF/sam/drivers/pio/pio.o
                0x00402f9c                pio_set_pin_high
 .text.pio_set_pin_low
                0x00402fcc       0x30 src/ASF/sam/drivers/pio/pio.o
                0x00402fcc                pio_set_pin_low
 .text.pio_configure_pin
                0x00402ffc      0x1b0 src/ASF/sam/drivers/pio/pio.o
                0x00402ffc                pio_configure_pin
 .text.pio_get_pin_group
                0x004031ac       0x28 src/ASF/sam/drivers/pio/pio.o
                0x004031ac                pio_get_pin_group
 .text.pio_handler_process
                0x004031d4       0xb4 src/ASF/sam/drivers/pio/pio_handler.o
                0x004031d4                pio_handler_process
 .text.pio_handler_set
                0x00403288       0xa0 src/ASF/sam/drivers/pio/pio_handler.o
                0x00403288                pio_handler_set
 .text.PIOA_Handler
                0x00403328       0x18 src/ASF/sam/drivers/pio/pio_handler.o
                0x00403328                PIOA_Handler
 .text.PIOB_Handler
                0x00403340       0x18 src/ASF/sam/drivers/pio/pio_handler.o
                0x00403340                PIOB_Handler
 .text.PIOC_Handler
                0x00403358       0x18 src/ASF/sam/drivers/pio/pio_handler.o
                0x00403358                PIOC_Handler
 .text.PIOD_Handler
                0x00403370       0x18 src/ASF/sam/drivers/pio/pio_handler.o
                0x00403370                PIOD_Handler
 .text.PIOE_Handler
                0x00403388       0x18 src/ASF/sam/drivers/pio/pio_handler.o
                0x00403388                PIOE_Handler
 .text.pmc_mck_set_division
                0x004033a0       0x7c src/ASF/sam/drivers/pmc/pmc.o
                0x004033a0                pmc_mck_set_division
 .text.pmc_switch_mck_to_pllack
                0x0040341c       0x84 src/ASF/sam/drivers/pmc/pmc.o
                0x0040341c                pmc_switch_mck_to_pllack
 .text.pmc_switch_sclk_to_32kxtal
                0x004034a0       0x38 src/ASF/sam/drivers/pmc/pmc.o
                0x004034a0                pmc_switch_sclk_to_32kxtal
 .text.pmc_osc_is_ready_32kxtal
                0x004034d8       0x34 src/ASF/sam/drivers/pmc/pmc.o
                0x004034d8                pmc_osc_is_ready_32kxtal
 .text.pmc_switch_mainck_to_fastrc
                0x0040350c       0x70 src/ASF/sam/drivers/pmc/pmc.o
                0x0040350c                pmc_switch_mainck_to_fastrc
 .text.pmc_switch_mainck_to_xtal
                0x0040357c       0x78 src/ASF/sam/drivers/pmc/pmc.o
                0x0040357c                pmc_switch_mainck_to_xtal
 .text.pmc_osc_is_ready_mainck
                0x004035f4       0x1c src/ASF/sam/drivers/pmc/pmc.o
                0x004035f4                pmc_osc_is_ready_mainck
 .text.pmc_disable_pllack
                0x00403610       0x1c src/ASF/sam/drivers/pmc/pmc.o
                0x00403610                pmc_disable_pllack
 .text.pmc_is_locked_pllack
                0x0040362c       0x1c src/ASF/sam/drivers/pmc/pmc.o
                0x0040362c                pmc_is_locked_pllack
 .text.pmc_is_locked_upll
                0x00403648       0x1c src/ASF/sam/drivers/pmc/pmc.o
                0x00403648                pmc_is_locked_upll
 .text.pmc_enable_periph_clk
                0x00403664       0x3c src/ASF/sam/drivers/pmc/pmc.o
                0x00403664                pmc_enable_periph_clk
 .text.pmc_set_flash_in_wait_mode
                0x004036a0       0x20 src/ASF/sam/drivers/pmc/pmc.o
                0x004036a0                pmc_set_flash_in_wait_mode
 .text.pmc_enable_waitmode
                0x004036c0       0x90 src/ASF/sam/drivers/pmc/pmc.o
                0x004036c0                pmc_enable_waitmode
 .text.pmc_sleep
                0x00403750      0x398 src/ASF/sam/drivers/pmc/sleep.o
                0x00403750                pmc_sleep
 .text.cpu_irq_save
                0x00403ae8       0x38 src/ASF/sam/utils/cmsis/same70/source/templates/gcc/startup_same70.o
 .text.cpu_irq_is_enabled_flags
                0x00403b20       0x20 src/ASF/sam/utils/cmsis/same70/source/templates/gcc/startup_same70.o
 .text.cpu_irq_restore
                0x00403b40       0x30 src/ASF/sam/utils/cmsis/same70/source/templates/gcc/startup_same70.o
 .text.Reset_Handler
                0x00403b70       0xb0 src/ASF/sam/utils/cmsis/same70/source/templates/gcc/startup_same70.o
                0x00403b70                Reset_Handler
 .text.Dummy_Handler
                0x00403c20        0x6 src/ASF/sam/utils/cmsis/same70/source/templates/gcc/startup_same70.o
                0x00403c20                DACC_Handler
                0x00403c20                DebugMon_Handler
                0x00403c20                UART3_Handler
                0x00403c20                UART2_Handler
                0x00403c20                TRNG_Handler
                0x00403c20                HardFault_Handler
                0x00403c20                TC2_Handler
                0x00403c20                SysTick_Handler
                0x00403c20                AFEC1_Handler
                0x00403c20                PendSV_Handler
                0x00403c20                NMI_Handler
                0x00403c20                TC7_Handler
                0x00403c20                QSPI_Handler
                0x00403c20                ISI_Handler
                0x00403c20                MCAN0_INT0_Handler
                0x00403c20                TC9_Handler
                0x00403c20                RSWDT_Handler
                0x00403c20                USART0_Handler
                0x00403c20                USBHS_Handler
                0x00403c20                IXC_Handler
                0x00403c20                CCF_Handler
                0x00403c20                UsageFault_Handler
                0x00403c20                TC6_Handler
                0x00403c20                WDT_Handler
                0x00403c20                MCAN1_INT1_Handler
                0x00403c20                TC4_Handler
                0x00403c20                TC1_Handler
                0x00403c20                HSMCI_Handler
                0x00403c20                UART1_Handler
                0x00403c20                TC3_Handler
                0x00403c20                Dummy_Handler
                0x00403c20                TWIHS1_Handler
                0x00403c20                XDMAC_Handler
                0x00403c20                UART4_Handler
                0x00403c20                PWM1_Handler
                0x00403c20                USART1_Handler
                0x00403c20                PWM0_Handler
                0x00403c20                AFEC0_Handler
                0x00403c20                CCW_Handler
                0x00403c20                TC11_Handler
                0x00403c20                SSC_Handler
                0x00403c20                ACC_Handler
                0x00403c20                PMC_Handler
                0x00403c20                GMAC_Handler
                0x00403c20                MCAN0_INT1_Handler
                0x00403c20                GMAC_Q5_Handler
                0x00403c20                MemManage_Handler
                0x00403c20                SUPC_Handler
                0x00403c20                SVC_Handler
                0x00403c20                TC8_Handler
                0x00403c20                MCAN1_INT0_Handler
                0x00403c20                EFC_Handler
                0x00403c20                GMAC_Q1_Handler
                0x00403c20                USART2_Handler
                0x00403c20                SDRAMC_Handler
                0x00403c20                GMAC_Q2_Handler
                0x00403c20                SPI1_Handler
                0x00403c20                TC10_Handler
                0x00403c20                GMAC_Q3_Handler
                0x00403c20                TWIHS2_Handler
                0x00403c20                I2SC0_Handler
                0x00403c20                UART0_Handler
                0x00403c20                I2SC1_Handler
                0x00403c20                GMAC_Q4_Handler
                0x00403c20                FPU_Handler
                0x00403c20                BusFault_Handler
                0x00403c20                RSTC_Handler
                0x00403c20                TC0_Handler
                0x00403c20                TC5_Handler
                0x00403c20                AES_Handler
                0x00403c20                ICM_Handler
                0x00403c20                TWIHS0_Handler
                0x00403c20                SPI0_Handler
 *fill*         0x00403c26        0x2 
 .text.SystemCoreClockUpdate
                0x00403c28      0x168 src/ASF/sam/utils/cmsis/same70/source/templates/system_same70.o
                0x00403c28                SystemCoreClockUpdate
 .text.system_init_flash
                0x00403d90       0xb0 src/ASF/sam/utils/cmsis/same70/source/templates/system_same70.o
                0x00403d90                system_init_flash
 .text._sbrk    0x00403e40       0x58 src/ASF/sam/utils/syscalls/gcc/syscalls.o
                0x00403e40                _sbrk
 .text          0x00403e98      0x370 c:/program files (x86)/atmel/studio/7.0/toolchain/arm/arm-gnu-toolchain/bin/../lib/gcc/arm-none-eabi/6.3.1/thumb/v7e-m\libgcc.a(_arm_addsubdf3.o)
                0x00403e98                __aeabi_drsub
                0x00403ea0                __aeabi_dsub
                0x00403ea0                __subdf3
                0x00403ea4                __aeabi_dadd
                0x00403ea4                __adddf3
                0x0040411c                __floatunsidf
                0x0040411c                __aeabi_ui2d
                0x0040413c                __floatsidf
                0x0040413c                __aeabi_i2d
                0x00404160                __aeabi_f2d
                0x00404160                __extendsfdf2
                0x0040419c                __floatundidf
                0x0040419c                __aeabi_ul2d
                0x004041ac                __floatdidf
                0x004041ac                __aeabi_l2d
 .text          0x00404208      0x424 c:/program files (x86)/atmel/studio/7.0/toolchain/arm/arm-gnu-toolchain/bin/../lib/gcc/arm-none-eabi/6.3.1/thumb/v7e-m\libgcc.a(_arm_muldivdf3.o)
                0x00404208                __aeabi_dmul
                0x00404208                __muldf3
                0x0040445c                __divdf3
                0x0040445c                __aeabi_ddiv
 .text          0x0040462c       0x40 c:/program files (x86)/atmel/studio/7.0/toolchain/arm/arm-gnu-toolchain/bin/../lib/gcc/arm-none-eabi/6.3.1/thumb/v7e-m\libgcc.a(_arm_fixunsdfsi.o)
                0x0040462c                __aeabi_d2uiz
                0x0040462c                __fixunsdfsi
 .text          0x0040466c       0xa0 c:/program files (x86)/atmel/studio/7.0/toolchain/arm/arm-gnu-toolchain/bin/../lib/gcc/arm-none-eabi/6.3.1/thumb/v7e-m\libgcc.a(_arm_truncdfsf2.o)
                0x0040466c                __truncdfsf2
                0x0040466c                __aeabi_d2f
 .text.__libc_init_array
                0x0040470c       0x50 c:/program files (x86)/atmel/studio/7.0/toolchain/arm/arm-gnu-toolchain/bin/../lib/gcc/arm-none-eabi/6.3.1/../../../../arm-none-eabi/lib/thumb/v7e-m\libc.a(lib_a-init.o)
                0x0040470c                __libc_init_array
 .text.memset   0x0040475c       0x9c c:/program files (x86)/atmel/studio/7.0/toolchain/arm/arm-gnu-toolchain/bin/../lib/gcc/arm-none-eabi/6.3.1/../../../../arm-none-eabi/lib/thumb/v7e-m\libc.a(lib_a-memset.o)
                0x0040475c                memset
 .text.sprintf  0x004047f8       0x4c c:/program files (x86)/atmel/studio/7.0/toolchain/arm/arm-gnu-toolchain/bin/../lib/gcc/arm-none-eabi/6.3.1/../../../../arm-none-eabi/lib/thumb/v7e-m\libc.a(lib_a-sprintf.o)
                0x004047f8                sprintf
 .text._svfprintf_r
                0x00404844     0x145c c:/program files (x86)/atmel/studio/7.0/toolchain/arm/arm-gnu-toolchain/bin/../lib/gcc/arm-none-eabi/6.3.1/../../../../arm-none-eabi/lib/thumb/v7e-m\libc.a(lib_a-svfprintf.o)
                0x00404844                _svfprintf_r
 .text.startup.register_fini
                0x00405ca0       0x14 c:/program files (x86)/atmel/studio/7.0/toolchain/arm/arm-gnu-toolchain/bin/../lib/gcc/arm-none-eabi/6.3.1/../../../../arm-none-eabi/lib/thumb/v7e-m\libc.a(lib_a-__call_atexit.o)
 .text.atexit   0x00405cb4        0xc c:/program files (x86)/atmel/studio/7.0/toolchain/arm/arm-gnu-toolchain/bin/../lib/gcc/arm-none-eabi/6.3.1/../../../../arm-none-eabi/lib/thumb/v7e-m\libc.a(lib_a-atexit.o)
                0x00405cb4                atexit
 .text.quorem   0x00405cc0      0x128 c:/program files (x86)/atmel/studio/7.0/toolchain/arm/arm-gnu-toolchain/bin/../lib/gcc/arm-none-eabi/6.3.1/../../../../arm-none-eabi/lib/thumb/v7e-m\libc.a(lib_a-dtoa.o)
 .text._dtoa_r  0x00405de8      0xe54 c:/program files (x86)/atmel/studio/7.0/toolchain/arm/arm-gnu-toolchain/bin/../lib/gcc/arm-none-eabi/6.3.1/../../../../arm-none-eabi/lib/thumb/v7e-m\libc.a(lib_a-dtoa.o)
                0x00405de8                _dtoa_r
 .text.__libc_fini_array
                0x00406c3c       0x34 c:/program files (x86)/atmel/studio/7.0/toolchain/arm/arm-gnu-toolchain/bin/../lib/gcc/arm-none-eabi/6.3.1/../../../../arm-none-eabi/lib/thumb/v7e-m\libc.a(lib_a-fini.o)
                0x00406c3c                __libc_fini_array
 .text._localeconv_r
                0x00406c70       0x1c c:/program files (x86)/atmel/studio/7.0/toolchain/arm/arm-gnu-toolchain/bin/../lib/gcc/arm-none-eabi/6.3.1/../../../../arm-none-eabi/lib/thumb/v7e-m\libc.a(lib_a-localeconv.o)
                0x00406c70                _localeconv_r
 .text.__retarget_lock_acquire_recursive
                0x00406c8c        0x4 c:/program files (x86)/atmel/studio/7.0/toolchain/arm/arm-gnu-toolchain/bin/../lib/gcc/arm-none-eabi/6.3.1/../../../../arm-none-eabi/lib/thumb/v7e-m\libc.a(lib_a-lock.o)
                0x00406c8c                __retarget_lock_acquire_recursive
 .text.__retarget_lock_release_recursive
                0x00406c90        0x4 c:/program files (x86)/atmel/studio/7.0/toolchain/arm/arm-gnu-toolchain/bin/../lib/gcc/arm-none-eabi/6.3.1/../../../../arm-none-eabi/lib/thumb/v7e-m\libc.a(lib_a-lock.o)
                0x00406c90                __retarget_lock_release_recursive
 .text._malloc_r
                0x00406c94      0x560 c:/program files (x86)/atmel/studio/7.0/toolchain/arm/arm-gnu-toolchain/bin/../lib/gcc/arm-none-eabi/6.3.1/../../../../arm-none-eabi/lib/thumb/v7e-m\libc.a(lib_a-mallocr.o)
                0x00406c94                _malloc_r
 *fill*         0x004071f4        0xc 
 .text          0x00407200       0xa0 c:/program files (x86)/atmel/studio/7.0/toolchain/arm/arm-gnu-toolchain/bin/../lib/gcc/arm-none-eabi/6.3.1/../../../../arm-none-eabi/lib/thumb/v7e-m\libc.a(lib_a-memchr.o)
                0x00407200                memchr
 .text          0x004072a0      0x134 c:/program files (x86)/atmel/studio/7.0/toolchain/arm/arm-gnu-toolchain/bin/../lib/gcc/arm-none-eabi/6.3.1/../../../../arm-none-eabi/lib/thumb/v7e-m\libc.a(lib_a-memcpy.o)
                0x004072a0                memcpy
 .text.__malloc_lock
                0x004073d4        0xc c:/program files (x86)/atmel/studio/7.0/toolchain/arm/arm-gnu-toolchain/bin/../lib/gcc/arm-none-eabi/6.3.1/../../../../arm-none-eabi/lib/thumb/v7e-m\libc.a(lib_a-mlock.o)
                0x004073d4                __malloc_lock
 .text.__malloc_unlock
                0x004073e0        0xc c:/program files (x86)/atmel/studio/7.0/toolchain/arm/arm-gnu-toolchain/bin/../lib/gcc/arm-none-eabi/6.3.1/../../../../arm-none-eabi/lib/thumb/v7e-m\libc.a(lib_a-mlock.o)
                0x004073e0                __malloc_unlock
 .text._Balloc  0x004073ec       0x4c c:/program files (x86)/atmel/studio/7.0/toolchain/arm/arm-gnu-toolchain/bin/../lib/gcc/arm-none-eabi/6.3.1/../../../../arm-none-eabi/lib/thumb/v7e-m\libc.a(lib_a-mprec.o)
                0x004073ec                _Balloc
 .text._Bfree   0x00407438       0x14 c:/program files (x86)/atmel/studio/7.0/toolchain/arm/arm-gnu-toolchain/bin/../lib/gcc/arm-none-eabi/6.3.1/../../../../arm-none-eabi/lib/thumb/v7e-m\libc.a(lib_a-mprec.o)
                0x00407438                _Bfree
 .text.__multadd
                0x0040744c       0x80 c:/program files (x86)/atmel/studio/7.0/toolchain/arm/arm-gnu-toolchain/bin/../lib/gcc/arm-none-eabi/6.3.1/../../../../arm-none-eabi/lib/thumb/v7e-m\libc.a(lib_a-mprec.o)
                0x0040744c                __multadd
 .text.__hi0bits
                0x004074cc       0x40 c:/program files (x86)/atmel/studio/7.0/toolchain/arm/arm-gnu-toolchain/bin/../lib/gcc/arm-none-eabi/6.3.1/../../../../arm-none-eabi/lib/thumb/v7e-m\libc.a(lib_a-mprec.o)
                0x004074cc                __hi0bits
 .text.__lo0bits
                0x0040750c       0x60 c:/program files (x86)/atmel/studio/7.0/toolchain/arm/arm-gnu-toolchain/bin/../lib/gcc/arm-none-eabi/6.3.1/../../../../arm-none-eabi/lib/thumb/v7e-m\libc.a(lib_a-mprec.o)
                0x0040750c                __lo0bits
 .text.__i2b    0x0040756c       0x14 c:/program files (x86)/atmel/studio/7.0/toolchain/arm/arm-gnu-toolchain/bin/../lib/gcc/arm-none-eabi/6.3.1/../../../../arm-none-eabi/lib/thumb/v7e-m\libc.a(lib_a-mprec.o)
                0x0040756c                __i2b
 .text.__multiply
                0x00407580      0x124 c:/program files (x86)/atmel/studio/7.0/toolchain/arm/arm-gnu-toolchain/bin/../lib/gcc/arm-none-eabi/6.3.1/../../../../arm-none-eabi/lib/thumb/v7e-m\libc.a(lib_a-mprec.o)
                0x00407580                __multiply
 .text.__pow5mult
                0x004076a4       0xa0 c:/program files (x86)/atmel/studio/7.0/toolchain/arm/arm-gnu-toolchain/bin/../lib/gcc/arm-none-eabi/6.3.1/../../../../arm-none-eabi/lib/thumb/v7e-m\libc.a(lib_a-mprec.o)
                0x004076a4                __pow5mult
 .text.__lshift
                0x00407744       0xa4 c:/program files (x86)/atmel/studio/7.0/toolchain/arm/arm-gnu-toolchain/bin/../lib/gcc/arm-none-eabi/6.3.1/../../../../arm-none-eabi/lib/thumb/v7e-m\libc.a(lib_a-mprec.o)
                0x00407744                __lshift
 .text.__mcmp   0x004077e8       0x38 c:/program files (x86)/atmel/studio/7.0/toolchain/arm/arm-gnu-toolchain/bin/../lib/gcc/arm-none-eabi/6.3.1/../../../../arm-none-eabi/lib/thumb/v7e-m\libc.a(lib_a-mprec.o)
                0x004077e8                __mcmp
 .text.__mdiff  0x00407820      0x108 c:/program files (x86)/atmel/studio/7.0/toolchain/arm/arm-gnu-toolchain/bin/../lib/gcc/arm-none-eabi/6.3.1/../../../../arm-none-eabi/lib/thumb/v7e-m\libc.a(lib_a-mprec.o)
                0x00407820                __mdiff
 .text.__d2b    0x00407928       0xb8 c:/program files (x86)/atmel/studio/7.0/toolchain/arm/arm-gnu-toolchain/bin/../lib/gcc/arm-none-eabi/6.3.1/../../../../arm-none-eabi/lib/thumb/v7e-m\libc.a(lib_a-mprec.o)
                0x00407928                __d2b
 .text._sbrk_r  0x004079e0       0x24 c:/program files (x86)/atmel/studio/7.0/toolchain/arm/arm-gnu-toolchain/bin/../lib/gcc/arm-none-eabi/6.3.1/../../../../arm-none-eabi/lib/thumb/v7e-m\libc.a(lib_a-sbrkr.o)
                0x004079e0                _sbrk_r
 *fill*         0x00407a04       0x3c 
 .text          0x00407a40       0xdc c:/program files (x86)/atmel/studio/7.0/toolchain/arm/arm-gnu-toolchain/bin/../lib/gcc/arm-none-eabi/6.3.1/../../../../arm-none-eabi/lib/thumb/v7e-m\libc.a(lib_a-strlen.o)
                0x00407a40                strlen
 .text.__ssprint_r
                0x00407b1c       0xfc c:/program files (x86)/atmel/studio/7.0/toolchain/arm/arm-gnu-toolchain/bin/../lib/gcc/arm-none-eabi/6.3.1/../../../../arm-none-eabi/lib/thumb/v7e-m\libc.a(lib_a-svfiprintf.o)
                0x00407b1c                __ssprint_r
 .text.__register_exitproc
                0x00407c18       0xc4 c:/program files (x86)/atmel/studio/7.0/toolchain/arm/arm-gnu-toolchain/bin/../lib/gcc/arm-none-eabi/6.3.1/../../../../arm-none-eabi/lib/thumb/v7e-m\libc.a(lib_a-__atexit.o)
                0x00407c18                __register_exitproc
 .text._calloc_r
                0x00407cdc       0x60 c:/program files (x86)/atmel/studio/7.0/toolchain/arm/arm-gnu-toolchain/bin/../lib/gcc/arm-none-eabi/6.3.1/../../../../arm-none-eabi/lib/thumb/v7e-m\libc.a(lib_a-callocr.o)
                0x00407cdc                _calloc_r
 .text._malloc_trim_r
                0x00407d3c       0xa0 c:/program files (x86)/atmel/studio/7.0/toolchain/arm/arm-gnu-toolchain/bin/../lib/gcc/arm-none-eabi/6.3.1/../../../../arm-none-eabi/lib/thumb/v7e-m\libc.a(lib_a-freer.o)
                0x00407d3c                _malloc_trim_r
 .text._free_r  0x00407ddc      0x1cc c:/program files (x86)/atmel/studio/7.0/toolchain/arm/arm-gnu-toolchain/bin/../lib/gcc/arm-none-eabi/6.3.1/../../../../arm-none-eabi/lib/thumb/v7e-m\libc.a(lib_a-freer.o)
                0x00407ddc                _free_r
 .text.__ascii_mbtowc
                0x00407fa8       0x2c c:/program files (x86)/atmel/studio/7.0/toolchain/arm/arm-gnu-toolchain/bin/../lib/gcc/arm-none-eabi/6.3.1/../../../../arm-none-eabi/lib/thumb/v7e-m\libc.a(lib_a-mbtowc_r.o)
                0x00407fa8                __ascii_mbtowc
 .text.memmove  0x00407fd4       0xc8 c:/program files (x86)/atmel/studio/7.0/toolchain/arm/arm-gnu-toolchain/bin/../lib/gcc/arm-none-eabi/6.3.1/../../../../arm-none-eabi/lib/thumb/v7e-m\libc.a(lib_a-memmove.o)
                0x00407fd4                memmove
 .text._realloc_r
                0x0040809c      0x34c c:/program files (x86)/atmel/studio/7.0/toolchain/arm/arm-gnu-toolchain/bin/../lib/gcc/arm-none-eabi/6.3.1/../../../../arm-none-eabi/lib/thumb/v7e-m\libc.a(lib_a-reallocr.o)
                0x0040809c                _realloc_r
 .text.__ascii_wctomb
                0x004083e8       0x1c c:/program files (x86)/atmel/studio/7.0/toolchain/arm/arm-gnu-toolchain/bin/../lib/gcc/arm-none-eabi/6.3.1/../../../../arm-none-eabi/lib/thumb/v7e-m\libc.a(lib_a-wctomb_r.o)
                0x004083e8                __ascii_wctomb
 .text          0x00408404      0x110 c:/program files (x86)/atmel/studio/7.0/toolchain/arm/arm-gnu-toolchain/bin/../lib/gcc/arm-none-eabi/6.3.1/thumb/v7e-m\libgcc.a(_arm_cmpdf2.o)
                0x00408404                __gtdf2
                0x00408404                __gedf2
                0x0040840c                __ltdf2
                0x0040840c                __ledf2
                0x00408414                __nedf2
                0x00408414                __eqdf2
                0x00408414                __cmpdf2
                0x00408490                __aeabi_cdrcmple
                0x004084a0                __aeabi_cdcmpeq
                0x004084a0                __aeabi_cdcmple
                0x004084b0                __aeabi_dcmpeq
                0x004084c4                __aeabi_dcmplt
                0x004084d8                __aeabi_dcmple
                0x004084ec                __aeabi_dcmpge
                0x00408500                __aeabi_dcmpgt
 .text          0x00408514       0x2c c:/program files (x86)/atmel/studio/7.0/toolchain/arm/arm-gnu-toolchain/bin/../lib/gcc/arm-none-eabi/6.3.1/thumb/v7e-m\libgcc.a(_arm_unorddf2.o)
                0x00408514                __unorddf2
                0x00408514                __aeabi_dcmpun
 .text          0x00408540       0x50 c:/program files (x86)/atmel/studio/7.0/toolchain/arm/arm-gnu-toolchain/bin/../lib/gcc/arm-none-eabi/6.3.1/thumb/v7e-m\libgcc.a(_arm_fixdfsi.o)
                0x00408540                __aeabi_d2iz
                0x00408540                __fixdfsi
 .text          0x00408590       0x30 c:/program files (x86)/atmel/studio/7.0/toolchain/arm/arm-gnu-toolchain/bin/../lib/gcc/arm-none-eabi/6.3.1/thumb/v7e-m\libgcc.a(_aeabi_uldivmod.o)
                0x00408590                __aeabi_uldivmod
 .text          0x004085c0      0x2dc c:/program files (x86)/atmel/studio/7.0/toolchain/arm/arm-gnu-toolchain/bin/../lib/gcc/arm-none-eabi/6.3.1/thumb/v7e-m\libgcc.a(_udivmoddi4.o)
                0x004085c0                __udivmoddi4
 .text          0x0040889c        0x4 c:/program files (x86)/atmel/studio/7.0/toolchain/arm/arm-gnu-toolchain/bin/../lib/gcc/arm-none-eabi/6.3.1/thumb/v7e-m\libgcc.a(_dvmd_tls.o)
                0x0040889c                __aeabi_idiv0
                0x0040889c                __aeabi_ldiv0
 *(.glue_7t)
 .glue_7t       0x004088a0        0x0 linker stubs
 *(.glue_7)
 .glue_7        0x004088a0        0x0 linker stubs
 *(.rodata .rodata* .gnu.linkonce.r.*)
 .rodata.image_data_calibri_36_0x20
                0x004088a0      0x378 src/main.o
 .rodata.calibri_36_0x20
                0x00408c18       0x10 src/main.o
 .rodata.image_data_calibri_36_0x21
                0x00408c28      0x534 src/main.o
 .rodata.calibri_36_0x21
                0x0040915c       0x10 src/main.o
 .rodata.image_data_calibri_36_0x22
                0x0040916c      0x612 src/main.o
 *fill*         0x0040977e        0x2 
 .rodata.calibri_36_0x22
                0x00409780       0x10 src/main.o
 .rodata.image_data_calibri_36_0x23
                0x00409790      0x7ce src/main.o
 *fill*         0x00409f5e        0x2 
 .rodata.calibri_36_0x23
                0x00409f60       0x10 src/main.o
 .rodata.image_data_calibri_36_0x24
                0x00409f70      0x7ce src/main.o
 *fill*         0x0040a73e        0x2 
 .rodata.calibri_36_0x24
                0x0040a740       0x10 src/main.o
 .rodata.image_data_calibri_36_0x25
                0x0040a750      0xb46 src/main.o
 *fill*         0x0040b296        0x2 
 .rodata.calibri_36_0x25
                0x0040b298       0x10 src/main.o
 .rodata.image_data_calibri_36_0x26
                0x0040b2a8      0xad7 src/main.o
 *fill*         0x0040bd7f        0x1 
 .rodata.calibri_36_0x26
                0x0040bd80       0x10 src/main.o
 .rodata.image_data_calibri_36_0x27
                0x0040bd90      0x378 src/main.o
 .rodata.calibri_36_0x27
                0x0040c108       0x10 src/main.o
 .rodata.image_data_calibri_36_0x28
                0x0040c118      0x4c5 src/main.o
 *fill*         0x0040c5dd        0x3 
 .rodata.calibri_36_0x28
                0x0040c5e0       0x10 src/main.o
 .rodata.image_data_calibri_36_0x29
                0x0040c5f0      0x4c5 src/main.o
 *fill*         0x0040cab5        0x3 
 .rodata.calibri_36_0x29
                0x0040cab8       0x10 src/main.o
 .rodata.image_data_calibri_36_0x2a
                0x0040cac8      0x7ce src/main.o
 *fill*         0x0040d296        0x2 
 .rodata.calibri_36_0x2a
                0x0040d298       0x10 src/main.o
 .rodata.image_data_calibri_36_0x2b
                0x0040d2a8      0x7ce src/main.o
 *fill*         0x0040da76        0x2 
 .rodata.calibri_36_0x2b
                0x0040da78       0x10 src/main.o
 .rodata.image_data_calibri_36_0x2c
                0x0040da88      0x3e7 src/main.o
 *fill*         0x0040de6f        0x1 
 .rodata.calibri_36_0x2c
                0x0040de70       0x10 src/main.o
 .rodata.image_data_calibri_36_0x2d
                0x0040de80      0x4c5 src/main.o
 *fill*         0x0040e345        0x3 
 .rodata.calibri_36_0x2d
                0x0040e348       0x10 src/main.o
 .rodata.image_data_calibri_36_0x2e
                0x0040e358      0x3e7 src/main.o
 *fill*         0x0040e73f        0x1 
 .rodata.calibri_36_0x2e
                0x0040e740       0x10 src/main.o
 .rodata.image_data_calibri_36_0x2f
                0x0040e750      0x612 src/main.o
 *fill*         0x0040ed62        0x2 
 .rodata.calibri_36_0x2f
                0x0040ed64       0x10 src/main.o
 .rodata.image_data_calibri_36_0x30
                0x0040ed74      0x7ce src/main.o
 *fill*         0x0040f542        0x2 
 .rodata.calibri_36_0x30
                0x0040f544       0x10 src/main.o
 .rodata.image_data_calibri_36_0x31
                0x0040f554      0x7ce src/main.o
 *fill*         0x0040fd22        0x2 
 .rodata.calibri_36_0x31
                0x0040fd24       0x10 src/main.o
 .rodata.image_data_calibri_36_0x32
                0x0040fd34      0x7ce src/main.o
 *fill*         0x00410502        0x2 
 .rodata.calibri_36_0x32
                0x00410504       0x10 src/main.o
 .rodata.image_data_calibri_36_0x33
                0x00410514      0x7ce src/main.o
 *fill*         0x00410ce2        0x2 
 .rodata.calibri_36_0x33
                0x00410ce4       0x10 src/main.o
 .rodata.image_data_calibri_36_0x34
                0x00410cf4      0x7ce src/main.o
 *fill*         0x004114c2        0x2 
 .rodata.calibri_36_0x34
                0x004114c4       0x10 src/main.o
 .rodata.image_data_calibri_36_0x35
                0x004114d4      0x7ce src/main.o
 *fill*         0x00411ca2        0x2 
 .rodata.calibri_36_0x35
                0x00411ca4       0x10 src/main.o
 .rodata.image_data_calibri_36_0x36
                0x00411cb4      0x7ce src/main.o
 *fill*         0x00412482        0x2 
 .rodata.calibri_36_0x36
                0x00412484       0x10 src/main.o
 .rodata.image_data_calibri_36_0x37
                0x00412494      0x7ce src/main.o
 *fill*         0x00412c62        0x2 
 .rodata.calibri_36_0x37
                0x00412c64       0x10 src/main.o
 .rodata.image_data_calibri_36_0x38
                0x00412c74      0x7ce src/main.o
 *fill*         0x00413442        0x2 
 .rodata.calibri_36_0x38
                0x00413444       0x10 src/main.o
 .rodata.image_data_calibri_36_0x39
                0x00413454      0x7ce src/main.o
 *fill*         0x00413c22        0x2 
 .rodata.calibri_36_0x39
                0x00413c24       0x10 src/main.o
 .rodata.image_data_calibri_36_0x3a
                0x00413c34      0x456 src/main.o
 *fill*         0x0041408a        0x2 
 .rodata.calibri_36_0x3a
                0x0041408c       0x10 src/main.o
 .rodata.image_data_calibri_36_0x3b
                0x0041409c      0x456 src/main.o
 *fill*         0x004144f2        0x2 
 .rodata.calibri_36_0x3b
                0x004144f4       0x10 src/main.o
 .rodata.image_data_calibri_36_0x3c
                0x00414504      0x7ce src/main.o
 *fill*         0x00414cd2        0x2 
 .rodata.calibri_36_0x3c
                0x00414cd4       0x10 src/main.o
 .rodata.image_data_calibri_36_0x3d
                0x00414ce4      0x7ce src/main.o
 *fill*         0x004154b2        0x2 
 .rodata.calibri_36_0x3d
                0x004154b4       0x10 src/main.o
 .rodata.image_data_calibri_36_0x3e
                0x004154c4      0x7ce src/main.o
 *fill*         0x00415c92        0x2 
 .rodata.calibri_36_0x3e
                0x00415c94       0x10 src/main.o
 .rodata.image_data_calibri_36_0x3f
                0x00415ca4      0x75f src/main.o
 *fill*         0x00416403        0x1 
 .rodata.calibri_36_0x3f
                0x00416404       0x10 src/main.o
 .rodata.image_data_calibri_36_0x40
                0x00416414      0xde0 src/main.o
 .rodata.calibri_36_0x40
                0x004171f4       0x10 src/main.o
 .rodata.image_data_calibri_36_0x41
                0x00417204      0x91b src/main.o
 *fill*         0x00417b1f        0x1 
 .rodata.calibri_36_0x41
                0x00417b20       0x10 src/main.o
 .rodata.image_data_calibri_36_0x42
                0x00417b30      0x8ac src/main.o
 .rodata.calibri_36_0x42
                0x004183dc       0x10 src/main.o
 .rodata.image_data_calibri_36_0x43
                0x004183ec      0x83d src/main.o
 *fill*         0x00418c29        0x3 
 .rodata.calibri_36_0x43
                0x00418c2c       0x10 src/main.o
 .rodata.image_data_calibri_36_0x44
                0x00418c3c      0x98a src/main.o
 *fill*         0x004195c6        0x2 
 .rodata.calibri_36_0x44
                0x004195c8       0x10 src/main.o
 .rodata.image_data_calibri_36_0x45
                0x004195d8      0x7ce src/main.o
 *fill*         0x00419da6        0x2 
 .rodata.calibri_36_0x45
                0x00419da8       0x10 src/main.o
 .rodata.image_data_calibri_36_0x46
                0x00419db8      0x75f src/main.o
 *fill*         0x0041a517        0x1 
 .rodata.calibri_36_0x46
                0x0041a518       0x10 src/main.o
 .rodata.image_data_calibri_36_0x47
                0x0041a528      0x9f9 src/main.o
 *fill*         0x0041af21        0x3 
 .rodata.calibri_36_0x47
                0x0041af24       0x10 src/main.o
 .rodata.image_data_calibri_36_0x48
                0x0041af34      0x98a src/main.o
 *fill*         0x0041b8be        0x2 
 .rodata.calibri_36_0x48
                0x0041b8c0       0x10 src/main.o
 .rodata.image_data_calibri_36_0x49
                0x0041b8d0      0x3e7 src/main.o
 *fill*         0x0041bcb7        0x1 
 .rodata.calibri_36_0x49
                0x0041bcb8       0x10 src/main.o
 .rodata.image_data_calibri_36_0x4a
                0x0041bcc8      0x4c5 src/main.o
 *fill*         0x0041c18d        0x3 
 .rodata.calibri_36_0x4a
                0x0041c190       0x10 src/main.o
 .rodata.image_data_calibri_36_0x4b
                0x0041c1a0      0x83d src/main.o
 *fill*         0x0041c9dd        0x3 
 .rodata.calibri_36_0x4b
                0x0041c9e0       0x10 src/main.o
 .rodata.image_data_calibri_36_0x4c
                0x0041c9f0      0x681 src/main.o
 *fill*         0x0041d071        0x3 
 .rodata.calibri_36_0x4c
                0x0041d074       0x10 src/main.o
 .rodata.image_data_calibri_36_0x4d
                0x0041d084      0xd71 src/main.o
 *fill*         0x0041ddf5        0x3 
 .rodata.calibri_36_0x4d
                0x0041ddf8       0x10 src/main.o
 .rodata.image_data_calibri_36_0x4e
                0x0041de08      0x9f9 src/main.o
 *fill*         0x0041e801        0x3 
 .rodata.calibri_36_0x4e
                0x0041e804       0x10 src/main.o
 .rodata.image_data_calibri_36_0x4f
                0x0041e814      0xa68 src/main.o
 .rodata.calibri_36_0x4f
                0x0041f27c       0x10 src/main.o
 .rodata.image_data_calibri_36_0x50
                0x0041f28c      0x83d src/main.o
 *fill*         0x0041fac9        0x3 
 .rodata.calibri_36_0x50
                0x0041facc       0x10 src/main.o
 .rodata.image_data_calibri_36_0x51
                0x0041fadc      0xad7 src/main.o
 *fill*         0x004205b3        0x1 
 .rodata.calibri_36_0x51
                0x004205b4       0x10 src/main.o
 .rodata.image_data_calibri_36_0x52
                0x004205c4      0x8ac src/main.o
 .rodata.calibri_36_0x52
                0x00420e70       0x10 src/main.o
 .rodata.image_data_calibri_36_0x53
                0x00420e80      0x75f src/main.o
 *fill*         0x004215df        0x1 
 .rodata.calibri_36_0x53
                0x004215e0       0x10 src/main.o
 .rodata.image_data_calibri_36_0x54
                0x004215f0      0x7ce src/main.o
 *fill*         0x00421dbe        0x2 
 .rodata.calibri_36_0x54
                0x00421dc0       0x10 src/main.o
 .rodata.image_data_calibri_36_0x55
                0x00421dd0      0x9f9 src/main.o
 *fill*         0x004227c9        0x3 
 .rodata.calibri_36_0x55
                0x004227cc       0x10 src/main.o
 .rodata.image_data_calibri_36_0x56
                0x004227dc      0x8ac src/main.o
 .rodata.calibri_36_0x56
                0x00423088       0x10 src/main.o
 .rodata.image_data_calibri_36_0x57
                0x00423098      0xde0 src/main.o
 .rodata.calibri_36_0x57
                0x00423e78       0x10 src/main.o
 .rodata.image_data_calibri_36_0x58
                0x00423e88      0x83d src/main.o
 *fill*         0x004246c5        0x3 
 .rodata.calibri_36_0x58
                0x004246c8       0x10 src/main.o
 .rodata.image_data_calibri_36_0x59
                0x004246d8      0x7ce src/main.o
 *fill*         0x00424ea6        0x2 
 .rodata.calibri_36_0x59
                0x00424ea8       0x10 src/main.o
 .rodata.image_data_calibri_36_0x5a
                0x00424eb8      0x75f src/main.o
 *fill*         0x00425617        0x1 
 .rodata.calibri_36_0x5a
                0x00425618       0x10 src/main.o
 .rodata.image_data_calibri_36_0x5b
                0x00425628      0x4c5 src/main.o
 *fill*         0x00425aed        0x3 
 .rodata.calibri_36_0x5b
                0x00425af0       0x10 src/main.o
 .rodata.image_data_calibri_36_0x5c
                0x00425b00      0x612 src/main.o
 *fill*         0x00426112        0x2 
 .rodata.calibri_36_0x5c
                0x00426114       0x10 src/main.o
 .rodata.image_data_calibri_36_0x5d
                0x00426124      0x4c5 src/main.o
 *fill*         0x004265e9        0x3 
 .rodata.calibri_36_0x5d
                0x004265ec       0x10 src/main.o
 .rodata.image_data_calibri_36_0x5e
                0x004265fc      0x7ce src/main.o
 *fill*         0x00426dca        0x2 
 .rodata.calibri_36_0x5e
                0x00426dcc       0x10 src/main.o
 .rodata.image_data_calibri_36_0x5f
                0x00426ddc      0x7ce src/main.o
 *fill*         0x004275aa        0x2 
 .rodata.calibri_36_0x5f
                0x004275ac       0x10 src/main.o
 .rodata.image_data_calibri_36_0x60
                0x004275bc      0x456 src/main.o
 *fill*         0x00427a12        0x2 
 .rodata.calibri_36_0x60
                0x00427a14       0x10 src/main.o
 .rodata.image_data_calibri_36_0x61
                0x00427a24      0x75f src/main.o
 *fill*         0x00428183        0x1 
 .rodata.calibri_36_0x61
                0x00428184       0x10 src/main.o
 .rodata.image_data_calibri_36_0x62
                0x00428194      0x83d src/main.o
 *fill*         0x004289d1        0x3 
 .rodata.calibri_36_0x62
                0x004289d4       0x10 src/main.o
 .rodata.image_data_calibri_36_0x63
                0x004289e4      0x681 src/main.o
 *fill*         0x00429065        0x3 
 .rodata.calibri_36_0x63
                0x00429068       0x10 src/main.o
 .rodata.image_data_calibri_36_0x64
                0x00429078      0x83d src/main.o
 *fill*         0x004298b5        0x3 
 .rodata.calibri_36_0x64
                0x004298b8       0x10 src/main.o
 .rodata.image_data_calibri_36_0x65
                0x004298c8      0x7ce src/main.o
 *fill*         0x0042a096        0x2 
 .rodata.calibri_36_0x65
                0x0042a098       0x10 src/main.o
 .rodata.image_data_calibri_36_0x66
                0x0042a0a8      0x4c5 src/main.o
 *fill*         0x0042a56d        0x3 
 .rodata.calibri_36_0x66
                0x0042a570       0x10 src/main.o
 .rodata.image_data_calibri_36_0x67
                0x0042a580      0x75f src/main.o
 *fill*         0x0042acdf        0x1 
 .rodata.calibri_36_0x67
                0x0042ace0       0x10 src/main.o
 .rodata.image_data_calibri_36_0x68
                0x0042acf0      0x83d src/main.o
 *fill*         0x0042b52d        0x3 
 .rodata.calibri_36_0x68
                0x0042b530       0x10 src/main.o
 .rodata.image_data_calibri_36_0x69
                0x0042b540      0x378 src/main.o
 .rodata.calibri_36_0x69
                0x0042b8b8       0x10 src/main.o
 .rodata.image_data_calibri_36_0x6a
                0x0042b8c8      0x3e7 src/main.o
 *fill*         0x0042bcaf        0x1 
 .rodata.calibri_36_0x6a
                0x0042bcb0       0x10 src/main.o
 .rodata.image_data_calibri_36_0x6b
                0x0042bcc0      0x6f0 src/main.o
 .rodata.calibri_36_0x6b
                0x0042c3b0       0x10 src/main.o
 .rodata.image_data_calibri_36_0x6c
                0x0042c3c0      0x378 src/main.o
 .rodata.calibri_36_0x6c
                0x0042c738       0x10 src/main.o
 .rodata.image_data_calibri_36_0x6d
                0x0042c748      0xc93 src/main.o
 *fill*         0x0042d3db        0x1 
 .rodata.calibri_36_0x6d
                0x0042d3dc       0x10 src/main.o
 .rodata.image_data_calibri_36_0x6e
                0x0042d3ec      0x83d src/main.o
 *fill*         0x0042dc29        0x3 
 .rodata.calibri_36_0x6e
                0x0042dc2c       0x10 src/main.o
 .rodata.image_data_calibri_36_0x6f
                0x0042dc3c      0x83d src/main.o
 *fill*         0x0042e479        0x3 
 .rodata.calibri_36_0x6f
                0x0042e47c       0x10 src/main.o
 .rodata.image_data_calibri_36_0x70
                0x0042e48c      0x83d src/main.o
 *fill*         0x0042ecc9        0x3 
 .rodata.calibri_36_0x70
                0x0042eccc       0x10 src/main.o
 .rodata.image_data_calibri_36_0x71
                0x0042ecdc      0x83d src/main.o
 *fill*         0x0042f519        0x3 
 .rodata.calibri_36_0x71
                0x0042f51c       0x10 src/main.o
 .rodata.image_data_calibri_36_0x72
                0x0042f52c      0x5a3 src/main.o
 *fill*         0x0042facf        0x1 
 .rodata.calibri_36_0x72
                0x0042fad0       0x10 src/main.o
 .rodata.image_data_calibri_36_0x73
                0x0042fae0      0x612 src/main.o
 *fill*         0x004300f2        0x2 
 .rodata.calibri_36_0x73
                0x004300f4       0x10 src/main.o
 .rodata.image_data_calibri_36_0x74
                0x00430104      0x534 src/main.o
 .rodata.calibri_36_0x74
                0x00430638       0x10 src/main.o
 .rodata.image_data_calibri_36_0x75
                0x00430648      0x83d src/main.o
 *fill*         0x00430e85        0x3 
 .rodata.calibri_36_0x75
                0x00430e88       0x10 src/main.o
 .rodata.image_data_calibri_36_0x76
                0x00430e98      0x6f0 src/main.o
 .rodata.calibri_36_0x76
                0x00431588       0x10 src/main.o
 .rodata.image_data_calibri_36_0x77
                0x00431598      0xb46 src/main.o
 *fill*         0x004320de        0x2 
 .rodata.calibri_36_0x77
                0x004320e0       0x10 src/main.o
 .rodata.image_data_calibri_36_0x78
                0x004320f0      0x6f0 src/main.o
 .rodata.calibri_36_0x78
                0x004327e0       0x10 src/main.o
 .rodata.image_data_calibri_36_0x79
                0x004327f0      0x6f0 src/main.o
 .rodata.calibri_36_0x79
                0x00432ee0       0x10 src/main.o
 .rodata.image_data_calibri_36_0x7a
                0x00432ef0      0x612 src/main.o
 *fill*         0x00433502        0x2 
 .rodata.calibri_36_0x7a
                0x00433504       0x10 src/main.o
 .rodata.image_data_calibri_36_0x7b
                0x00433514      0x4c5 src/main.o
 *fill*         0x004339d9        0x3 
 .rodata.calibri_36_0x7b
                0x004339dc       0x10 src/main.o
 .rodata.image_data_calibri_36_0x7c
                0x004339ec      0x75f src/main.o
 *fill*         0x0043414b        0x1 
 .rodata.calibri_36_0x7c
                0x0043414c       0x10 src/main.o
 .rodata.image_data_calibri_36_0x7d
                0x0043415c      0x4c5 src/main.o
 *fill*         0x00434621        0x3 
 .rodata.calibri_36_0x7d
                0x00434624       0x10 src/main.o
 .rodata.image_data_calibri_36_0x7e
                0x00434634      0x7ce src/main.o
 *fill*         0x00434e02        0x2 
 .rodata.calibri_36_0x7e
                0x00434e04       0x10 src/main.o
 .rodata.calibri_36_array
                0x00434e14      0x2f8 src/main.o
 .rodata.calibri_36
                0x0043510c        0xc src/main.o
                0x0043510c                calibri_36
 .rodata        0x00435118       0x35 src/main.o
 *fill*         0x0043514d        0x3 
 .rodata._global_impure_ptr
                0x00435150        0x4 c:/program files (x86)/atmel/studio/7.0/toolchain/arm/arm-gnu-toolchain/bin/../lib/gcc/arm-none-eabi/6.3.1/../../../../arm-none-eabi/lib/thumb/v7e-m\libc.a(lib_a-impure.o)
                0x00435150                _global_impure_ptr
 .rodata._svfprintf_r.str1.4
                0x00435154       0x42 c:/program files (x86)/atmel/studio/7.0/toolchain/arm/arm-gnu-toolchain/bin/../lib/gcc/arm-none-eabi/6.3.1/../../../../arm-none-eabi/lib/thumb/v7e-m\libc.a(lib_a-svfprintf.o)
 *fill*         0x00435196        0x2 
 .rodata.blanks.7223
                0x00435198       0x10 c:/program files (x86)/atmel/studio/7.0/toolchain/arm/arm-gnu-toolchain/bin/../lib/gcc/arm-none-eabi/6.3.1/../../../../arm-none-eabi/lib/thumb/v7e-m\libc.a(lib_a-svfprintf.o)
 .rodata.zeroes.7224
                0x004351a8       0x10 c:/program files (x86)/atmel/studio/7.0/toolchain/arm/arm-gnu-toolchain/bin/../lib/gcc/arm-none-eabi/6.3.1/../../../../arm-none-eabi/lib/thumb/v7e-m\libc.a(lib_a-svfprintf.o)
 .rodata._dtoa_r.str1.4
                0x004351b8       0x10 c:/program files (x86)/atmel/studio/7.0/toolchain/arm/arm-gnu-toolchain/bin/../lib/gcc/arm-none-eabi/6.3.1/../../../../arm-none-eabi/lib/thumb/v7e-m\libc.a(lib_a-dtoa.o)
                                 0x12 (size before relaxing)
 .rodata.__mprec_bigtens
                0x004351c8       0x28 c:/program files (x86)/atmel/studio/7.0/toolchain/arm/arm-gnu-toolchain/bin/../lib/gcc/arm-none-eabi/6.3.1/../../../../arm-none-eabi/lib/thumb/v7e-m\libc.a(lib_a-mprec.o)
                0x004351c8                __mprec_bigtens
 .rodata.__mprec_tens
                0x004351f0       0xc8 c:/program files (x86)/atmel/studio/7.0/toolchain/arm/arm-gnu-toolchain/bin/../lib/gcc/arm-none-eabi/6.3.1/../../../../arm-none-eabi/lib/thumb/v7e-m\libc.a(lib_a-mprec.o)
                0x004351f0                __mprec_tens
 .rodata.p05.6055
                0x004352b8        0xc c:/program files (x86)/atmel/studio/7.0/toolchain/arm/arm-gnu-toolchain/bin/../lib/gcc/arm-none-eabi/6.3.1/../../../../arm-none-eabi/lib/thumb/v7e-m\libc.a(lib_a-mprec.o)
 .rodata._setlocale_r.str1.4
                0x004352c4        0xa c:/program files (x86)/atmel/studio/7.0/toolchain/arm/arm-gnu-toolchain/bin/../lib/gcc/arm-none-eabi/6.3.1/../../../../arm-none-eabi/lib/thumb/v7e-m\libc.a(lib_a-locale.o)
                                  0xd (size before relaxing)
 *fill*         0x004352ce        0x2 
 .rodata.str1.4
                0x004352d0        0x4 c:/program files (x86)/atmel/studio/7.0/toolchain/arm/arm-gnu-toolchain/bin/../lib/gcc/arm-none-eabi/6.3.1/../../../../arm-none-eabi/lib/thumb/v7e-m\libc.a(lib_a-locale.o)
                                  0x2 (size before relaxing)
 .rodata._ctype_
                0x004352d4      0x101 c:/program files (x86)/atmel/studio/7.0/toolchain/arm/arm-gnu-toolchain/bin/../lib/gcc/arm-none-eabi/6.3.1/../../../../arm-none-eabi/lib/thumb/v7e-m\libc.a(lib_a-ctype_.o)
                0x004352d4                _ctype_
 *(.ARM.extab* .gnu.linkonce.armextab.*)
                0x004353d8                . = ALIGN (0x4)
 *fill*         0x004353d5        0x3 
 *(.init)
 .init          0x004353d8        0x4 c:/program files (x86)/atmel/studio/7.0/toolchain/arm/arm-gnu-toolchain/bin/../lib/gcc/arm-none-eabi/6.3.1/thumb/v7e-m/crti.o
                0x004353d8                _init
 .init          0x004353dc        0x8 c:/program files (x86)/atmel/studio/7.0/toolchain/arm/arm-gnu-toolchain/bin/../lib/gcc/arm-none-eabi/6.3.1/thumb/v7e-m/crtn.o
                0x004353e4                . = ALIGN (0x4)
                0x004353e4                __preinit_array_start = .
 *(.preinit_array)
                0x004353e4                __preinit_array_end = .
                0x004353e4                . = ALIGN (0x4)
                0x004353e4                __init_array_start = .
 *(SORT(.init_array.*))
 .init_array.00000
                0x004353e4        0x4 c:/program files (x86)/atmel/studio/7.0/toolchain/arm/arm-gnu-toolchain/bin/../lib/gcc/arm-none-eabi/6.3.1/../../../../arm-none-eabi/lib/thumb/v7e-m\libc.a(lib_a-__call_atexit.o)
 *(.init_array)
 .init_array    0x004353e8        0x4 c:/program files (x86)/atmel/studio/7.0/toolchain/arm/arm-gnu-toolchain/bin/../lib/gcc/arm-none-eabi/6.3.1/thumb/v7e-m/crtbegin.o
                0x004353ec                __init_array_end = .
                0x004353ec                . = ALIGN (0x4)
 *crtbegin.o(.ctors)
 *(EXCLUDE_FILE(*crtend.o) .ctors)
 *(SORT(.ctors.*))
 *crtend.o(.ctors)
                0x004353ec                . = ALIGN (0x4)
 *(.fini)
 .fini          0x004353ec        0x4 c:/program files (x86)/atmel/studio/7.0/toolchain/arm/arm-gnu-toolchain/bin/../lib/gcc/arm-none-eabi/6.3.1/thumb/v7e-m/crti.o
                0x004353ec                _fini
 .fini          0x004353f0        0x8 c:/program files (x86)/atmel/studio/7.0/toolchain/arm/arm-gnu-toolchain/bin/../lib/gcc/arm-none-eabi/6.3.1/thumb/v7e-m/crtn.o
                0x004353f8                . = ALIGN (0x4)
                0x004353f8                __fini_array_start = .
 *(.fini_array)
 .fini_array    0x004353f8        0x4 c:/program files (x86)/atmel/studio/7.0/toolchain/arm/arm-gnu-toolchain/bin/../lib/gcc/arm-none-eabi/6.3.1/thumb/v7e-m/crtbegin.o
 *(SORT(.fini_array.*))
                0x004353fc                __fini_array_end = .
 *crtbegin.o(.dtors)
 *(EXCLUDE_FILE(*crtend.o) .dtors)
 *(SORT(.dtors.*))
 *crtend.o(.dtors)
                0x004353fc                . = ALIGN (0x4)
                0x004353fc                _efixed = .
                [!provide]                PROVIDE (__exidx_start, .)

.vfp11_veneer   0x004353fc        0x0
 .vfp11_veneer  0x004353fc        0x0 linker stubs

.v4_bx          0x004353fc        0x0
 .v4_bx         0x004353fc        0x0 linker stubs

.iplt           0x004353fc        0x0
 .iplt          0x004353fc        0x0 c:/program files (x86)/atmel/studio/7.0/toolchain/arm/arm-gnu-toolchain/bin/../lib/gcc/arm-none-eabi/6.3.1/thumb/v7e-m/crtbegin.o

.ARM.exidx      0x004353fc        0x8
 *(.ARM.exidx* .gnu.linkonce.armexidx.*)
 .ARM.exidx     0x004353fc        0x8 c:/program files (x86)/atmel/studio/7.0/toolchain/arm/arm-gnu-toolchain/bin/../lib/gcc/arm-none-eabi/6.3.1/thumb/v7e-m\libgcc.a(_udivmoddi4.o)
                [!provide]                PROVIDE (__exidx_end, .)

.eh_frame       0x00435404        0x0
 .eh_frame      0x00435404        0x0 c:/program files (x86)/atmel/studio/7.0/toolchain/arm/arm-gnu-toolchain/bin/../lib/gcc/arm-none-eabi/6.3.1/thumb/v7e-m/crtbegin.o

.rel.dyn        0x00435404        0x0
 .rel.iplt      0x00435404        0x0 c:/program files (x86)/atmel/studio/7.0/toolchain/arm/arm-gnu-toolchain/bin/../lib/gcc/arm-none-eabi/6.3.1/thumb/v7e-m/crtbegin.o

.jcr            0x00435404        0x0
 .jcr           0x00435404        0x0 c:/program files (x86)/atmel/studio/7.0/toolchain/arm/arm-gnu-toolchain/bin/../lib/gcc/arm-none-eabi/6.3.1/thumb/v7e-m/crtbegin.o

.igot.plt       0x00435404        0x0
 .igot.plt      0x00435404        0x0 c:/program files (x86)/atmel/studio/7.0/toolchain/arm/arm-gnu-toolchain/bin/../lib/gcc/arm-none-eabi/6.3.1/thumb/v7e-m/crtbegin.o
                0x00435404                . = ALIGN (0x4)
                0x00435404                _etext = .

.relocate       0x20400000      0x9b8 load address 0x00435404
                0x20400000                . = ALIGN (0x4)
                0x20400000                _srelocate = .
 *(.ramfunc .ramfunc.*)
 *(.data .data.*)
 .data.g_interrupt_enabled
                0x20400000        0x1 src/ASF/common/utils/interrupt/interrupt_sam_nvic.o
                0x20400000                g_interrupt_enabled
 *fill*         0x20400001        0x3 
 .data.ul_flash_in_wait_mode
                0x20400004        0x4 src/ASF/sam/drivers/pmc/pmc.o
 .data.SystemCoreClock
                0x20400008        0x4 src/ASF/sam/utils/cmsis/same70/source/templates/system_same70.o
                0x20400008                SystemCoreClock
 .data._impure_ptr
                0x2040000c        0x4 c:/program files (x86)/atmel/studio/7.0/toolchain/arm/arm-gnu-toolchain/bin/../lib/gcc/arm-none-eabi/6.3.1/../../../../arm-none-eabi/lib/thumb/v7e-m\libc.a(lib_a-impure.o)
                0x2040000c                _impure_ptr
 .data.impure_data
                0x20400010      0x428 c:/program files (x86)/atmel/studio/7.0/toolchain/arm/arm-gnu-toolchain/bin/../lib/gcc/arm-none-eabi/6.3.1/../../../../arm-none-eabi/lib/thumb/v7e-m\libc.a(lib_a-impure.o)
 .data.__atexit_recursive_mutex
                0x20400438        0x4 c:/program files (x86)/atmel/studio/7.0/toolchain/arm/arm-gnu-toolchain/bin/../lib/gcc/arm-none-eabi/6.3.1/../../../../arm-none-eabi/lib/thumb/v7e-m\libc.a(lib_a-__call_atexit.o)
                0x20400438                __atexit_recursive_mutex
 .data.__malloc_av_
                0x2040043c      0x408 c:/program files (x86)/atmel/studio/7.0/toolchain/arm/arm-gnu-toolchain/bin/../lib/gcc/arm-none-eabi/6.3.1/../../../../arm-none-eabi/lib/thumb/v7e-m\libc.a(lib_a-mallocr.o)
                0x2040043c                __malloc_av_
 .data.__malloc_sbrk_base
                0x20400844        0x4 c:/program files (x86)/atmel/studio/7.0/toolchain/arm/arm-gnu-toolchain/bin/../lib/gcc/arm-none-eabi/6.3.1/../../../../arm-none-eabi/lib/thumb/v7e-m\libc.a(lib_a-mallocr.o)
                0x20400844                __malloc_sbrk_base
 .data.__malloc_trim_threshold
                0x20400848        0x4 c:/program files (x86)/atmel/studio/7.0/toolchain/arm/arm-gnu-toolchain/bin/../lib/gcc/arm-none-eabi/6.3.1/../../../../arm-none-eabi/lib/thumb/v7e-m\libc.a(lib_a-mallocr.o)
                0x20400848                __malloc_trim_threshold
 .data.__global_locale
                0x2040084c      0x16c c:/program files (x86)/atmel/studio/7.0/toolchain/arm/arm-gnu-toolchain/bin/../lib/gcc/arm-none-eabi/6.3.1/../../../../arm-none-eabi/lib/thumb/v7e-m\libc.a(lib_a-locale.o)
                0x2040084c                __global_locale
                0x204009b8                . = ALIGN (0x4)
                0x204009b8                _erelocate = .

.bss            0x204009b8      0x4ec load address 0x00435dbc
                0x204009b8                . = ALIGN (0x4)
                0x204009b8                _sbss = .
                0x204009b8                _szero = .
 *(.bss .bss.*)
 .bss           0x204009b8       0x1c c:/program files (x86)/atmel/studio/7.0/toolchain/arm/arm-gnu-toolchain/bin/../lib/gcc/arm-none-eabi/6.3.1/thumb/v7e-m/crtbegin.o
 .bss.g_wobits_in_rtt_mr
                0x204009d4        0x4 src/ASF/sam/drivers/rtt/rtt.o
 .bss.f_rtt_alarme
                0x204009d8        0x1 src/main.o
                0x204009d8                f_rtt_alarme
 *fill*         0x204009d9        0x3 
 .bss.rotations
                0x204009dc        0x4 src/main.o
                0x204009dc                rotations
 .bss.speed     0x204009e0        0x4 src/main.o
                0x204009e0                speed
 .bss.distance  0x204009e4        0x4 src/main.o
                0x204009e4                distance
 .bss.hour      0x204009e8        0x4 src/main.o
                0x204009e8                hour
 .bss.minute    0x204009ec        0x4 src/main.o
                0x204009ec                minute
 .bss.second    0x204009f0        0x4 src/main.o
                0x204009f0                second
 .bss.running   0x204009f4        0x1 src/main.o
                0x204009f4                running
 *fill*         0x204009f5        0x3 
 .bss.g_ul_pixel_cache
                0x204009f8      0x3c0 src/ASF/sam/components/display/ili9488/ili9488.o
 .bss.gs_interrupt_sources
                0x20400db8       0x70 src/ASF/sam/drivers/pio/pio_handler.o
 .bss.gs_ul_nb_sources
                0x20400e28        0x4 src/ASF/sam/drivers/pio/pio_handler.o
 .bss.b_is_sleep_clock_used
                0x20400e2c        0x1 src/ASF/sam/drivers/pmc/sleep.o
 *fill*         0x20400e2d        0x3 
 .bss.callback_clocks_restored
                0x20400e30        0x4 src/ASF/sam/drivers/pmc/sleep.o
 .bss.heap.6420
                0x20400e34        0x4 src/ASF/sam/utils/syscalls/gcc/syscalls.o
 .bss.__malloc_current_mallinfo
                0x20400e38       0x28 c:/program files (x86)/atmel/studio/7.0/toolchain/arm/arm-gnu-toolchain/bin/../lib/gcc/arm-none-eabi/6.3.1/../../../../arm-none-eabi/lib/thumb/v7e-m\libc.a(lib_a-mallocr.o)
                0x20400e38                __malloc_current_mallinfo
 .bss.__malloc_max_sbrked_mem
                0x20400e60        0x4 c:/program files (x86)/atmel/studio/7.0/toolchain/arm/arm-gnu-toolchain/bin/../lib/gcc/arm-none-eabi/6.3.1/../../../../arm-none-eabi/lib/thumb/v7e-m\libc.a(lib_a-mallocr.o)
                0x20400e60                __malloc_max_sbrked_mem
 .bss.__malloc_max_total_mem
                0x20400e64        0x4 c:/program files (x86)/atmel/studio/7.0/toolchain/arm/arm-gnu-toolchain/bin/../lib/gcc/arm-none-eabi/6.3.1/../../../../arm-none-eabi/lib/thumb/v7e-m\libc.a(lib_a-mallocr.o)
                0x20400e64                __malloc_max_total_mem
 .bss.__malloc_top_pad
                0x20400e68        0x4 c:/program files (x86)/atmel/studio/7.0/toolchain/arm/arm-gnu-toolchain/bin/../lib/gcc/arm-none-eabi/6.3.1/../../../../arm-none-eabi/lib/thumb/v7e-m\libc.a(lib_a-mallocr.o)
                0x20400e68                __malloc_top_pad
 *(COMMON)
 COMMON         0x20400e6c       0x10 src/main.o
                0x20400e6c                g_ili9488_display_opt
 COMMON         0x20400e7c       0x21 c:/program files (x86)/atmel/studio/7.0/toolchain/arm/arm-gnu-toolchain/bin/../lib/gcc/arm-none-eabi/6.3.1/../../../../arm-none-eabi/lib/thumb/v7e-m\libc.a(lib_a-lock.o)
                0x20400e7c                __lock___atexit_recursive_mutex
                0x20400e80                __lock___arc4random_mutex
                0x20400e84                __lock___env_recursive_mutex
                0x20400e88                __lock___sinit_recursive_mutex
                0x20400e8c                __lock___malloc_recursive_mutex
                0x20400e90                __lock___at_quick_exit_mutex
                0x20400e94                __lock___dd_hash_mutex
                0x20400e98                __lock___tz_mutex
                0x20400e9c                __lock___sfp_recursive_mutex
 *fill*         0x20400e9d        0x3 
 COMMON         0x20400ea0        0x4 c:/program files (x86)/atmel/studio/7.0/toolchain/arm/arm-gnu-toolchain/bin/../lib/gcc/arm-none-eabi/6.3.1/../../../../arm-none-eabi/lib/thumb/v7e-m\libc.a(lib_a-reent.o)
                0x20400ea0                errno
                0x20400ea4                . = ALIGN (0x4)
                0x20400ea4                _ebss = .
                0x20400ea4                _ezero = .

.stack          0x20400ea4     0x2004 load address 0x004362a8
                0x20400ea8                . = ALIGN (0x8)
 *fill*         0x20400ea4        0x4 
                0x20400ea8                _sstack = .
                0x20402ea8                . = (. + STACK_SIZE)
 *fill*         0x20400ea8     0x2000 
                0x20402ea8                . = ALIGN (0x8)
                0x20402ea8                _estack = .

.heap           0x20402ea8      0x200 load address 0x004382ac
                0x20402ea8                . = ALIGN (0x8)
                0x20402ea8                _sheap = .
                0x204030a8                . = (. + HEAP_SIZE)
 *fill*         0x20402ea8      0x200 
                0x204030a8                . = ALIGN (0x8)
                0x204030a8                _eheap = .
                0x204030a8                . = ALIGN (0x4)
                0x204030a8                _end = .
                0x2045ffff                _ram_end_ = ((ORIGIN (ram) + LENGTH (ram)) - 0x1)
OUTPUT(SAME70_FONTS.elf elf32-littlearm)

.ARM.attributes
                0x00000000       0x2e
 .ARM.attributes
                0x00000000       0x1e c:/program files (x86)/atmel/studio/7.0/toolchain/arm/arm-gnu-toolchain/bin/../lib/gcc/arm-none-eabi/6.3.1/thumb/v7e-m/crti.o
 .ARM.attributes
                0x0000001e       0x2e c:/program files (x86)/atmel/studio/7.0/toolchain/arm/arm-gnu-toolchain/bin/../lib/gcc/arm-none-eabi/6.3.1/thumb/v7e-m/crtbegin.o
 .ARM.attributes
                0x0000004c       0x37 src/ASF/sam/drivers/rtc/rtc.o
 .ARM.attributes
                0x00000083       0x37 src/ASF/sam/drivers/rtt/rtt.o
 .ARM.attributes
                0x000000ba       0x37 src/main.o
 .ARM.attributes
                0x000000f1       0x37 src/ASF/common/services/spi/sam_spi/spi_master.o
 .ARM.attributes
                0x00000128       0x37 src/ASF/sam/components/display/ili9488/ili9488.o
 .ARM.attributes
                0x0000015f       0x37 src/ASF/sam/drivers/spi/spi.o
 .ARM.attributes
                0x00000196       0x37 src/ASF/common/services/clock/same70/sysclk.o
 .ARM.attributes
                0x000001cd       0x37 src/ASF/common/utils/interrupt/interrupt_sam_nvic.o
 .ARM.attributes
                0x00000204       0x37 src/ASF/sam/boards/same70_xplained/init.o
 .ARM.attributes
                0x0000023b       0x37 src/ASF/sam/drivers/pio/pio.o
 .ARM.attributes
                0x00000272       0x37 src/ASF/sam/drivers/pio/pio_handler.o
 .ARM.attributes
                0x000002a9       0x37 src/ASF/sam/drivers/pmc/pmc.o
 .ARM.attributes
                0x000002e0       0x37 src/ASF/sam/drivers/pmc/sleep.o
 .ARM.attributes
                0x00000317       0x37 src/ASF/sam/utils/cmsis/same70/source/templates/gcc/startup_same70.o
 .ARM.attributes
                0x0000034e       0x37 src/ASF/sam/utils/cmsis/same70/source/templates/system_same70.o
 .ARM.attributes
                0x00000385       0x37 src/ASF/sam/utils/syscalls/gcc/syscalls.o
 .ARM.attributes
                0x000003bc       0x1e c:/program files (x86)/atmel/studio/7.0/toolchain/arm/arm-gnu-toolchain/bin/../lib/gcc/arm-none-eabi/6.3.1/thumb/v7e-m\libgcc.a(_arm_addsubdf3.o)
 .ARM.attributes
                0x000003da       0x1e c:/program files (x86)/atmel/studio/7.0/toolchain/arm/arm-gnu-toolchain/bin/../lib/gcc/arm-none-eabi/6.3.1/thumb/v7e-m\libgcc.a(_arm_muldivdf3.o)
 .ARM.attributes
                0x000003f8       0x1e c:/program files (x86)/atmel/studio/7.0/toolchain/arm/arm-gnu-toolchain/bin/../lib/gcc/arm-none-eabi/6.3.1/thumb/v7e-m\libgcc.a(_arm_fixunsdfsi.o)
 .ARM.attributes
                0x00000416       0x1e c:/program files (x86)/atmel/studio/7.0/toolchain/arm/arm-gnu-toolchain/bin/../lib/gcc/arm-none-eabi/6.3.1/thumb/v7e-m\libgcc.a(_arm_truncdfsf2.o)
 .ARM.attributes
                0x00000434       0x2e c:/program files (x86)/atmel/studio/7.0/toolchain/arm/arm-gnu-toolchain/bin/../lib/gcc/arm-none-eabi/6.3.1/../../../../arm-none-eabi/lib/thumb/v7e-m\libc.a(lib_a-impure.o)
 .ARM.attributes
                0x00000462       0x2e c:/program files (x86)/atmel/studio/7.0/toolchain/arm/arm-gnu-toolchain/bin/../lib/gcc/arm-none-eabi/6.3.1/../../../../arm-none-eabi/lib/thumb/v7e-m\libc.a(lib_a-init.o)
 .ARM.attributes
                0x00000490       0x2e c:/program files (x86)/atmel/studio/7.0/toolchain/arm/arm-gnu-toolchain/bin/../lib/gcc/arm-none-eabi/6.3.1/../../../../arm-none-eabi/lib/thumb/v7e-m\libc.a(lib_a-memset.o)
 .ARM.attributes
                0x000004be       0x2e c:/program files (x86)/atmel/studio/7.0/toolchain/arm/arm-gnu-toolchain/bin/../lib/gcc/arm-none-eabi/6.3.1/../../../../arm-none-eabi/lib/thumb/v7e-m\libc.a(lib_a-sprintf.o)
 .ARM.attributes
                0x000004ec       0x2e c:/program files (x86)/atmel/studio/7.0/toolchain/arm/arm-gnu-toolchain/bin/../lib/gcc/arm-none-eabi/6.3.1/../../../../arm-none-eabi/lib/thumb/v7e-m\libc.a(lib_a-svfprintf.o)
 .ARM.attributes
                0x0000051a       0x2e c:/program files (x86)/atmel/studio/7.0/toolchain/arm/arm-gnu-toolchain/bin/../lib/gcc/arm-none-eabi/6.3.1/../../../../arm-none-eabi/lib/thumb/v7e-m\libc.a(lib_a-__call_atexit.o)
 .ARM.attributes
                0x00000548       0x2e c:/program files (x86)/atmel/studio/7.0/toolchain/arm/arm-gnu-toolchain/bin/../lib/gcc/arm-none-eabi/6.3.1/../../../../arm-none-eabi/lib/thumb/v7e-m\libc.a(lib_a-atexit.o)
 .ARM.attributes
                0x00000576       0x2e c:/program files (x86)/atmel/studio/7.0/toolchain/arm/arm-gnu-toolchain/bin/../lib/gcc/arm-none-eabi/6.3.1/../../../../arm-none-eabi/lib/thumb/v7e-m\libc.a(lib_a-dtoa.o)
 .ARM.attributes
                0x000005a4       0x2e c:/program files (x86)/atmel/studio/7.0/toolchain/arm/arm-gnu-toolchain/bin/../lib/gcc/arm-none-eabi/6.3.1/../../../../arm-none-eabi/lib/thumb/v7e-m\libc.a(lib_a-fini.o)
 .ARM.attributes
                0x000005d2       0x2e c:/program files (x86)/atmel/studio/7.0/toolchain/arm/arm-gnu-toolchain/bin/../lib/gcc/arm-none-eabi/6.3.1/../../../../arm-none-eabi/lib/thumb/v7e-m\libc.a(lib_a-localeconv.o)
 .ARM.attributes
                0x00000600       0x2e c:/program files (x86)/atmel/studio/7.0/toolchain/arm/arm-gnu-toolchain/bin/../lib/gcc/arm-none-eabi/6.3.1/../../../../arm-none-eabi/lib/thumb/v7e-m\libc.a(lib_a-lock.o)
 .ARM.attributes
                0x0000062e       0x2e c:/program files (x86)/atmel/studio/7.0/toolchain/arm/arm-gnu-toolchain/bin/../lib/gcc/arm-none-eabi/6.3.1/../../../../arm-none-eabi/lib/thumb/v7e-m\libc.a(lib_a-mallocr.o)
 .ARM.attributes
                0x0000065c       0x1c c:/program files (x86)/atmel/studio/7.0/toolchain/arm/arm-gnu-toolchain/bin/../lib/gcc/arm-none-eabi/6.3.1/../../../../arm-none-eabi/lib/thumb/v7e-m\libc.a(lib_a-memchr.o)
 .ARM.attributes
                0x00000678       0x1c c:/program files (x86)/atmel/studio/7.0/toolchain/arm/arm-gnu-toolchain/bin/../lib/gcc/arm-none-eabi/6.3.1/../../../../arm-none-eabi/lib/thumb/v7e-m\libc.a(lib_a-memcpy.o)
 .ARM.attributes
                0x00000694       0x2e c:/program files (x86)/atmel/studio/7.0/toolchain/arm/arm-gnu-toolchain/bin/../lib/gcc/arm-none-eabi/6.3.1/../../../../arm-none-eabi/lib/thumb/v7e-m\libc.a(lib_a-mlock.o)
 .ARM.attributes
                0x000006c2       0x2e c:/program files (x86)/atmel/studio/7.0/toolchain/arm/arm-gnu-toolchain/bin/../lib/gcc/arm-none-eabi/6.3.1/../../../../arm-none-eabi/lib/thumb/v7e-m\libc.a(lib_a-mprec.o)
 .ARM.attributes
                0x000006f0       0x2e c:/program files (x86)/atmel/studio/7.0/toolchain/arm/arm-gnu-toolchain/bin/../lib/gcc/arm-none-eabi/6.3.1/../../../../arm-none-eabi/lib/thumb/v7e-m\libc.a(lib_a-sbrkr.o)
 .ARM.attributes
                0x0000071e       0x1c c:/program files (x86)/atmel/studio/7.0/toolchain/arm/arm-gnu-toolchain/bin/../lib/gcc/arm-none-eabi/6.3.1/../../../../arm-none-eabi/lib/thumb/v7e-m\libc.a(lib_a-strlen.o)
 .ARM.attributes
                0x0000073a       0x2e c:/program files (x86)/atmel/studio/7.0/toolchain/arm/arm-gnu-toolchain/bin/../lib/gcc/arm-none-eabi/6.3.1/../../../../arm-none-eabi/lib/thumb/v7e-m\libc.a(lib_a-svfiprintf.o)
 .ARM.attributes
                0x00000768       0x2e c:/program files (x86)/atmel/studio/7.0/toolchain/arm/arm-gnu-toolchain/bin/../lib/gcc/arm-none-eabi/6.3.1/../../../../arm-none-eabi/lib/thumb/v7e-m\libc.a(lib_a-__atexit.o)
 .ARM.attributes
                0x00000796       0x2e c:/program files (x86)/atmel/studio/7.0/toolchain/arm/arm-gnu-toolchain/bin/../lib/gcc/arm-none-eabi/6.3.1/../../../../arm-none-eabi/lib/thumb/v7e-m\libc.a(lib_a-callocr.o)
 .ARM.attributes
                0x000007c4       0x2e c:/program files (x86)/atmel/studio/7.0/toolchain/arm/arm-gnu-toolchain/bin/../lib/gcc/arm-none-eabi/6.3.1/../../../../arm-none-eabi/lib/thumb/v7e-m\libc.a(lib_a-freer.o)
 .ARM.attributes
                0x000007f2       0x2e c:/program files (x86)/atmel/studio/7.0/toolchain/arm/arm-gnu-toolchain/bin/../lib/gcc/arm-none-eabi/6.3.1/../../../../arm-none-eabi/lib/thumb/v7e-m\libc.a(lib_a-locale.o)
 .ARM.attributes
                0x00000820       0x2e c:/program files (x86)/atmel/studio/7.0/toolchain/arm/arm-gnu-toolchain/bin/../lib/gcc/arm-none-eabi/6.3.1/../../../../arm-none-eabi/lib/thumb/v7e-m\libc.a(lib_a-mbtowc_r.o)
 .ARM.attributes
                0x0000084e       0x2e c:/program files (x86)/atmel/studio/7.0/toolchain/arm/arm-gnu-toolchain/bin/../lib/gcc/arm-none-eabi/6.3.1/../../../../arm-none-eabi/lib/thumb/v7e-m\libc.a(lib_a-memmove.o)
 .ARM.attributes
                0x0000087c       0x2e c:/program files (x86)/atmel/studio/7.0/toolchain/arm/arm-gnu-toolchain/bin/../lib/gcc/arm-none-eabi/6.3.1/../../../../arm-none-eabi/lib/thumb/v7e-m\libc.a(lib_a-reallocr.o)
 .ARM.attributes
                0x000008aa       0x2e c:/program files (x86)/atmel/studio/7.0/toolchain/arm/arm-gnu-toolchain/bin/../lib/gcc/arm-none-eabi/6.3.1/../../../../arm-none-eabi/lib/thumb/v7e-m\libc.a(lib_a-reent.o)
 .ARM.attributes
                0x000008d8       0x2e c:/program files (x86)/atmel/studio/7.0/toolchain/arm/arm-gnu-toolchain/bin/../lib/gcc/arm-none-eabi/6.3.1/../../../../arm-none-eabi/lib/thumb/v7e-m\libc.a(lib_a-wctomb_r.o)
 .ARM.attributes
                0x00000906       0x2e c:/program files (x86)/atmel/studio/7.0/toolchain/arm/arm-gnu-toolchain/bin/../lib/gcc/arm-none-eabi/6.3.1/../../../../arm-none-eabi/lib/thumb/v7e-m\libc.a(lib_a-ctype_.o)
 .ARM.attributes
                0x00000934       0x1e c:/program files (x86)/atmel/studio/7.0/toolchain/arm/arm-gnu-toolchain/bin/../lib/gcc/arm-none-eabi/6.3.1/thumb/v7e-m\libgcc.a(_arm_cmpdf2.o)
 .ARM.attributes
                0x00000952       0x1e c:/program files (x86)/atmel/studio/7.0/toolchain/arm/arm-gnu-toolchain/bin/../lib/gcc/arm-none-eabi/6.3.1/thumb/v7e-m\libgcc.a(_arm_unorddf2.o)
 .ARM.attributes
                0x00000970       0x1e c:/program files (x86)/atmel/studio/7.0/toolchain/arm/arm-gnu-toolchain/bin/../lib/gcc/arm-none-eabi/6.3.1/thumb/v7e-m\libgcc.a(_arm_fixdfsi.o)
 .ARM.attributes
                0x0000098e       0x1e c:/program files (x86)/atmel/studio/7.0/toolchain/arm/arm-gnu-toolchain/bin/../lib/gcc/arm-none-eabi/6.3.1/thumb/v7e-m\libgcc.a(_aeabi_uldivmod.o)
 .ARM.attributes
                0x000009ac       0x2e c:/program files (x86)/atmel/studio/7.0/toolchain/arm/arm-gnu-toolchain/bin/../lib/gcc/arm-none-eabi/6.3.1/thumb/v7e-m\libgcc.a(_udivmoddi4.o)
 .ARM.attributes
                0x000009da       0x1e c:/program files (x86)/atmel/studio/7.0/toolchain/arm/arm-gnu-toolchain/bin/../lib/gcc/arm-none-eabi/6.3.1/thumb/v7e-m\libgcc.a(_dvmd_tls.o)
 .ARM.attributes
                0x000009f8       0x1e c:/program files (x86)/atmel/studio/7.0/toolchain/arm/arm-gnu-toolchain/bin/../lib/gcc/arm-none-eabi/6.3.1/thumb/v7e-m/crtn.o

.comment        0x00000000       0x59
 .comment       0x00000000       0x59 src/ASF/sam/drivers/rtc/rtc.o
                                 0x5a (size before relaxing)
 .comment       0x00000059       0x5a src/ASF/sam/drivers/rtt/rtt.o
 .comment       0x00000059       0x5a src/main.o
 .comment       0x00000059       0x5a src/ASF/common/services/spi/sam_spi/spi_master.o
 .comment       0x00000059       0x5a src/ASF/sam/components/display/ili9488/ili9488.o
 .comment       0x00000059       0x5a src/ASF/sam/drivers/spi/spi.o
 .comment       0x00000059       0x5a src/ASF/common/services/clock/same70/sysclk.o
 .comment       0x00000059       0x5a src/ASF/common/utils/interrupt/interrupt_sam_nvic.o
 .comment       0x00000059       0x5a src/ASF/sam/boards/same70_xplained/init.o
 .comment       0x00000059       0x5a src/ASF/sam/drivers/pio/pio.o
 .comment       0x00000059       0x5a src/ASF/sam/drivers/pio/pio_handler.o
 .comment       0x00000059       0x5a src/ASF/sam/drivers/pmc/pmc.o
 .comment       0x00000059       0x5a src/ASF/sam/drivers/pmc/sleep.o
 .comment       0x00000059       0x5a src/ASF/sam/utils/cmsis/same70/source/templates/gcc/startup_same70.o
 .comment       0x00000059       0x5a src/ASF/sam/utils/cmsis/same70/source/templates/system_same70.o
 .comment       0x00000059       0x5a src/ASF/sam/utils/syscalls/gcc/syscalls.o

.debug_info     0x00000000    0x16e04
 .debug_info    0x00000000     0x1158 src/ASF/sam/drivers/rtc/rtc.o
 .debug_info    0x00001158      0xcaf src/ASF/sam/drivers/rtt/rtt.o
 .debug_info    0x00001e07     0x37a7 src/main.o
 .debug_info    0x000055ae     0x143e src/ASF/common/services/spi/sam_spi/spi_master.o
 .debug_info    0x000069ec     0x208c src/ASF/sam/components/display/ili9488/ili9488.o
 .debug_info    0x00008a78     0x1123 src/ASF/sam/drivers/spi/spi.o
 .debug_info    0x00009b9b     0x1311 src/ASF/common/services/clock/same70/sysclk.o
 .debug_info    0x0000aeac      0xb06 src/ASF/common/utils/interrupt/interrupt_sam_nvic.o
 .debug_info    0x0000b9b2     0x1dad src/ASF/sam/boards/same70_xplained/init.o
 .debug_info    0x0000d75f     0x1ce3 src/ASF/sam/drivers/pio/pio.o
 .debug_info    0x0000f442     0x1a74 src/ASF/sam/drivers/pio/pio_handler.o
 .debug_info    0x00010eb6     0x1eed src/ASF/sam/drivers/pmc/pmc.o
 .debug_info    0x00012da3     0x16bf src/ASF/sam/drivers/pmc/sleep.o
 .debug_info    0x00014462     0x1612 src/ASF/sam/utils/cmsis/same70/source/templates/gcc/startup_same70.o
 .debug_info    0x00015a74      0x5d4 src/ASF/sam/utils/cmsis/same70/source/templates/system_same70.o
 .debug_info    0x00016048      0xdbc src/ASF/sam/utils/syscalls/gcc/syscalls.o

.debug_abbrev   0x00000000     0x2a7e
 .debug_abbrev  0x00000000      0x257 src/ASF/sam/drivers/rtc/rtc.o
 .debug_abbrev  0x00000257      0x203 src/ASF/sam/drivers/rtt/rtt.o
 .debug_abbrev  0x0000045a      0x39e src/main.o
 .debug_abbrev  0x000007f8      0x305 src/ASF/common/services/spi/sam_spi/spi_master.o
 .debug_abbrev  0x00000afd      0x2f4 src/ASF/sam/components/display/ili9488/ili9488.o
 .debug_abbrev  0x00000df1      0x2cf src/ASF/sam/drivers/spi/spi.o
 .debug_abbrev  0x000010c0      0x296 src/ASF/common/services/clock/same70/sysclk.o
 .debug_abbrev  0x00001356      0x214 src/ASF/common/utils/interrupt/interrupt_sam_nvic.o
 .debug_abbrev  0x0000156a      0x3f4 src/ASF/sam/boards/same70_xplained/init.o
 .debug_abbrev  0x0000195e      0x296 src/ASF/sam/drivers/pio/pio.o
 .debug_abbrev  0x00001bf4      0x2c9 src/ASF/sam/drivers/pio/pio_handler.o
 .debug_abbrev  0x00001ebd      0x2ce src/ASF/sam/drivers/pmc/pmc.o
 .debug_abbrev  0x0000218b      0x2df src/ASF/sam/drivers/pmc/sleep.o
 .debug_abbrev  0x0000246a      0x2e8 src/ASF/sam/utils/cmsis/same70/source/templates/gcc/startup_same70.o
 .debug_abbrev  0x00002752      0x102 src/ASF/sam/utils/cmsis/same70/source/templates/system_same70.o
 .debug_abbrev  0x00002854      0x22a src/ASF/sam/utils/syscalls/gcc/syscalls.o

.debug_loc      0x00000000     0x6620
 .debug_loc     0x00000000      0x730 src/ASF/sam/drivers/rtc/rtc.o
 .debug_loc     0x00000730      0x330 src/ASF/sam/drivers/rtt/rtt.o
 .debug_loc     0x00000a60      0x58a src/main.o
 .debug_loc     0x00000fea      0x830 src/ASF/common/services/spi/sam_spi/spi_master.o
 .debug_loc     0x0000181a      0xd20 src/ASF/sam/components/display/ili9488/ili9488.o
 .debug_loc     0x0000253a      0x630 src/ASF/sam/drivers/spi/spi.o
 .debug_loc     0x00002b6a      0x4a0 src/ASF/common/services/clock/same70/sysclk.o
 .debug_loc     0x0000300a       0xa0 src/ASF/common/utils/interrupt/interrupt_sam_nvic.o
 .debug_loc     0x000030aa      0x2fc src/ASF/sam/boards/same70_xplained/init.o
 .debug_loc     0x000033a6     0x1174 src/ASF/sam/drivers/pio/pio.o
 .debug_loc     0x0000451a      0x38c src/ASF/sam/drivers/pio/pio_handler.o
 .debug_loc     0x000048a6     0x1744 src/ASF/sam/drivers/pmc/pmc.o
 .debug_loc     0x00005fea       0xe6 src/ASF/sam/drivers/pmc/sleep.o
 .debug_loc     0x000060d0      0x16c src/ASF/sam/utils/cmsis/same70/source/templates/gcc/startup_same70.o
 .debug_loc     0x0000623c       0xe4 src/ASF/sam/utils/cmsis/same70/source/templates/system_same70.o
 .debug_loc     0x00006320      0x300 src/ASF/sam/utils/syscalls/gcc/syscalls.o

.debug_aranges  0x00000000      0xb50
 .debug_aranges
                0x00000000       0xb8 src/ASF/sam/drivers/rtc/rtc.o
 .debug_aranges
                0x000000b8       0x60 src/ASF/sam/drivers/rtt/rtt.o
 .debug_aranges
                0x00000118       0xa8 src/main.o
 .debug_aranges
                0x000001c0       0xe0 src/ASF/common/services/spi/sam_spi/spi_master.o
 .debug_aranges
                0x000002a0      0x168 src/ASF/sam/components/display/ili9488/ili9488.o
 .debug_aranges
                0x00000408       0xa8 src/ASF/sam/drivers/spi/spi.o
 .debug_aranges
                0x000004b0       0x98 src/ASF/common/services/clock/same70/sysclk.o
 .debug_aranges