Archive member included to satisfy reference by file (symbol)

c:/program files (x86)/atmel/studio/7.0/toolchain/arm/arm-gnu-toolchain/bin/../lib/gcc/arm-none-eabi/6.3.1/thumb/v7e-m\libgcc.a(_arm_addsubdf3.o)
                              src/main.o (__aeabi_dadd)
c:/program files (x86)/atmel/studio/7.0/toolchain/arm/arm-gnu-toolchain/bin/../lib/gcc/arm-none-eabi/6.3.1/thumb/v7e-m\libgcc.a(_arm_muldivdf3.o)
                              src/main.o (__aeabi_dmul)
c:/program files (x86)/atmel/studio/7.0/toolchain/arm/arm-gnu-toolchain/bin/../lib/gcc/arm-none-eabi/6.3.1/thumb/v7e-m\libgcc.a(_arm_fixunsdfsi.o)
                              src/main.o (__aeabi_d2uiz)
c:/program files (x86)/atmel/studio/7.0/toolchain/arm/arm-gnu-toolchain/bin/../lib/gcc/arm-none-eabi/6.3.1/thumb/v7e-m\libgcc.a(_arm_truncdfsf2.o)
                              src/main.o (__aeabi_d2f)
c:/program files (x86)/atmel/studio/7.0/toolchain/arm/arm-gnu-toolchain/bin/../lib/gcc/arm-none-eabi/6.3.1/../../../../arm-none-eabi/lib/thumb/v7e-m\libc.a(lib_a-exit.o)
                              c:/program files (x86)/atmel/studio/7.0/toolchain/arm/arm-gnu-toolchain/bin/../lib/gcc/arm-none-eabi/6.3.1/../../../../arm-none-eabi/lib/thumb/v7e-m/crt0.o (exit)
c:/program files (x86)/atmel/studio/7.0/toolchain/arm/arm-gnu-toolchain/bin/../lib/gcc/arm-none-eabi/6.3.1/../../../../arm-none-eabi/lib/thumb/v7e-m\libc.a(lib_a-impure.o)
                              c:/program files (x86)/atmel/studio/7.0/toolchain/arm/arm-gnu-toolchain/bin/../lib/gcc/arm-none-eabi/6.3.1/../../../../arm-none-eabi/lib/thumb/v7e-m\libc.a(lib_a-exit.o) (_global_impure_ptr)
c:/program files (x86)/atmel/studio/7.0/toolchain/arm/arm-gnu-toolchain/bin/../lib/gcc/arm-none-eabi/6.3.1/../../../../arm-none-eabi/lib/thumb/v7e-m\libc.a(lib_a-init.o)
                              c:/program files (x86)/atmel/studio/7.0/toolchain/arm/arm-gnu-toolchain/bin/../lib/gcc/arm-none-eabi/6.3.1/../../../../arm-none-eabi/lib/thumb/v7e-m/crt0.o (__libc_init_array)
c:/program files (x86)/atmel/studio/7.0/toolchain/arm/arm-gnu-toolchain/bin/../lib/gcc/arm-none-eabi/6.3.1/../../../../arm-none-eabi/lib/thumb/v7e-m\libc.a(lib_a-memset.o)
                              c:/program files (x86)/atmel/studio/7.0/toolchain/arm/arm-gnu-toolchain/bin/../lib/gcc/arm-none-eabi/6.3.1/../../../../arm-none-eabi/lib/thumb/v7e-m/crt0.o (memset)
c:/program files (x86)/atmel/studio/7.0/toolchain/arm/arm-gnu-toolchain/bin/../lib/gcc/arm-none-eabi/6.3.1/../../../../arm-none-eabi/lib/thumb/v7e-m\libc.a(lib_a-sprintf.o)
                              src/main.o (sprintf)
c:/program files (x86)/atmel/studio/7.0/toolchain/arm/arm-gnu-toolchain/bin/../lib/gcc/arm-none-eabi/6.3.1/../../../../arm-none-eabi/lib/thumb/v7e-m\libc.a(lib_a-svfprintf.o)
                              c:/program files (x86)/atmel/studio/7.0/toolchain/arm/arm-gnu-toolchain/bin/../lib/gcc/arm-none-eabi/6.3.1/../../../../arm-none-eabi/lib/thumb/v7e-m\libc.a(lib_a-sprintf.o) (_svfprintf_r)
c:/program files (x86)/atmel/studio/7.0/toolchain/arm/arm-gnu-toolchain/bin/../lib/gcc/arm-none-eabi/6.3.1/../../../../arm-none-eabi/lib/thumb/v7e-m\libc.a(lib_a-__call_atexit.o)
                              c:/program files (x86)/atmel/studio/7.0/toolchain/arm/arm-gnu-toolchain/bin/../lib/gcc/arm-none-eabi/6.3.1/../../../../arm-none-eabi/lib/thumb/v7e-m\libc.a(lib_a-exit.o) (__call_exitprocs)
c:/program files (x86)/atmel/studio/7.0/toolchain/arm/arm-gnu-toolchain/bin/../lib/gcc/arm-none-eabi/6.3.1/../../../../arm-none-eabi/lib/thumb/v7e-m\libc.a(lib_a-atexit.o)
                              c:/program files (x86)/atmel/studio/7.0/toolchain/arm/arm-gnu-toolchain/bin/../lib/gcc/arm-none-eabi/6.3.1/../../../../arm-none-eabi/lib/thumb/v7e-m\libc.a(lib_a-__call_atexit.o) (atexit)
c:/program files (x86)/atmel/studio/7.0/toolchain/arm/arm-gnu-toolchain/bin/../lib/gcc/arm-none-eabi/6.3.1/../../../../arm-none-eabi/lib/thumb/v7e-m\libc.a(lib_a-dtoa.o)
                              c:/program files (x86)/atmel/studio/7.0/toolchain/arm/arm-gnu-toolchain/bin/../lib/gcc/arm-none-eabi/6.3.1/../../../../arm-none-eabi/lib/thumb/v7e-m\libc.a(lib_a-svfprintf.o) (_dtoa_r)
c:/program files (x86)/atmel/studio/7.0/toolchain/arm/arm-gnu-toolchain/bin/../lib/gcc/arm-none-eabi/6.3.1/../../../../arm-none-eabi/lib/thumb/v7e-m\libc.a(lib_a-fini.o)
                              c:/program files (x86)/atmel/studio/7.0/toolchain/arm/arm-gnu-toolchain/bin/../lib/gcc/arm-none-eabi/6.3.1/../../../../arm-none-eabi/lib/thumb/v7e-m\libc.a(lib_a-__call_atexit.o) (__libc_fini_array)
c:/program files (x86)/atmel/studio/7.0/toolchain/arm/arm-gnu-toolchain/bin/../lib/gcc/arm-none-eabi/6.3.1/../../../../arm-none-eabi/lib/thumb/v7e-m\libc.a(lib_a-localeconv.o)
                              c:/program files (x86)/atmel/studio/7.0/toolchain/arm/arm-gnu-toolchain/bin/../lib/gcc/arm-none-eabi/6.3.1/../../../../arm-none-eabi/lib/thumb/v7e-m\libc.a(lib_a-svfprintf.o) (_localeconv_r)
[...]
Memory Configuration

Name             Origin             Length             Attributes
rom              0x00400000         0x00200000         xr
ram              0x20400000         0x00060000         xrw
*default*        0x00000000         0xffffffff

Linker script and memory map

LOAD c:/program files (x86)/atmel/studio/7.0/toolchain/arm/arm-gnu-toolchain/bin/../lib/gcc/arm-none-eabi/6.3.1/thumb/v7e-m/crti.o
LOAD c:/program files (x86)/atmel/studio/7.0/toolchain/arm/arm-gnu-toolchain/bin/../lib/gcc/arm-none-eabi/6.3.1/thumb/v7e-m/crtbegin.o
LOAD c:/program files (x86)/atmel/studio/7.0/toolchain/arm/arm-gnu-toolchain/bin/../lib/gcc/arm-none-eabi/6.3.1/../../../../arm-none-eabi/lib/thumb/v7e-m/crt0.o
LOAD src/ASF/sam/drivers/rtc/rtc.o
LOAD src/ASF/sam/drivers/rtt/rtt.o
LOAD src/main.o
LOAD src/ASF/common/services/delay/sam/cycle_counter.o
LOAD src/ASF/common/services/spi/sam_spi/spi_master.o
LOAD src/ASF/sam/components/display/ili9488/ili9488.o
LOAD src/ASF/sam/drivers/spi/spi.o
LOAD src/ASF/common/services/clock/same70/sysclk.o
LOAD src/ASF/common/utils/interrupt/interrupt_sam_nvic.o
LOAD src/ASF/sam/boards/same70_xplained/init.o
LOAD src/ASF/sam/drivers/mpu/mpu.o
LOAD src/ASF/sam/drivers/pio/pio.o
LOAD src/ASF/sam/drivers/pio/pio_handler.o
LOAD src/ASF/sam/drivers/pmc/pmc.o
LOAD src/ASF/sam/drivers/pmc/sleep.o
LOAD src/ASF/sam/utils/cmsis/same70/source/templates/gcc/startup_same70.o
LOAD src/ASF/sam/utils/cmsis/same70/source/templates/system_same70.o
LOAD src/ASF/sam/utils/syscalls/gcc/syscalls.o
START GROUP
LOAD ../src/ASF/thirdparty/CMSIS/Lib/GCC\libarm_cortexM7lfsp_math_softfp.a
LOAD c:/program files (x86)/atmel/studio/7.0/toolchain/arm/arm-gnu-toolchain/bin/../lib/gcc/arm-none-eabi/6.3.1/../../../../arm-none-eabi/lib/thumb/v7e-m\libm.a
END GROUP
START GROUP
LOAD c:/program files (x86)/atmel/studio/7.0/toolchain/arm/arm-gnu-toolchain/bin/../lib/gcc/arm-none-eabi/6.3.1/thumb/v7e-m\libgcc.a
LOAD c:/program files (x86)/atmel/studio/7.0/toolchain/arm/arm-gnu-toolchain/bin/../lib/gcc/arm-none-eabi/6.3.1/../../../../arm-none-eabi/lib/thumb/v7e-m\libc.a
END GROUP
LOAD c:/program files (x86)/atmel/studio/7.0/toolchain/arm/arm-gnu-toolchain/bin/../lib/gcc/arm-none-eabi/6.3.1/thumb/v7e-m/crtend.o
LOAD c:/program files (x86)/atmel/studio/7.0/toolchain/arm/arm-gnu-toolchain/bin/../lib/gcc/arm-none-eabi/6.3.1/thumb/v7e-m/crtn.o
                0x00002000                STACK_SIZE = DEFINED (STACK_SIZE)?STACK_SIZE:0x2000
                0x2045fffc                __ram_end__ = ((ORIGIN (ram) + LENGTH (ram)) - 0x4)
                0x00000200                HEAP_SIZE = DEFINED (HEAP_SIZE)?HEAP_SIZE:0x200

.text           0x00400000    0x35444
                0x00400000                . = ALIGN (0x4)
                0x00400000                _sfixed = .
 *(.vectors .vectors.*)
 .vectors       0x00400000      0x168 src/ASF/sam/utils/cmsis/same70/source/templates/gcc/startup_same70.o
                0x00400000                exception_table
 *(.text .text.* .gnu.linkonce.t.*)
 .text          0x00400168       0x6c c:/program files (x86)/atmel/studio/7.0/toolchain/arm/arm-gnu-toolchain/bin/../lib/gcc/arm-none-eabi/6.3.1/thumb/v7e-m/crtbegin.o
 .text.rtc_set_hour_mode
                0x004001d4       0x36 src/ASF/sam/drivers/rtc/rtc.o
                0x004001d4                rtc_set_hour_mode
 .text.rtc_enable_interrupt
                0x0040020a       0x1c src/ASF/sam/drivers/rtc/rtc.o
                0x0040020a                rtc_enable_interrupt
 .text.rtc_get_time
                0x00400226       0xc4 src/ASF/sam/drivers/rtc/rtc.o
                0x00400226                rtc_get_time
 *fill*         0x004002ea        0x2 
 .text.rtc_set_time
                0x004002ec      0x108 src/ASF/sam/drivers/rtc/rtc.o
                0x004002ec                rtc_set_time
 .text.rtc_set_time_alarm
                0x004003f4      0x100 src/ASF/sam/drivers/rtc/rtc.o
                0x004003f4                rtc_set_time_alarm
 .text.rtc_set_date
                0x004004f4      0x140 src/ASF/sam/drivers/rtc/rtc.o
                0x004004f4                rtc_set_date
 .text.rtc_set_date_alarm
                0x00400634       0xb0 src/ASF/sam/drivers/rtc/rtc.o
                0x00400634                rtc_set_date_alarm
 .text.rtc_get_status
                0x004006e4       0x18 src/ASF/sam/drivers/rtc/rtc.o
                0x004006e4                rtc_get_status
 .text.rtc_clear_status
                0x004006fc       0x1c src/ASF/sam/drivers/rtc/rtc.o
                0x004006fc                rtc_clear_status
 .text.rtt_init
                0x00400718       0x30 src/ASF/sam/drivers/rtt/rtt.o
                0x00400718                rtt_init
 .text.rtt_sel_source
                0x00400748       0x58 src/ASF/sam/drivers/rtt/rtt.o
                0x00400748                rtt_sel_source
 .text.rtt_enable_interrupt
                0x004007a0       0x38 src/ASF/sam/drivers/rtt/rtt.o
                0x004007a0                rtt_enable_interrupt
 .text.rtt_disable_interrupt
                0x004007d8       0x40 src/ASF/sam/drivers/rtt/rtt.o
                0x004007d8                rtt_disable_interrupt
 .text.rtt_read_timer_value
                0x00400818       0x2e src/ASF/sam/drivers/rtt/rtt.o
                0x00400818                rtt_read_timer_value
 .text.rtt_get_status
                0x00400846       0x18 src/ASF/sam/drivers/rtt/rtt.o
                0x00400846                rtt_get_status
 *fill*         0x0040085e        0x2 
 .text.rtt_write_alarm_time
                0x00400860       0x5c src/ASF/sam/drivers/rtt/rtt.o
                0x00400860                rtt_write_alarm_time
 .text.NVIC_EnableIRQ
                0x004008bc       0x34 src/main.o
 .text.NVIC_DisableIRQ
                0x004008f0       0x34 src/main.o
 .text.NVIC_ClearPendingIRQ
                0x00400924       0x34 src/main.o
 .text.NVIC_SetPriority
                0x00400958       0x54 src/main.o
 *fill*         0x004009ac        0x4 
 .text.RTT_Handler
                0x004009b0      0x15c src/main.o
                0x004009b0                RTT_Handler
 .text.Button1_Handler
                0x00400b0c       0x34 src/main.o
 .text.Button2_Handler
                0x00400b40       0x30 src/main.o
 .text.BUT_init
                0x00400b70       0xcc src/main.o
                0x00400b70                BUT_init
 .text.pin_toggle
                0x00400c3c       0x40 src/main.o
                0x00400c3c                pin_toggle
 .text.io_init  0x00400c7c       0x2c src/main.o
                0x00400c7c                io_init
 .text.RTT_init
                0x00400ca8       0x98 src/main.o
 .text.configure_lcd
                0x00400d40       0x4c src/main.o
                0x00400d40                configure_lcd
 .text.font_draw_text
                0x00400d8c       0x88 src/main.o
                0x00400d8c                font_draw_text
 .text.draw_display
                0x00400e14      0x144 src/main.o
                0x00400e14                draw_display
 .text.RTC_init
                0x00400f58       0x84 src/main.o
                0x00400f58                RTC_init
 .text.RTC_Handler
                0x00400fdc      0x114 src/main.o
                0x00400fdc                RTC_Handler
 .text.main     0x004010f0       0xe0 src/main.o
                0x004010f0                main
 .text.osc_get_rate
                0x004011d0       0x74 src/ASF/common/services/spi/sam_spi/spi_master.o
 .text.sysclk_get_main_hz
                0x00401244       0x20 src/ASF/common/services/spi/sam_spi/spi_master.o
 .text.sysclk_get_peripheral_hz
                0x00401264       0x14 src/ASF/common/services/spi/sam_spi/spi_master.o
 .text.spi_reset
                0x00401278       0x1a src/ASF/common/services/spi/sam_spi/spi_master.o
 .text.spi_set_master_mode
                0x00401292       0x20 src/ASF/common/services/spi/sam_spi/spi_master.o
 .text.spi_set_fixed_peripheral_select
                0x004012b2       0x20 src/ASF/common/services/spi/sam_spi/spi_master.o
 .text.spi_disable_peripheral_select_decode
                0x004012d2       0x20 src/ASF/common/services/spi/sam_spi/spi_master.o
 .text.spi_get_peripheral_select_decode_setting
                0x004012f2       0x26 src/ASF/common/services/spi/sam_spi/spi_master.o
 .text.spi_disable_mode_fault_detect
                0x00401318       0x20 src/ASF/common/services/spi/sam_spi/spi_master.o
 .text.spi_disable_loopback
                0x00401338       0x20 src/ASF/common/services/spi/sam_spi/spi_master.o
 .text.spi_put  0x00401358       0x1e src/ASF/common/services/spi/sam_spi/spi_master.o
 .text.spi_get  0x00401376       0x1a src/ASF/common/services/spi/sam_spi/spi_master.o
 .text.spi_is_tx_ready
                0x00401390       0x26 src/ASF/common/services/spi/sam_spi/spi_master.o
 .text.spi_is_rx_ready
                0x004013b6       0x2c src/ASF/common/services/spi/sam_spi/spi_master.o
 *fill*         0x004013e2        0x2 
 .text.spi_write_single
                0x004013e4       0x24 src/ASF/common/services/spi/sam_spi/spi_master.o
 .text.spi_read_single
                0x00401408       0x24 src/ASF/common/services/spi/sam_spi/spi_master.o
 .text.spi_master_init
                0x0040142c       0x70 src/ASF/common/services/spi/sam_spi/spi_master.o
                0x0040142c                spi_master_init
 .text.spi_master_setup_device
                0x0040149c       0xb4 src/ASF/common/services/spi/sam_spi/spi_master.o
                0x0040149c                spi_master_setup_device
 .text.spi_select_device
                0x00401550       0x58 src/ASF/common/services/spi/sam_spi/spi_master.o
                0x00401550                spi_select_device
 .text.spi_write_packet
                0x004015a8       0x74 src/ASF/common/services/spi/sam_spi/spi_master.o
                0x004015a8                spi_write_packet
 .text.spi_read_packet
                0x0040161c       0xac src/ASF/common/services/spi/sam_spi/spi_master.o
                0x0040161c                spi_read_packet
 .text.spi_enable
                0x004016c8       0x1a src/ASF/sam/components/display/ili9488/ili9488.o
 .text.spi_enable_interrupt
                0x004016e2       0x1c src/ASF/sam/components/display/ili9488/ili9488.o
 *fill*         0x004016fe        0x2 
 .text.ili9488_write_ram_prepare
                0x00401700       0x40 src/ASF/sam/components/display/ili9488/ili9488.o
 .text.ili9488_write_ram_buffer
                0x00401740       0x40 src/ASF/sam/components/display/ili9488/ili9488.o
 .text.ili9488_write_register
                0x00401780       0x78 src/ASF/sam/components/display/ili9488/ili9488.o
 .text.ili9488_read_chipid
                0x004017f8       0xcc src/ASF/sam/components/display/ili9488/ili9488.o
 .text.ili9488_delay
                0x004018c4       0x40 src/ASF/sam/components/display/ili9488/ili9488.o
                0x004018c4                ili9488_delay
 .text.ili9488_check_box_coordinates
                0x00401904       0xa2 src/ASF/sam/components/display/ili9488/ili9488.o
 *fill*         0x004019a6        0x2 
 .text.ili9488_set_display_direction
                0x004019a8       0x34 src/ASF/sam/components/display/ili9488/ili9488.o
                0x004019a8                ili9488_set_display_direction
 .text.ili9488_set_window
                0x004019dc       0xc8 src/ASF/sam/components/display/ili9488/ili9488.o
                0x004019dc                ili9488_set_window
 .text.ili9488_init
                0x00401aa4      0x15c src/ASF/sam/components/display/ili9488/ili9488.o
                0x00401aa4                ili9488_init
 .text.ili9488_display_on
                0x00401c00       0x18 src/ASF/sam/components/display/ili9488/ili9488.o
                0x00401c00                ili9488_display_on
 .text.ili9488_set_foreground_color
                0x00401c18       0x54 src/ASF/sam/components/display/ili9488/ili9488.o
                0x00401c18                ili9488_set_foreground_color
 .text.ili9488_set_cursor_position
                0x00401c6c       0x84 src/ASF/sam/components/display/ili9488/ili9488.o
                0x00401c6c                ili9488_set_cursor_position
 .text.ili9488_draw_filled_rectangle
                0x00401cf0       0xdc src/ASF/sam/components/display/ili9488/ili9488.o
                0x00401cf0                ili9488_draw_filled_rectangle
 .text.ili9488_draw_pixmap
                0x00401dcc       0xb4 src/ASF/sam/components/display/ili9488/ili9488.o
                0x00401dcc                ili9488_draw_pixmap
 .text.spi_get_peripheral_select_mode
                0x00401e80       0x26 src/ASF/sam/drivers/spi/spi.o
 *fill*         0x00401ea6        0x2 
 .text.sysclk_enable_peripheral_clock
                0x00401ea8       0x1c src/ASF/sam/drivers/spi/spi.o
 .text.spi_enable_clock
                0x00401ec4       0x3c src/ASF/sam/drivers/spi/spi.o
                0x00401ec4                spi_enable_clock
 .text.spi_set_peripheral_chip_select_value
                0x00401f00       0x34 src/ASF/sam/drivers/spi/spi.o
                0x00401f00                spi_set_peripheral_chip_select_value
 .text.spi_set_delay_between_chip_select
                0x00401f34       0x30 src/ASF/sam/drivers/spi/spi.o
                0x00401f34                spi_set_delay_between_chip_select
 .text.spi_write
                0x00401f64       0x80 src/ASF/sam/drivers/spi/spi.o
                0x00401f64                spi_write
 .text.spi_set_clock_polarity
                0x00401fe4       0x50 src/ASF/sam/drivers/spi/spi.o
                0x00401fe4                spi_set_clock_polarity
 .text.spi_set_clock_phase
                0x00402034       0x50 src/ASF/sam/drivers/spi/spi.o
                0x00402034                spi_set_clock_phase
 .text.spi_configure_cs_behavior
                0x00402084       0xa6 src/ASF/sam/drivers/spi/spi.o
                0x00402084                spi_configure_cs_behavior
 .text.spi_set_bits_per_transfer
                0x0040212a       0x4a src/ASF/sam/drivers/spi/spi.o
                0x0040212a                spi_set_bits_per_transfer
 .text.spi_calc_baudrate_div
                0x00402174       0x3c src/ASF/sam/drivers/spi/spi.o
                0x00402174                spi_calc_baudrate_div
 .text.spi_set_baudrate_div
                0x004021b0       0x5e src/ASF/sam/drivers/spi/spi.o
                0x004021b0                spi_set_baudrate_div
 .text.spi_set_transfer_delay
                0x0040220e       0x5e src/ASF/sam/drivers/spi/spi.o
                0x0040220e                spi_set_transfer_delay
 .text.osc_enable
                0x0040226c       0x88 src/ASF/common/services/clock/same70/sysclk.o
 .text.osc_is_ready
                0x004022f4       0x70 src/ASF/common/services/clock/same70/sysclk.o
 .text.osc_get_rate
                0x00402364       0x74 src/ASF/common/services/clock/same70/sysclk.o
 .text.osc_wait_ready
                0x004023d8       0x2c src/ASF/common/services/clock/same70/sysclk.o
 .text.pll_config_init
                0x00402404       0x6c src/ASF/common/services/clock/same70/sysclk.o
 .text.pll_enable
                0x00402470       0x40 src/ASF/common/services/clock/same70/sysclk.o
 .text.pll_is_locked
                0x004024b0       0x2c src/ASF/common/services/clock/same70/sysclk.o
 .text.pll_enable_source
                0x004024dc       0x38 src/ASF/common/services/clock/same70/sysclk.o
 .text.pll_wait_for_lock
                0x00402514       0x24 src/ASF/common/services/clock/same70/sysclk.o
 .text.sysclk_get_main_hz
                0x00402538       0x20 src/ASF/common/services/clock/same70/sysclk.o
 .text.sysclk_get_cpu_hz
                0x00402558       0x14 src/ASF/common/services/clock/same70/sysclk.o
 .text.sysclk_init
                0x0040256c       0x7c src/ASF/common/services/clock/same70/sysclk.o
                0x0040256c                sysclk_init
 .text.SCB_EnableICache
                0x004025e8       0x38 src/ASF/sam/boards/same70_xplained/init.o
 .text.SCB_EnableDCache
                0x00402620       0xa4 src/ASF/sam/boards/same70_xplained/init.o
 .text.sysclk_enable_peripheral_clock
                0x004026c4       0x1c src/ASF/sam/boards/same70_xplained/init.o
 .text.ioport_init
                0x004026e0       0x2c src/ASF/sam/boards/same70_xplained/init.o
 .text.ioport_set_pin_mode
                0x0040270c      0x11c src/ASF/sam/boards/same70_xplained/init.o
 .text.ioport_set_pin_dir
                0x00402828       0x88 src/ASF/sam/boards/same70_xplained/init.o
 .text.ioport_set_pin_level
                0x004028b0       0x6c src/ASF/sam/boards/same70_xplained/init.o
 .text.ioport_set_pin_sense_mode
                0x0040291c       0xd0 src/ASF/sam/boards/same70_xplained/init.o
 .text.tcm_disable
                0x004029ec       0x44 src/ASF/sam/boards/same70_xplained/init.o
 .text.board_init
                0x00402a30      0x188 src/ASF/sam/boards/same70_xplained/init.o
                0x00402a30                board_init
 .text.pio_pull_up
                0x00402bb8       0x2c src/ASF/sam/drivers/pio/pio.o
                0x00402bb8                pio_pull_up
 .text.pio_set_debounce_filter
                0x00402be4       0x38 src/ASF/sam/drivers/pio/pio.o
                0x00402be4                pio_set_debounce_filter
 .text.pio_set  0x00402c1c       0x1c src/ASF/sam/drivers/pio/pio.o
                0x00402c1c                pio_set
 .text.pio_clear
                0x00402c38       0x1c src/ASF/sam/drivers/pio/pio.o
                0x00402c38                pio_clear
 .text.pio_set_peripheral
                0x00402c54      0x110 src/ASF/sam/drivers/pio/pio.o
                0x00402c54                pio_set_peripheral
 .text.pio_set_input
                0x00402d64       0x80 src/ASF/sam/drivers/pio/pio.o
                0x00402d64                pio_set_input
 .text.pio_set_output
                0x00402de4       0x64 src/ASF/sam/drivers/pio/pio.o
                0x00402de4                pio_set_output
 .text.pio_configure
                0x00402e48       0xcc src/ASF/sam/drivers/pio/pio.o
                0x00402e48                pio_configure
 .text.pio_get_output_data_status
                0x00402f14       0x28 src/ASF/sam/drivers/pio/pio.o
                0x00402f14                pio_get_output_data_status
 .text.pio_configure_interrupt
                0x00402f3c       0x6c src/ASF/sam/drivers/pio/pio.o
                0x00402f3c                pio_configure_interrupt
 .text.pio_enable_interrupt
                0x00402fa8       0x1c src/ASF/sam/drivers/pio/pio.o
                0x00402fa8                pio_enable_interrupt
 .text.pio_disable_interrupt
                0x00402fc4       0x1c src/ASF/sam/drivers/pio/pio.o
                0x00402fc4                pio_disable_interrupt
 .text.pio_get_interrupt_status
                0x00402fe0       0x18 src/ASF/sam/drivers/pio/pio.o
                0x00402fe0                pio_get_interrupt_status
 .text.pio_get_interrupt_mask
                0x00402ff8       0x18 src/ASF/sam/drivers/pio/pio.o
                0x00402ff8                pio_get_interrupt_mask
 .text.pio_set_pin_high
                0x00403010       0x30 src/ASF/sam/drivers/pio/pio.o
                0x00403010                pio_set_pin_high
 .text.pio_set_pin_low
                0x00403040       0x30 src/ASF/sam/drivers/pio/pio.o
                0x00403040                pio_set_pin_low
 .text.pio_configure_pin
                0x00403070      0x1b0 src/ASF/sam/drivers/pio/pio.o
                0x00403070                pio_configure_pin
 .text.pio_get_pin_group
                0x00403220       0x28 src/ASF/sam/drivers/pio/pio.o
                0x00403220                pio_get_pin_group
 .text.pio_handler_process
                0x00403248       0xb4 src/ASF/sam/drivers/pio/pio_handler.o
                0x00403248                pio_handler_process
 .text.pio_handler_set
                0x004032fc       0xa0 src/ASF/sam/drivers/pio/pio_handler.o
                0x004032fc                pio_handler_set
 .text.PIOA_Handler
                0x0040339c       0x18 src/ASF/sam/drivers/pio/pio_handler.o
                0x0040339c                PIOA_Handler
 .text.PIOB_Handler
                0x004033b4       0x18 src/ASF/sam/drivers/pio/pio_handler.o
                0x004033b4                PIOB_Handler
 .text.PIOC_Handler
                0x004033cc       0x18 src/ASF/sam/drivers/pio/pio_handler.o
                0x004033cc                PIOC_Handler
 .text.PIOD_Handler
                0x004033e4       0x18 src/ASF/sam/drivers/pio/pio_handler.o
                0x004033e4                PIOD_Handler
 .text.PIOE_Handler
                0x004033fc       0x18 src/ASF/sam/drivers/pio/pio_handler.o
                0x004033fc                PIOE_Handler
 .text.pmc_mck_set_division
                0x00403414       0x7c src/ASF/sam/drivers/pmc/pmc.o
                0x00403414                pmc_mck_set_division
 .text.pmc_switch_mck_to_pllack
                0x00403490       0x84 src/ASF/sam/drivers/pmc/pmc.o
                0x00403490                pmc_switch_mck_to_pllack
 .text.pmc_switch_sclk_to_32kxtal
                0x00403514       0x38 src/ASF/sam/drivers/pmc/pmc.o
                0x00403514                pmc_switch_sclk_to_32kxtal
 .text.pmc_osc_is_ready_32kxtal
                0x0040354c       0x34 src/ASF/sam/drivers/pmc/pmc.o
                0x0040354c                pmc_osc_is_ready_32kxtal
 .text.pmc_switch_mainck_to_fastrc
                0x00403580       0x70 src/ASF/sam/drivers/pmc/pmc.o
                0x00403580                pmc_switch_mainck_to_fastrc
 .text.pmc_switch_mainck_to_xtal
                0x004035f0       0x78 src/ASF/sam/drivers/pmc/pmc.o
                0x004035f0                pmc_switch_mainck_to_xtal
 .text.pmc_osc_is_ready_mainck
                0x00403668       0x1c src/ASF/sam/drivers/pmc/pmc.o
                0x00403668                pmc_osc_is_ready_mainck
 .text.pmc_disable_pllack
                0x00403684       0x1c src/ASF/sam/drivers/pmc/pmc.o
                0x00403684                pmc_disable_pllack
 .text.pmc_is_locked_pllack
                0x004036a0       0x1c src/ASF/sam/drivers/pmc/pmc.o
                0x004036a0                pmc_is_locked_pllack
 .text.pmc_is_locked_upll
                0x004036bc       0x1c src/ASF/sam/drivers/pmc/pmc.o
                0x004036bc                pmc_is_locked_upll
 .text.pmc_enable_periph_clk
                0x004036d8       0x3c src/ASF/sam/drivers/pmc/pmc.o
                0x004036d8                pmc_enable_periph_clk
 .text.pmc_set_flash_in_wait_mode
                0x00403714       0x20 src/ASF/sam/drivers/pmc/pmc.o
                0x00403714                pmc_set_flash_in_wait_mode
 .text.pmc_enable_waitmode
                0x00403734       0x90 src/ASF/sam/drivers/pmc/pmc.o
                0x00403734                pmc_enable_waitmode
 .text.pmc_sleep
                0x004037c4      0x398 src/ASF/sam/drivers/pmc/sleep.o
                0x004037c4                pmc_sleep
 .text.cpu_irq_save
                0x00403b5c       0x38 src/ASF/sam/utils/cmsis/same70/source/templates/gcc/startup_same70.o
 .text.cpu_irq_is_enabled_flags
                0x00403b94       0x20 src/ASF/sam/utils/cmsis/same70/source/templates/gcc/startup_same70.o
 .text.cpu_irq_restore
                0x00403bb4       0x30 src/ASF/sam/utils/cmsis/same70/source/templates/gcc/startup_same70.o
 .text.Reset_Handler
                0x00403be4       0xb0 src/ASF/sam/utils/cmsis/same70/source/templates/gcc/startup_same70.o
                0x00403be4                Reset_Handler
 .text.Dummy_Handler
                0x00403c94        0x6 src/ASF/sam/utils/cmsis/same70/source/templates/gcc/startup_same70.o
                0x00403c94                DACC_Handler
                0x00403c94                DebugMon_Handler
                0x00403c94                UART3_Handler
                0x00403c94                UART2_Handler
                0x00403c94                TRNG_Handler
                0x00403c94                HardFault_Handler
                0x00403c94                TC2_Handler
                0x00403c94                SysTick_Handler
                0x00403c94                AFEC1_Handler
                0x00403c94                PendSV_Handler
                0x00403c94                NMI_Handler
                0x00403c94                TC7_Handler
                0x00403c94                QSPI_Handler
                0x00403c94                ISI_Handler
                0x00403c94                MCAN0_INT0_Handler
                0x00403c94                TC9_Handler
                0x00403c94                RSWDT_Handler
                0x00403c94                USART0_Handler
                0x00403c94                USBHS_Handler
                0x00403c94                IXC_Handler
                0x00403c94                CCF_Handler
                0x00403c94                UsageFault_Handler
                0x00403c94                TC6_Handler
                0x00403c94                WDT_Handler
                0x00403c94                MCAN1_INT1_Handler
                0x00403c94                TC4_Handler
                0x00403c94                TC1_Handler
                0x00403c94                HSMCI_Handler
                0x00403c94                UART1_Handler
                0x00403c94                TC3_Handler
                0x00403c94                Dummy_Handler
                0x00403c94                TWIHS1_Handler
                0x00403c94                XDMAC_Handler
                0x00403c94                UART4_Handler
                0x00403c94                PWM1_Handler
                0x00403c94                USART1_Handler
                0x00403c94                PWM0_Handler
                0x00403c94                AFEC0_Handler
                0x00403c94                CCW_Handler
                0x00403c94                TC11_Handler
                0x00403c94                SSC_Handler
                0x00403c94                ACC_Handler
                0x00403c94                PMC_Handler
                0x00403c94                GMAC_Handler
                0x00403c94                MCAN0_INT1_Handler
                0x00403c94                GMAC_Q5_Handler
                0x00403c94                MemManage_Handler
                0x00403c94                SUPC_Handler
                0x00403c94                SVC_Handler
                0x00403c94                TC8_Handler
                0x00403c94                MCAN1_INT0_Handler
                0x00403c94                EFC_Handler
                0x00403c94                GMAC_Q1_Handler
                0x00403c94                USART2_Handler
                0x00403c94                SDRAMC_Handler
                0x00403c94                GMAC_Q2_Handler
                0x00403c94                SPI1_Handler
                0x00403c94                TC10_Handler
                0x00403c94                GMAC_Q3_Handler
                0x00403c94                TWIHS2_Handler
                0x00403c94                I2SC0_Handler
                0x00403c94                UART0_Handler
                0x00403c94                I2SC1_Handler
                0x00403c94                GMAC_Q4_Handler
                0x00403c94                FPU_Handler
                0x00403c94                BusFault_Handler
                0x00403c94                RSTC_Handler
                0x00403c94                TC0_Handler
                0x00403c94                TC5_Handler
                0x00403c94                AES_Handler
                0x00403c94                ICM_Handler
                0x00403c94                TWIHS0_Handler
                0x00403c94                SPI0_Handler
 *fill*         0x00403c9a        0x2 
 .text.SystemCoreClockUpdate
                0x00403c9c      0x168 src/ASF/sam/utils/cmsis/same70/source/templates/system_same70.o
                0x00403c9c                SystemCoreClockUpdate
 .text.system_init_flash
                0x00403e04       0xb0 src/ASF/sam/utils/cmsis/same70/source/templates/system_same70.o
                0x00403e04                system_init_flash
 .text._sbrk    0x00403eb4       0x58 src/ASF/sam/utils/syscalls/gcc/syscalls.o
                0x00403eb4                _sbrk
 .text          0x00403f0c      0x370 c:/program files (x86)/atmel/studio/7.0/toolchain/arm/arm-gnu-toolchain/bin/../lib/gcc/arm-none-eabi/6.3.1/thumb/v7e-m\libgcc.a(_arm_addsubdf3.o)
                0x00403f0c                __aeabi_drsub
                0x00403f14                __aeabi_dsub
                0x00403f14                __subdf3
                0x00403f18                __aeabi_dadd
                0x00403f18                __adddf3
                0x00404190                __floatunsidf
                0x00404190                __aeabi_ui2d
                0x004041b0                __floatsidf
                0x004041b0                __aeabi_i2d
                0x004041d4                __aeabi_f2d
                0x004041d4                __extendsfdf2
                0x00404210                __floatundidf
                0x00404210                __aeabi_ul2d
                0x00404220                __floatdidf
                0x00404220                __aeabi_l2d
 .text          0x0040427c      0x424 c:/program files (x86)/atmel/studio/7.0/toolchain/arm/arm-gnu-toolchain/bin/../lib/gcc/arm-none-eabi/6.3.1/thumb/v7e-m\libgcc.a(_arm_muldivdf3.o)
                0x0040427c                __aeabi_dmul
                0x0040427c                __muldf3
                0x004044d0                __divdf3
                0x004044d0                __aeabi_ddiv
 .text          0x004046a0       0x40 c:/program files (x86)/atmel/studio/7.0/toolchain/arm/arm-gnu-toolchain/bin/../lib/gcc/arm-none-eabi/6.3.1/thumb/v7e-m\libgcc.a(_arm_fixunsdfsi.o)
                0x004046a0                __aeabi_d2uiz
                0x004046a0                __fixunsdfsi
 .text          0x004046e0       0xa0 c:/program files (x86)/atmel/studio/7.0/toolchain/arm/arm-gnu-toolchain/bin/../lib/gcc/arm-none-eabi/6.3.1/thumb/v7e-m\libgcc.a(_arm_truncdfsf2.o)
                0x004046e0                __truncdfsf2
                0x004046e0                __aeabi_d2f
 .text.__libc_init_array
                0x00404780       0x50 c:/program files (x86)/atmel/studio/7.0/toolchain/arm/arm-gnu-toolchain/bin/../lib/gcc/arm-none-eabi/6.3.1/../../../../arm-none-eabi/lib/thumb/v7e-m\libc.a(lib_a-init.o)
                0x00404780                __libc_init_array
 .text.memset   0x004047d0       0x9c c:/program files (x86)/atmel/studio/7.0/toolchain/arm/arm-gnu-toolchain/bin/../lib/gcc/arm-none-eabi/6.3.1/../../../../arm-none-eabi/lib/thumb/v7e-m\libc.a(lib_a-memset.o)
                0x004047d0                memset
 .text.sprintf  0x0040486c       0x4c c:/program files (x86)/atmel/studio/7.0/toolchain/arm/arm-gnu-toolchain/bin/../lib/gcc/arm-none-eabi/6.3.1/../../../../arm-none-eabi/lib/thumb/v7e-m\libc.a(lib_a-sprintf.o)
                0x0040486c                sprintf
 .text._svfprintf_r
                0x004048b8     0x145c c:/program files (x86)/atmel/studio/7.0/toolchain/arm/arm-gnu-toolchain/bin/../lib/gcc/arm-none-eabi/6.3.1/../../../../arm-none-eabi/lib/thumb/v7e-m\libc.a(lib_a-svfprintf.o)
                0x004048b8                _svfprintf_r
 .text.startup.register_fini
                0x00405d14       0x14 c:/program files (x86)/atmel/studio/7.0/toolchain/arm/arm-gnu-toolchain/bin/../lib/gcc/arm-none-eabi/6.3.1/../../../../arm-none-eabi/lib/thumb/v7e-m\libc.a(lib_a-__call_atexit.o)
 .text.atexit   0x00405d28        0xc c:/program files (x86)/atmel/studio/7.0/toolchain/arm/arm-gnu-toolchain/bin/../lib/gcc/arm-none-eabi/6.3.1/../../../../arm-none-eabi/lib/thumb/v7e-m\libc.a(lib_a-atexit.o)
                0x00405d28                atexit
 .text.quorem   0x00405d34      0x128 c:/program files (x86)/atmel/studio/7.0/toolchain/arm/arm-gnu-toolchain/bin/../lib/gcc/arm-none-eabi/6.3.1/../../../../arm-none-eabi/lib/thumb/v7e-m\libc.a(lib_a-dtoa.o)
 *fill*         0x00405e5c        0x4 
 .text._dtoa_r  0x00405e60      0xe54 c:/program files (x86)/atmel/studio/7.0/toolchain/arm/arm-gnu-toolchain/bin/../lib/gcc/arm-none-eabi/6.3.1/../../../../arm-none-eabi/lib/thumb/v7e-m\libc.a(lib_a-dtoa.o)
                0x00405e60                _dtoa_r
 .text.__libc_fini_array
                0x00406cb4       0x34 c:/program files (x86)/atmel/studio/7.0/toolchain/arm/arm-gnu-toolchain/bin/../lib/gcc/arm-none-eabi/6.3.1/../../../../arm-none-eabi/lib/thumb/v7e-m\libc.a(lib_a-fini.o)
                0x00406cb4                __libc_fini_array
 .text._localeconv_r
                0x00406ce8       0x1c c:/program files (x86)/atmel/studio/7.0/toolchain/arm/arm-gnu-toolchain/bin/../lib/gcc/arm-none-eabi/6.3.1/../../../../arm-none-eabi/lib/thumb/v7e-m\libc.a(lib_a-localeconv.o)
                0x00406ce8                _localeconv_r
 .text.__retarget_lock_acquire_recursive
                0x00406d04        0x4 c:/program files (x86)/atmel/studio/7.0/toolchain/arm/arm-gnu-toolchain/bin/../lib/gcc/arm-none-eabi/6.3.1/../../../../arm-none-eabi/lib/thumb/v7e-m\libc.a(lib_a-lock.o)
                0x00406d04                __retarget_lock_acquire_recursive
 .text.__retarget_lock_release_recursive
                0x00406d08        0x4 c:/program files (x86)/atmel/studio/7.0/toolchain/arm/arm-gnu-toolchain/bin/../lib/gcc/arm-none-eabi/6.3.1/../../../../arm-none-eabi/lib/thumb/v7e-m\libc.a(lib_a-lock.o)
                0x00406d08                __retarget_lock_release_recursive
 .text._malloc_r
                0x00406d0c      0x560 c:/program files (x86)/atmel/studio/7.0/toolchain/arm/arm-gnu-toolchain/bin/../lib/gcc/arm-none-eabi/6.3.1/../../../../arm-none-eabi/lib/thumb/v7e-m\libc.a(lib_a-mallocr.o)
                0x00406d0c                _malloc_r
 *fill*         0x0040726c        0x4 
 .text          0x00407270       0xa0 c:/program files (x86)/atmel/studio/7.0/toolchain/arm/arm-gnu-toolchain/bin/../lib/gcc/arm-none-eabi/6.3.1/../../../../arm-none-eabi/lib/thumb/v7e-m\libc.a(lib_a-memchr.o)
                0x00407270                memchr
 .text          0x00407310      0x134 c:/program files (x86)/atmel/studio/7.0/toolchain/arm/arm-gnu-toolchain/bin/../lib/gcc/arm-none-eabi/6.3.1/../../../../arm-none-eabi/lib/thumb/v7e-m\libc.a(lib_a-memcpy.o)
                0x00407310                memcpy
 .text.__malloc_lock
                0x00407444        0xc c:/program files (x86)/atmel/studio/7.0/toolchain/arm/arm-gnu-toolchain/bin/../lib/gcc/arm-none-eabi/6.3.1/../../../../arm-none-eabi/lib/thumb/v7e-m\libc.a(lib_a-mlock.o)
                0x00407444                __malloc_lock
 .text.__malloc_unlock
                0x00407450        0xc c:/program files (x86)/atmel/studio/7.0/toolchain/arm/arm-gnu-toolchain/bin/../lib/gcc/arm-none-eabi/6.3.1/../../../../arm-none-eabi/lib/thumb/v7e-m\libc.a(lib_a-mlock.o)
                0x00407450                __malloc_unlock
 .text._Balloc  0x0040745c       0x4c c:/program files (x86)/atmel/studio/7.0/toolchain/arm/arm-gnu-toolchain/bin/../lib/gcc/arm-none-eabi/6.3.1/../../../../arm-none-eabi/lib/thumb/v7e-m\libc.a(lib_a-mprec.o)
                0x0040745c                _Balloc
 .text._Bfree   0x004074a8       0x14 c:/program files (x86)/atmel/studio/7.0/toolchain/arm/arm-gnu-toolchain/bin/../lib/gcc/arm-none-eabi/6.3.1/../../../../arm-none-eabi/lib/thumb/v7e-m\libc.a(lib_a-mprec.o)
                0x004074a8                _Bfree
 .text.__multadd
                0x004074bc       0x80 c:/program files (x86)/atmel/studio/7.0/toolchain/arm/arm-gnu-toolchain/bin/../lib/gcc/arm-none-eabi/6.3.1/../../../../arm-none-eabi/lib/thumb/v7e-m\libc.a(lib_a-mprec.o)
                0x004074bc                __multadd
 .text.__hi0bits
                0x0040753c       0x40 c:/program files (x86)/atmel/studio/7.0/toolchain/arm/arm-gnu-toolchain/bin/../lib/gcc/arm-none-eabi/6.3.1/../../../../arm-none-eabi/lib/thumb/v7e-m\libc.a(lib_a-mprec.o)
                0x0040753c                __hi0bits
 .text.__lo0bits
                0x0040757c       0x60 c:/program files (x86)/atmel/studio/7.0/toolchain/arm/arm-gnu-toolchain/bin/../lib/gcc/arm-none-eabi/6.3.1/../../../../arm-none-eabi/lib/thumb/v7e-m\libc.a(lib_a-mprec.o)
                0x0040757c                __lo0bits
 .text.__i2b    0x004075dc       0x14 c:/program files (x86)/atmel/studio/7.0/toolchain/arm/arm-gnu-toolchain/bin/../lib/gcc/arm-none-eabi/6.3.1/../../../../arm-none-eabi/lib/thumb/v7e-m\libc.a(lib_a-mprec.o)
                0x004075dc                __i2b
 .text.__multiply
                0x004075f0      0x124 c:/program files (x86)/atmel/studio/7.0/toolchain/arm/arm-gnu-toolchain/bin/../lib/gcc/arm-none-eabi/6.3.1/../../../../arm-none-eabi/lib/thumb/v7e-m\libc.a(lib_a-mprec.o)
                0x004075f0                __multiply
 .text.__pow5mult
                0x00407714       0xa0 c:/program files (x86)/atmel/studio/7.0/toolchain/arm/arm-gnu-toolchain/bin/../lib/gcc/arm-none-eabi/6.3.1/../../../../arm-none-eabi/lib/thumb/v7e-m\libc.a(lib_a-mprec.o)
                0x00407714                __pow5mult
 .text.__lshift
                0x004077b4       0xa4 c:/program files (x86)/atmel/studio/7.0/toolchain/arm/arm-gnu-toolchain/bin/../lib/gcc/arm-none-eabi/6.3.1/../../../../arm-none-eabi/lib/thumb/v7e-m\libc.a(lib_a-mprec.o)
                0x004077b4                __lshift
 .text.__mcmp   0x00407858       0x38 c:/program files (x86)/atmel/studio/7.0/toolchain/arm/arm-gnu-toolchain/bin/../lib/gcc/arm-none-eabi/6.3.1/../../../../arm-none-eabi/lib/thumb/v7e-m\libc.a(lib_a-mprec.o)
                0x00407858                __mcmp
 .text.__mdiff  0x00407890      0x108 c:/program files (x86)/atmel/studio/7.0/toolchain/arm/arm-gnu-toolchain/bin/../lib/gcc/arm-none-eabi/6.3.1/../../../../arm-none-eabi/lib/thumb/v7e-m\libc.a(lib_a-mprec.o)
                0x00407890                __mdiff
 .text.__d2b    0x00407998       0xb8 c:/program files (x86)/atmel/studio/7.0/toolchain/arm/arm-gnu-toolchain/bin/../lib/gcc/arm-none-eabi/6.3.1/../../../../arm-none-eabi/lib/thumb/v7e-m\libc.a(lib_a-mprec.o)
                0x00407998                __d2b
 .text._sbrk_r  0x00407a50       0x24 c:/program files (x86)/atmel/studio/7.0/toolchain/arm/arm-gnu-toolchain/bin/../lib/gcc/arm-none-eabi/6.3.1/../../../../arm-none-eabi/lib/thumb/v7e-m\libc.a(lib_a-sbrkr.o)
                0x00407a50                _sbrk_r
 *fill*         0x00407a74        0xc 
 .text          0x00407a80       0xdc c:/program files (x86)/atmel/studio/7.0/toolchain/arm/arm-gnu-toolchain/bin/../lib/gcc/arm-none-eabi/6.3.1/../../../../arm-none-eabi/lib/thumb/v7e-m\libc.a(lib_a-strlen.o)
                0x00407a80                strlen
 .text.__ssprint_r
                0x00407b5c       0xfc c:/program files (x86)/atmel/studio/7.0/toolchain/arm/arm-gnu-toolchain/bin/../lib/gcc/arm-none-eabi/6.3.1/../../../../arm-none-eabi/lib/thumb/v7e-m\libc.a(lib_a-svfiprintf.o)
                0x00407b5c                __ssprint_r
 .text.__register_exitproc
                0x00407c58       0xc4 c:/program files (x86)/atmel/studio/7.0/toolchain/arm/arm-gnu-toolchain/bin/../lib/gcc/arm-none-eabi/6.3.1/../../../../arm-none-eabi/lib/thumb/v7e-m\libc.a(lib_a-__atexit.o)
                0x00407c58                __register_exitproc
 .text._calloc_r
                0x00407d1c       0x60 c:/program files (x86)/atmel/studio/7.0/toolchain/arm/arm-gnu-toolchain/bin/../lib/gcc/arm-none-eabi/6.3.1/../../../../arm-none-eabi/lib/thumb/v7e-m\libc.a(lib_a-callocr.o)
                0x00407d1c                _calloc_r
 .text._malloc_trim_r
                0x00407d7c       0xa0 c:/program files (x86)/atmel/studio/7.0/toolchain/arm/arm-gnu-toolchain/bin/../lib/gcc/arm-none-eabi/6.3.1/../../../../arm-none-eabi/lib/thumb/v7e-m\libc.a(lib_a-freer.o)
                0x00407d7c                _malloc_trim_r
 .text._free_r  0x00407e1c      0x1cc c:/program files (x86)/atmel/studio/7.0/toolchain/arm/arm-gnu-toolchain/bin/../lib/gcc/arm-none-eabi/6.3.1/../../../../arm-none-eabi/lib/thumb/v7e-m\libc.a(lib_a-freer.o)
                0x00407e1c                _free_r
 .text.__ascii_mbtowc
                0x00407fe8       0x2c c:/program files (x86)/atmel/studio/7.0/toolchain/arm/arm-gnu-toolchain/bin/../lib/gcc/arm-none-eabi/6.3.1/../../../../arm-none-eabi/lib/thumb/v7e-m\libc.a(lib_a-mbtowc_r.o)
                0x00407fe8                __ascii_mbtowc
 .text.memmove  0x00408014       0xc8 c:/program files (x86)/atmel/studio/7.0/toolchain/arm/arm-gnu-toolchain/bin/../lib/gcc/arm-none-eabi/6.3.1/../../../../arm-none-eabi/lib/thumb/v7e-m\libc.a(lib_a-memmove.o)
                0x00408014                memmove
 .text._realloc_r
                0x004080dc      0x34c c:/program files (x86)/atmel/studio/7.0/toolchain/arm/arm-gnu-toolchain/bin/../lib/gcc/arm-none-eabi/6.3.1/../../../../arm-none-eabi/lib/thumb/v7e-m\libc.a(lib_a-reallocr.o)
                0x004080dc                _realloc_r
 .text.__ascii_wctomb
                0x00408428       0x1c c:/program files (x86)/atmel/studio/7.0/toolchain/arm/arm-gnu-toolchain/bin/../lib/gcc/arm-none-eabi/6.3.1/../../../../arm-none-eabi/lib/thumb/v7e-m\libc.a(lib_a-wctomb_r.o)
                0x00408428                __ascii_wctomb
 .text          0x00408444      0x110 c:/program files (x86)/atmel/studio/7.0/toolchain/arm/arm-gnu-toolchain/bin/../lib/gcc/arm-none-eabi/6.3.1/thumb/v7e-m\libgcc.a(_arm_cmpdf2.o)
                0x00408444                __gtdf2
                0x00408444                __gedf2
                0x0040844c                __ltdf2
                0x0040844c                __ledf2
                0x00408454                __nedf2
                0x00408454                __eqdf2
                0x00408454                __cmpdf2
                0x004084d0                __aeabi_cdrcmple
                0x004084e0                __aeabi_cdcmpeq
                0x004084e0                __aeabi_cdcmple
                0x004084f0                __aeabi_dcmpeq
                0x00408504                __aeabi_dcmplt
                0x00408518                __aeabi_dcmple
                0x0040852c                __aeabi_dcmpge
                0x00408540                __aeabi_dcmpgt
 .text          0x00408554       0x2c c:/program files (x86)/atmel/studio/7.0/toolchain/arm/arm-gnu-toolchain/bin/../lib/gcc/arm-none-eabi/6.3.1/thumb/v7e-m\libgcc.a(_arm_unorddf2.o)
                0x00408554                __unorddf2
                0x00408554                __aeabi_dcmpun
 .text          0x00408580       0x50 c:/program files (x86)/atmel/studio/7.0/toolchain/arm/arm-gnu-toolchain/bin/../lib/gcc/arm-none-eabi/6.3.1/thumb/v7e-m\libgcc.a(_arm_fixdfsi.o)
                0x00408580                __aeabi_d2iz
                0x00408580                __fixdfsi
 .text          0x004085d0       0x30 c:/program files (x86)/atmel/studio/7.0/toolchain/arm/arm-gnu-toolchain/bin/../lib/gcc/arm-none-eabi/6.3.1/thumb/v7e-m\libgcc.a(_aeabi_uldivmod.o)
                0x004085d0                __aeabi_uldivmod
 .text          0x00408600      0x2dc c:/program files (x86)/atmel/studio/7.0/toolchain/arm/arm-gnu-toolchain/bin/../lib/gcc/arm-none-eabi/6.3.1/thumb/v7e-m\libgcc.a(_udivmoddi4.o)
                0x00408600                __udivmoddi4
 .text          0x004088dc        0x4 c:/program files (x86)/atmel/studio/7.0/toolchain/arm/arm-gnu-toolchain/bin/../lib/gcc/arm-none-eabi/6.3.1/thumb/v7e-m\libgcc.a(_dvmd_tls.o)
                0x004088dc                __aeabi_idiv0
                0x004088dc                __aeabi_ldiv0
 *(.glue_7t)
 .glue_7t       0x004088e0        0x0 linker stubs
 *(.glue_7)
 .glue_7        0x004088e0        0x0 linker stubs
 *(.rodata .rodata* .gnu.linkonce.r.*)
 .rodata.image_data_calibri_36_0x20
                0x004088e0      0x378 src/main.o
 .rodata.calibri_36_0x20
                0x00408c58       0x10 src/main.o
 .rodata.image_data_calibri_36_0x21
                0x00408c68      0x534 src/main.o
 .rodata.calibri_36_0x21
                0x0040919c       0x10 src/main.o
 .rodata.image_data_calibri_36_0x22
                0x004091ac      0x612 src/main.o
 *fill*         0x004097be        0x2 
 .rodata.calibri_36_0x22
                0x004097c0       0x10 src/main.o
 .rodata.image_data_calibri_36_0x23
                0x004097d0      0x7ce src/main.o
 *fill*         0x00409f9e        0x2 
 .rodata.calibri_36_0x23
                0x00409fa0       0x10 src/main.o
 .rodata.image_data_calibri_36_0x24
                0x00409fb0      0x7ce src/main.o
 *fill*         0x0040a77e        0x2 
 .rodata.calibri_36_0x24
                0x0040a780       0x10 src/main.o
 .rodata.image_data_calibri_36_0x25
                0x0040a790      0xb46 src/main.o
 *fill*         0x0040b2d6        0x2 
 .rodata.calibri_36_0x25
                0x0040b2d8       0x10 src/main.o
 .rodata.image_data_calibri_36_0x26
                0x0040b2e8      0xad7 src/main.o
 *fill*         0x0040bdbf        0x1 
 .rodata.calibri_36_0x26
                0x0040bdc0       0x10 src/main.o
 .rodata.image_data_calibri_36_0x27
                0x0040bdd0      0x378 src/main.o
 .rodata.calibri_36_0x27
                0x0040c148       0x10 src/main.o
 .rodata.image_data_calibri_36_0x28
                0x0040c158      0x4c5 src/main.o
 *fill*         0x0040c61d        0x3 
 .rodata.calibri_36_0x28
                0x0040c620       0x10 src/main.o
 .rodata.image_data_calibri_36_0x29
                0x0040c630      0x4c5 src/main.o
 *fill*         0x0040caf5        0x3 
 .rodata.calibri_36_0x29
                0x0040caf8       0x10 src/main.o
 .rodata.image_data_calibri_36_0x2a
                0x0040cb08      0x7ce src/main.o
 *fill*         0x0040d2d6        0x2 
 .rodata.calibri_36_0x2a
                0x0040d2d8       0x10 src/main.o
 .rodata.image_data_calibri_36_0x2b
                0x0040d2e8      0x7ce src/main.o
 *fill*         0x0040dab6        0x2 
 .rodata.calibri_36_0x2b
                0x0040dab8       0x10 src/main.o
 .rodata.image_data_calibri_36_0x2c
                0x0040dac8      0x3e7 src/main.o
 *fill*         0x0040deaf        0x1 
 .rodata.calibri_36_0x2c
                0x0040deb0       0x10 src/main.o
 .rodata.image_data_calibri_36_0x2d
                0x0040dec0      0x4c5 src/main.o
 *fill*         0x0040e385        0x3 
 .rodata.calibri_36_0x2d
                0x0040e388       0x10 src/main.o
 .rodata.image_data_calibri_36_0x2e
                0x0040e398      0x3e7 src/main.o
 *fill*         0x0040e77f        0x1 
 .rodata.calibri_36_0x2e
                0x0040e780       0x10 src/main.o
 .rodata.image_data_calibri_36_0x2f
                0x0040e790      0x612 src/main.o
 *fill*         0x0040eda2        0x2 
 .rodata.calibri_36_0x2f
                0x0040eda4       0x10 src/main.o
 .rodata.image_data_calibri_36_0x30
                0x0040edb4      0x7ce src/main.o
 *fill*         0x0040f582        0x2 
 .rodata.calibri_36_0x30
                0x0040f584       0x10 src/main.o
 .rodata.image_data_calibri_36_0x31
                0x0040f594      0x7ce src/main.o
 *fill*         0x0040fd62        0x2 
 .rodata.calibri_36_0x31
                0x0040fd64       0x10 src/main.o
 .rodata.image_data_calibri_36_0x32
                0x0040fd74      0x7ce src/main.o
 *fill*         0x00410542        0x2 
 .rodata.calibri_36_0x32
                0x00410544       0x10 src/main.o
 .rodata.image_data_calibri_36_0x33
                0x00410554      0x7ce src/main.o
 *fill*         0x00410d22        0x2 
 .rodata.calibri_36_0x33
                0x00410d24       0x10 src/main.o
 .rodata.image_data_calibri_36_0x34
                0x00410d34      0x7ce src/main.o
 *fill*         0x00411502        0x2 
 .rodata.calibri_36_0x34
                0x00411504       0x10 src/main.o
 .rodata.image_data_calibri_36_0x35
                0x00411514      0x7ce src/main.o
 *fill*         0x00411ce2        0x2 
 .rodata.calibri_36_0x35
                0x00411ce4       0x10 src/main.o
 .rodata.image_data_calibri_36_0x36
                0x00411cf4      0x7ce src/main.o
 *fill*         0x004124c2        0x2 
 .rodata.calibri_36_0x36
                0x004124c4       0x10 src/main.o
 .rodata.image_data_calibri_36_0x37
                0x004124d4      0x7ce src/main.o
 *fill*         0x00412ca2        0x2 
 .rodata.calibri_36_0x37
                0x00412ca4       0x10 src/main.o
 .rodata.image_data_calibri_36_0x38
                0x00412cb4      0x7ce src/main.o
 *fill*         0x00413482        0x2 
 .rodata.calibri_36_0x38
                0x00413484       0x10 src/main.o
 .rodata.image_data_calibri_36_0x39
                0x00413494      0x7ce src/main.o
 *fill*         0x00413c62        0x2 
 .rodata.calibri_36_0x39
                0x00413c64       0x10 src/main.o
 .rodata.image_data_calibri_36_0x3a
                0x00413c74      0x456 src/main.o
 *fill*         0x004140ca        0x2 
 .rodata.calibri_36_0x3a
                0x004140cc       0x10 src/main.o
 .rodata.image_data_calibri_36_0x3b
                0x004140dc      0x456 src/main.o
 *fill*         0x00414532        0x2 
 .rodata.calibri_36_0x3b
                0x00414534       0x10 src/main.o
 .rodata.image_data_calibri_36_0x3c
                0x00414544      0x7ce src/main.o
 *fill*         0x00414d12        0x2 
 .rodata.calibri_36_0x3c
                0x00414d14       0x10 src/main.o
 .rodata.image_data_calibri_36_0x3d
                0x00414d24      0x7ce src/main.o
 *fill*         0x004154f2        0x2 
 .rodata.calibri_36_0x3d
                0x004154f4       0x10 src/main.o
 .rodata.image_data_calibri_36_0x3e
                0x00415504      0x7ce src/main.o
 *fill*         0x00415cd2        0x2 
 .rodata.calibri_36_0x3e
                0x00415cd4       0x10 src/main.o
 .rodata.image_data_calibri_36_0x3f
                0x00415ce4      0x75f src/main.o
 *fill*         0x00416443        0x1 
 .rodata.calibri_36_0x3f
                0x00416444       0x10 src/main.o
 .rodata.image_data_calibri_36_0x40
                0x00416454      0xde0 src/main.o
 .rodata.calibri_36_0x40
                0x00417234       0x10 src/main.o
 .rodata.image_data_calibri_36_0x41
                0x00417244      0x91b src/main.o
 *fill*         0x00417b5f        0x1 
 .rodata.calibri_36_0x41
                0x00417b60       0x10 src/main.o
 .rodata.image_data_calibri_36_0x42
                0x00417b70      0x8ac src/main.o
 .rodata.calibri_36_0x42
                0x0041841c       0x10 src/main.o
 .rodata.image_data_calibri_36_0x43
                0x0041842c      0x83d src/main.o
 *fill*         0x00418c69        0x3 
 .rodata.calibri_36_0x43
                0x00418c6c       0x10 src/main.o
 .rodata.image_data_calibri_36_0x44
                0x00418c7c      0x98a src/main.o
 *fill*         0x00419606        0x2 
 .rodata.calibri_36_0x44
                0x00419608       0x10 src/main.o
 .rodata.image_data_calibri_36_0x45
                0x00419618      0x7ce src/main.o
 *fill*         0x00419de6        0x2 
 .rodata.calibri_36_0x45
                0x00419de8       0x10 src/main.o
 .rodata.image_data_calibri_36_0x46
                0x00419df8      0x75f src/main.o
 *fill*         0x0041a557        0x1 
 .rodata.calibri_36_0x46
                0x0041a558       0x10 src/main.o
 .rodata.image_data_calibri_36_0x47
                0x0041a568      0x9f9 src/main.o
 *fill*         0x0041af61        0x3 
 .rodata.calibri_36_0x47
                0x0041af64       0x10 src/main.o
 .rodata.image_data_calibri_36_0x48
                0x0041af74      0x98a src/main.o
 *fill*         0x0041b8fe        0x2 
 .rodata.calibri_36_0x48
                0x0041b900       0x10 src/main.o
 .rodata.image_data_calibri_36_0x49
                0x0041b910      0x3e7 src/main.o
 *fill*         0x0041bcf7        0x1 
 .rodata.calibri_36_0x49
                0x0041bcf8       0x10 src/main.o
 .rodata.image_data_calibri_36_0x4a
                0x0041bd08      0x4c5 src/main.o
 *fill*         0x0041c1cd        0x3 
 .rodata.calibri_36_0x4a
                0x0041c1d0       0x10 src/main.o
 .rodata.image_data_calibri_36_0x4b
                0x0041c1e0      0x83d src/main.o
 *fill*         0x0041ca1d        0x3 
 .rodata.calibri_36_0x4b
                0x0041ca20       0x10 src/main.o
 .rodata.image_data_calibri_36_0x4c
                0x0041ca30      0x681 src/main.o
 *fill*         0x0041d0b1        0x3 
 .rodata.calibri_36_0x4c
                0x0041d0b4       0x10 src/main.o
 .rodata.image_data_calibri_36_0x4d
                0x0041d0c4      0xd71 src/main.o
 *fill*         0x0041de35        0x3 
 .rodata.calibri_36_0x4d
                0x0041de38       0x10 src/main.o
 .rodata.image_data_calibri_36_0x4e
                0x0041de48      0x9f9 src/main.o
 *fill*         0x0041e841        0x3 
 .rodata.calibri_36_0x4e
                0x0041e844       0x10 src/main.o
 .rodata.image_data_calibri_36_0x4f
                0x0041e854      0xa68 src/main.o
 .rodata.calibri_36_0x4f
                0x0041f2bc       0x10 src/main.o
 .rodata.image_data_calibri_36_0x50
                0x0041f2cc      0x83d src/main.o
 *fill*         0x0041fb09        0x3 
 .rodata.calibri_36_0x50
                0x0041fb0c       0x10 src/main.o
 .rodata.image_data_calibri_36_0x51
                0x0041fb1c      0xad7 src/main.o
 *fill*         0x004205f3        0x1 
 .rodata.calibri_36_0x51
                0x004205f4       0x10 src/main.o
 .rodata.image_data_calibri_36_0x52
                0x00420604      0x8ac src/main.o
 .rodata.calibri_36_0x52
                0x00420eb0       0x10 src/main.o
 .rodata.image_data_calibri_36_0x53
                0x00420ec0      0x75f src/main.o
 *fill*         0x0042161f        0x1 
 .rodata.calibri_36_0x53
                0x00421620       0x10 src/main.o
 .rodata.image_data_calibri_36_0x54
                0x00421630      0x7ce src/main.o
 *fill*         0x00421dfe        0x2 
 .rodata.calibri_36_0x54
                0x00421e00       0x10 src/main.o
 .rodata.image_data_calibri_36_0x55
                0x00421e10      0x9f9 src/main.o
 *fill*         0x00422809        0x3 
 .rodata.calibri_36_0x55
                0x0042280c       0x10 src/main.o
 .rodata.image_data_calibri_36_0x56
                0x0042281c      0x8ac src/main.o
 .rodata.calibri_36_0x56
                0x004230c8       0x10 src/main.o
 .rodata.image_data_calibri_36_0x57
                0x004230d8      0xde0 src/main.o
 .rodata.calibri_36_0x57
                0x00423eb8       0x10 src/main.o
 .rodata.image_data_calibri_36_0x58
                0x00423ec8      0x83d src/main.o
 *fill*         0x00424705        0x3 
 .rodata.calibri_36_0x58
                0x00424708       0x10 src/main.o
 .rodata.image_data_calibri_36_0x59
                0x00424718      0x7ce src/main.o
 *fill*         0x00424ee6        0x2 
 .rodata.calibri_36_0x59
                0x00424ee8       0x10 src/main.o
 .rodata.image_data_calibri_36_0x5a
                0x00424ef8      0x75f src/main.o
 *fill*         0x00425657        0x1 
 .rodata.calibri_36_0x5a
                0x00425658       0x10 src/main.o
 .rodata.image_data_calibri_36_0x5b
                0x00425668      0x4c5 src/main.o
 *fill*         0x00425b2d        0x3 
 .rodata.calibri_36_0x5b
                0x00425b30       0x10 src/main.o
 .rodata.image_data_calibri_36_0x5c
                0x00425b40      0x612 src/main.o
 *fill*         0x00426152        0x2 
 .rodata.calibri_36_0x5c
                0x00426154       0x10 src/main.o
 .rodata.image_data_calibri_36_0x5d
                0x00426164      0x4c5 src/main.o
 *fill*         0x00426629        0x3 
 .rodata.calibri_36_0x5d
                0x0042662c       0x10 src/main.o
 .rodata.image_data_calibri_36_0x5e
                0x0042663c      0x7ce src/main.o
 *fill*         0x00426e0a        0x2 
 .rodata.calibri_36_0x5e
                0x00426e0c       0x10 src/main.o
 .rodata.image_data_calibri_36_0x5f
                0x00426e1c      0x7ce src/main.o
 *fill*         0x004275ea        0x2 
 .rodata.calibri_36_0x5f
                0x004275ec       0x10 src/main.o
 .rodata.image_data_calibri_36_0x60
                0x004275fc      0x456 src/main.o
 *fill*         0x00427a52        0x2 
 .rodata.calibri_36_0x60
                0x00427a54       0x10 src/main.o
 .rodata.image_data_calibri_36_0x61
                0x00427a64      0x75f src/main.o
 *fill*         0x004281c3        0x1 
 .rodata.calibri_36_0x61
                0x004281c4       0x10 src/main.o
 .rodata.image_data_calibri_36_0x62
                0x004281d4      0x83d src/main.o
 *fill*         0x00428a11        0x3 
 .rodata.calibri_36_0x62
                0x00428a14       0x10 src/main.o
 .rodata.image_data_calibri_36_0x63
                0x00428a24      0x681 src/main.o
 *fill*         0x004290a5        0x3 
 .rodata.calibri_36_0x63
                0x004290a8       0x10 src/main.o
 .rodata.image_data_calibri_36_0x64
                0x004290b8      0x83d src/main.o
 *fill*         0x004298f5        0x3 
 .rodata.calibri_36_0x64
                0x004298f8       0x10 src/main.o
 .rodata.image_data_calibri_36_0x65
                0x00429908      0x7ce src/main.o
 *fill*         0x0042a0d6        0x2 
 .rodata.calibri_36_0x65
                0x0042a0d8       0x10 src/main.o
 .rodata.image_data_calibri_36_0x66
                0x0042a0e8      0x4c5 src/main.o
 *fill*         0x0042a5ad        0x3 
 .rodata.calibri_36_0x66
                0x0042a5b0       0x10 src/main.o
 .rodata.image_data_calibri_36_0x67
                0x0042a5c0      0x75f src/main.o
 *fill*         0x0042ad1f        0x1 
 .rodata.calibri_36_0x67
                0x0042ad20       0x10 src/main.o
 .rodata.image_data_calibri_36_0x68
                0x0042ad30      0x83d src/main.o
 *fill*         0x0042b56d        0x3 
 .rodata.calibri_36_0x68
                0x0042b570       0x10 src/main.o
 .rodata.image_data_calibri_36_0x69
                0x0042b580      0x378 src/main.o
 .rodata.calibri_36_0x69
                0x0042b8f8       0x10 src/main.o
 .rodata.image_data_calibri_36_0x6a
                0x0042b908      0x3e7 src/main.o
 *fill*         0x0042bcef        0x1 
 .rodata.calibri_36_0x6a
                0x0042bcf0       0x10 src/main.o
 .rodata.image_data_calibri_36_0x6b
                0x0042bd00      0x6f0 src/main.o
 .rodata.calibri_36_0x6b
                0x0042c3f0       0x10 src/main.o
 .rodata.image_data_calibri_36_0x6c
                0x0042c400      0x378 src/main.o
 .rodata.calibri_36_0x6c
                0x0042c778       0x10 src/main.o
 .rodata.image_data_calibri_36_0x6d
                0x0042c788      0xc93 src/main.o
 *fill*         0x0042d41b        0x1 
 .rodata.calibri_36_0x6d
                0x0042d41c       0x10 src/main.o
 .rodata.image_data_calibri_36_0x6e
                0x0042d42c      0x83d src/main.o
 *fill*         0x0042dc69        0x3 
 .rodata.calibri_36_0x6e
                0x0042dc6c       0x10 src/main.o
 .rodata.image_data_calibri_36_0x6f
                0x0042dc7c      0x83d src/main.o
 *fill*         0x0042e4b9        0x3 
 .rodata.calibri_36_0x6f
                0x0042e4bc       0x10 src/main.o
 .rodata.image_data_calibri_36_0x70
                0x0042e4cc      0x83d src/main.o
 *fill*         0x0042ed09        0x3 
 .rodata.calibri_36_0x70
                0x0042ed0c       0x10 src/main.o
 .rodata.image_data_calibri_36_0x71
                0x0042ed1c      0x83d src/main.o
 *fill*         0x0042f559        0x3 
 .rodata.calibri_36_0x71
                0x0042f55c       0x10 src/main.o
 .rodata.image_data_calibri_36_0x72
                0x0042f56c      0x5a3 src/main.o
 *fill*         0x0042fb0f        0x1 
 .rodata.calibri_36_0x72
                0x0042fb10       0x10 src/main.o
 .rodata.image_data_calibri_36_0x73
                0x0042fb20      0x612 src/main.o
 *fill*         0x00430132        0x2 
 .rodata.calibri_36_0x73
                0x00430134       0x10 src/main.o
 .rodata.image_data_calibri_36_0x74
                0x00430144      0x534 src/main.o
 .rodata.calibri_36_0x74
                0x00430678       0x10 src/main.o
 .rodata.image_data_calibri_36_0x75
                0x00430688      0x83d src/main.o
 *fill*         0x00430ec5        0x3 
 .rodata.calibri_36_0x75
                0x00430ec8       0x10 src/main.o
 .rodata.image_data_calibri_36_0x76
                0x00430ed8      0x6f0 src/main.o
 .rodata.calibri_36_0x76
                0x004315c8       0x10 src/main.o
 .rodata.image_data_calibri_36_0x77
                0x004315d8      0xb46 src/main.o
 *fill*         0x0043211e        0x2 
 .rodata.calibri_36_0x77
                0x00432120       0x10 src/main.o
 .rodata.image_data_calibri_36_0x78
                0x00432130      0x6f0 src/main.o
 .rodata.calibri_36_0x78
                0x00432820       0x10 src/main.o
 .rodata.image_data_calibri_36_0x79
                0x00432830      0x6f0 src/main.o
 .rodata.calibri_36_0x79
                0x00432f20       0x10 src/main.o
 .rodata.image_data_calibri_36_0x7a
                0x00432f30      0x612 src/main.o
 *fill*         0x00433542        0x2 
 .rodata.calibri_36_0x7a
                0x00433544       0x10 src/main.o
 .rodata.image_data_calibri_36_0x7b
                0x00433554      0x4c5 src/main.o
 *fill*         0x00433a19        0x3 
 .rodata.calibri_36_0x7b
                0x00433a1c       0x10 src/main.o
 .rodata.image_data_calibri_36_0x7c
                0x00433a2c      0x75f src/main.o
 *fill*         0x0043418b        0x1 
 .rodata.calibri_36_0x7c
                0x0043418c       0x10 src/main.o
 .rodata.image_data_calibri_36_0x7d
                0x0043419c      0x4c5 src/main.o
 *fill*         0x00434661        0x3 
 .rodata.calibri_36_0x7d
                0x00434664       0x10 src/main.o
 .rodata.image_data_calibri_36_0x7e
                0x00434674      0x7ce src/main.o
 *fill*         0x00434e42        0x2 
 .rodata.calibri_36_0x7e
                0x00434e44       0x10 src/main.o
 .rodata.calibri_36_array
                0x00434e54      0x2f8 src/main.o
 .rodata.calibri_36
                0x0043514c        0xc src/main.o
                0x0043514c                calibri_36
 .rodata        0x00435158       0x3a src/main.o
 *fill*         0x00435192        0x2 
 .rodata._global_impure_ptr
                0x00435194        0x4 c:/program files (x86)/atmel/studio/7.0/toolchain/arm/arm-gnu-toolchain/bin/../lib/gcc/arm-none-eabi/6.3.1/../../../../arm-none-eabi/lib/thumb/v7e-m\libc.a(lib_a-impure.o)
                0x00435194                _global_impure_ptr
 .rodata._svfprintf_r.str1.4
                0x00435198       0x42 c:/program files (x86)/atmel/studio/7.0/toolchain/arm/arm-gnu-toolchain/bin/../lib/gcc/arm-none-eabi/6.3.1/../../../../arm-none-eabi/lib/thumb/v7e-m\libc.a(lib_a-svfprintf.o)
 *fill*         0x004351da        0x2 
 .rodata.blanks.7223
                0x004351dc       0x10 c:/program files (x86)/atmel/studio/7.0/toolchain/arm/arm-gnu-toolchain/bin/../lib/gcc/arm-none-eabi/6.3.1/../../../../arm-none-eabi/lib/thumb/v7e-m\libc.a(lib_a-svfprintf.o)
 .rodata.zeroes.7224
                0x004351ec       0x10 c:/program files (x86)/atmel/studio/7.0/toolchain/arm/arm-gnu-toolchain/bin/../lib/gcc/arm-none-eabi/6.3.1/../../../../arm-none-eabi/lib/thumb/v7e-m\libc.a(lib_a-svfprintf.o)
 .rodata._dtoa_r.str1.4
                0x004351fc       0x10 c:/program files (x86)/atmel/studio/7.0/toolchain/arm/arm-gnu-toolchain/bin/../lib/gcc/arm-none-eabi/6.3.1/../../../../arm-none-eabi/lib/thumb/v7e-m\libc.a(lib_a-dtoa.o)
                                 0x12 (size before relaxing)
 *fill*         0x0043520c        0x4 
 .rodata.__mprec_bigtens
                0x00435210       0x28 c:/program files (x86)/atmel/studio/7.0/toolchain/arm/arm-gnu-toolchain/bin/../lib/gcc/arm-none-eabi/6.3.1/../../../../arm-none-eabi/lib/thumb/v7e-m\libc.a(lib_a-mprec.o)
                0x00435210                __mprec_bigtens
 .rodata.__mprec_tens
                0x00435238       0xc8 c:/program files (x86)/atmel/studio/7.0/toolchain/arm/arm-gnu-toolchain/bin/../lib/gcc/arm-none-eabi/6.3.1/../../../../arm-none-eabi/lib/thumb/v7e-m\libc.a(lib_a-mprec.o)
                0x00435238                __mprec_tens
 .rodata.p05.6055
                0x00435300        0xc c:/program files (x86)/atmel/studio/7.0/toolchain/arm/arm-gnu-toolchain/bin/../lib/gcc/arm-none-eabi/6.3.1/../../../../arm-none-eabi/lib/thumb/v7e-m\libc.a(lib_a-mprec.o)
 .rodata._setlocale_r.str1.4
                0x0043530c        0xa c:/program files (x86)/atmel/studio/7.0/toolchain/arm/arm-gnu-toolchain/bin/../lib/gcc/arm-none-eabi/6.3.1/../../../../arm-none-eabi/lib/thumb/v7e-m\libc.a(lib_a-locale.o)
                                  0xd (size before relaxing)
 *fill*         0x00435316        0x2 
 .rodata.str1.4
                0x00435318        0x4 c:/program files (x86)/atmel/studio/7.0/toolchain/arm/arm-gnu-toolchain/bin/../lib/gcc/arm-none-eabi/6.3.1/../../../../arm-none-eabi/lib/thumb/v7e-m\libc.a(lib_a-locale.o)
                                  0x2 (size before relaxing)
 .rodata._ctype_
                0x0043531c      0x101 c:/program files (x86)/atmel/studio/7.0/toolchain/arm/arm-gnu-toolchain/bin/../lib/gcc/arm-none-eabi/6.3.1/../../../../arm-none-eabi/lib/thumb/v7e-m\libc.a(lib_a-ctype_.o)
                0x0043531c                _ctype_
 *(.ARM.extab* .gnu.linkonce.armextab.*)
                0x00435420                . = ALIGN (0x4)
 *fill*         0x0043541d        0x3 
 *(.init)
 .init          0x00435420        0x4 c:/program files (x86)/atmel/studio/7.0/toolchain/arm/arm-gnu-toolchain/bin/../lib/gcc/arm-none-eabi/6.3.1/thumb/v7e-m/crti.o
                0x00435420                _init
 .init          0x00435424        0x8 c:/program files (x86)/atmel/studio/7.0/toolchain/arm/arm-gnu-toolchain/bin/../lib/gcc/arm-none-eabi/6.3.1/thumb/v7e-m/crtn.o
                0x0043542c                . = ALIGN (0x4)
                0x0043542c                __preinit_array_start = .
 *(.preinit_array)
                0x0043542c                __preinit_array_end = .
                0x0043542c                . = ALIGN (0x4)
                0x0043542c                __init_array_start = .
 *(SORT(.init_array.*))
 .init_array.00000
                0x0043542c        0x4 c:/program files (x86)/atmel/studio/7.0/toolchain/arm/arm-gnu-toolchain/bin/../lib/gcc/arm-none-eabi/6.3.1/../../../../arm-none-eabi/lib/thumb/v7e-m\libc.a(lib_a-__call_atexit.o)
 *(.init_array)
 .init_array    0x00435430        0x4 c:/program files (x86)/atmel/studio/7.0/toolchain/arm/arm-gnu-toolchain/bin/../lib/gcc/arm-none-eabi/6.3.1/thumb/v7e-m/crtbegin.o
                0x00435434                __init_array_end = .
                0x00435434                . = ALIGN (0x4)
 *crtbegin.o(.ctors)
 *(EXCLUDE_FILE(*crtend.o) .ctors)
 *(SORT(.ctors.*))
 *crtend.o(.ctors)
                0x00435434                . = ALIGN (0x4)
 *(.fini)
 .fini          0x00435434        0x4 c:/program files (x86)/atmel/studio/7.0/toolchain/arm/arm-gnu-toolchain/bin/../lib/gcc/arm-none-eabi/6.3.1/thumb/v7e-m/crti.o
                0x00435434                _fini
 .fini          0x00435438        0x8 c:/program files (x86)/atmel/studio/7.0/toolchain/arm/arm-gnu-toolchain/bin/../lib/gcc/arm-none-eabi/6.3.1/thumb/v7e-m/crtn.o
                0x00435440                . = ALIGN (0x4)
                0x00435440                __fini_array_start = .
 *(.fini_array)
 .fini_array    0x00435440        0x4 c:/program files (x86)/atmel/studio/7.0/toolchain/arm/arm-gnu-toolchain/bin/../lib/gcc/arm-none-eabi/6.3.1/thumb/v7e-m/crtbegin.o
 *(SORT(.fini_array.*))
                0x00435444                __fini_array_end = .
 *crtbegin.o(.dtors)
 *(EXCLUDE_FILE(*crtend.o) .dtors)
 *(SORT(.dtors.*))
 *crtend.o(.dtors)
                0x00435444                . = ALIGN (0x4)
                0x00435444                _efixed = .
                [!provide]                PROVIDE (__exidx_start, .)

.vfp11_veneer   0x00435444        0x0
 .vfp11_veneer  0x00435444        0x0 linker stubs

.v4_bx          0x00435444        0x0
 .v4_bx         0x00435444        0x0 linker stubs

.iplt           0x00435444        0x0
 .iplt          0x00435444        0x0 c:/program files (x86)/atmel/studio/7.0/toolchain/arm/arm-gnu-toolchain/bin/../lib/gcc/arm-none-eabi/6.3.1/thumb/v7e-m/crtbegin.o

.ARM.exidx      0x00435444        0x8
 *(.ARM.exidx* .gnu.linkonce.armexidx.*)
 .ARM.exidx     0x00435444        0x8 c:/program files (x86)/atmel/studio/7.0/toolchain/arm/arm-gnu-toolchain/bin/../lib/gcc/arm-none-eabi/6.3.1/thumb/v7e-m\libgcc.a(_udivmoddi4.o)
                [!provide]                PROVIDE (__exidx_end, .)

.eh_frame       0x0043544c        0x0
 .eh_frame      0x0043544c        0x0 c:/program files (x86)/atmel/studio/7.0/toolchain/arm/arm-gnu-toolchain/bin/../lib/gcc/arm-none-eabi/6.3.1/thumb/v7e-m/crtbegin.o

.rel.dyn        0x0043544c        0x0
 .rel.iplt      0x0043544c        0x0 c:/program files (x86)/atmel/studio/7.0/toolchain/arm/arm-gnu-toolchain/bin/../lib/gcc/arm-none-eabi/6.3.1/thumb/v7e-m/crtbegin.o

.jcr            0x0043544c        0x0
 .jcr           0x0043544c        0x0 c:/program files (x86)/atmel/studio/7.0/toolchain/arm/arm-gnu-toolchain/bin/../lib/gcc/arm-none-eabi/6.3.1/thumb/v7e-m/crtbegin.o

.igot.plt       0x0043544c        0x0
 .igot.plt      0x0043544c        0x0 c:/program files (x86)/atmel/studio/7.0/toolchain/arm/arm-gnu-toolchain/bin/../lib/gcc/arm-none-eabi/6.3.1/thumb/v7e-m/crtbegin.o
                0x0043544c                . = ALIGN (0x4)
                0x0043544c                _etext = .

.relocate       0x20400000      0x9b8 load address 0x0043544c
                0x20400000                . = ALIGN (0x4)
                0x20400000                _srelocate = .
 *(.ramfunc .ramfunc.*)
 *(.data .data.*)
 .data.running  0x20400000        0x1 src/main.o
                0x20400000                running
 .data.g_interrupt_enabled
                0x20400001        0x1 src/ASF/common/utils/interrupt/interrupt_sam_nvic.o
                0x20400001                g_interrupt_enabled
 *fill*         0x20400002        0x2 
 .data.ul_flash_in_wait_mode
                0x20400004        0x4 src/ASF/sam/drivers/pmc/pmc.o
 .data.SystemCoreClock
                0x20400008        0x4 src/ASF/sam/utils/cmsis/same70/source/templates/system_same70.o
                0x20400008                SystemCoreClock
 .data._impure_ptr
                0x2040000c        0x4 c:/program files (x86)/atmel/studio/7.0/toolchain/arm/arm-gnu-toolchain/bin/../lib/gcc/arm-none-eabi/6.3.1/../../../../arm-none-eabi/lib/thumb/v7e-m\libc.a(lib_a-impure.o)
                0x2040000c                _impure_ptr
 .data.impure_data
                0x20400010      0x428 c:/program files (x86)/atmel/studio/7.0/toolchain/arm/arm-gnu-toolchain/bin/../lib/gcc/arm-none-eabi/6.3.1/../../../../arm-none-eabi/lib/thumb/v7e-m\libc.a(lib_a-impure.o)
 .data.__atexit_recursive_mutex
                0x20400438        0x4 c:/program files (x86)/atmel/studio/7.0/toolchain/arm/arm-gnu-toolchain/bin/../lib/gcc/arm-none-eabi/6.3.1/../../../../arm-none-eabi/lib/thumb/v7e-m\libc.a(lib_a-__call_atexit.o)
                0x20400438                __atexit_recursive_mutex
 .data.__malloc_av_
                0x2040043c      0x408 c:/program files (x86)/atmel/studio/7.0/toolchain/arm/arm-gnu-toolchain/bin/../lib/gcc/arm-none-eabi/6.3.1/../../../../arm-none-eabi/lib/thumb/v7e-m\libc.a(lib_a-mallocr.o)
                0x2040043c                __malloc_av_
 .data.__malloc_sbrk_base
                0x20400844        0x4 c:/program files (x86)/atmel/studio/7.0/toolchain/arm/arm-gnu-toolchain/bin/../lib/gcc/arm-none-eabi/6.3.1/../../../../arm-none-eabi/lib/thumb/v7e-m\libc.a(lib_a-mallocr.o)
                0x20400844                __malloc_sbrk_base
 .data.__malloc_trim_threshold
                0x20400848        0x4 c:/program files (x86)/atmel/studio/7.0/toolchain/arm/arm-gnu-toolchain/bin/../lib/gcc/arm-none-eabi/6.3.1/../../../../arm-none-eabi/lib/thumb/v7e-m\libc.a(lib_a-mallocr.o)
                0x20400848                __malloc_trim_threshold
 .data.__global_locale
                0x2040084c      0x16c c:/program files (x86)/atmel/studio/7.0/toolchain/arm/arm-gnu-toolchain/bin/../lib/gcc/arm-none-eabi/6.3.1/../../../../arm-none-eabi/lib/thumb/v7e-m\libc.a(lib_a-locale.o)
                0x2040084c                __global_locale
                0x204009b8                . = ALIGN (0x4)
                0x204009b8                _erelocate = .

.bss            0x204009b8      0x4e8 load address 0x00435e04
                0x204009b8                . = ALIGN (0x4)
                0x204009b8                _sbss = .
                0x204009b8                _szero = .
 *(.bss .bss.*)
 .bss           0x204009b8       0x1c c:/program files (x86)/atmel/studio/7.0/toolchain/arm/arm-gnu-toolchain/bin/../lib/gcc/arm-none-eabi/6.3.1/thumb/v7e-m/crtbegin.o
 .bss.g_wobits_in_rtt_mr
                0x204009d4        0x4 src/ASF/sam/drivers/rtt/rtt.o
 .bss.f_rtt_alarme
                0x204009d8        0x1 src/main.o
                0x204009d8                f_rtt_alarme
 *fill*         0x204009d9        0x3 
 .bss.rotations
                0x204009dc        0x4 src/main.o
                0x204009dc                rotations
 .bss.speed     0x204009e0        0x4 src/main.o
                0x204009e0                speed
 .bss.distance  0x204009e4        0x4 src/main.o
                0x204009e4                distance
 .bss.hour      0x204009e8        0x4 src/main.o
                0x204009e8                hour
 .bss.minute    0x204009ec        0x4 src/main.o
                0x204009ec                minute
 .bss.second    0x204009f0        0x4 src/main.o
                0x204009f0                second
 .bss.g_ul_pixel_cache
                0x204009f4      0x3c0 src/ASF/sam/components/display/ili9488/ili9488.o
 .bss.gs_interrupt_sources
                0x20400db4       0x70 src/ASF/sam/drivers/pio/pio_handler.o
 .bss.gs_ul_nb_sources
                0x20400e24        0x4 src/ASF/sam/drivers/pio/pio_handler.o
 .bss.b_is_sleep_clock_used
                0x20400e28        0x1 src/ASF/sam/drivers/pmc/sleep.o
 *fill*         0x20400e29        0x3 
 .bss.callback_clocks_restored
                0x20400e2c        0x4 src/ASF/sam/drivers/pmc/sleep.o
 .bss.heap.6420
                0x20400e30        0x4 src/ASF/sam/utils/syscalls/gcc/syscalls.o
 .bss.__malloc_current_mallinfo
                0x20400e34       0x28 c:/program files (x86)/atmel/studio/7.0/toolchain/arm/arm-gnu-toolchain/bin/../lib/gcc/arm-none-eabi/6.3.1/../../../../arm-none-eabi/lib/thumb/v7e-m\libc.a(lib_a-mallocr.o)
                0x20400e34                __malloc_current_mallinfo
 .bss.__malloc_max_sbrked_mem
                0x20400e5c        0x4 c:/program files (x86)/atmel/studio/7.0/toolchain/arm/arm-gnu-toolchain/bin/../lib/gcc/arm-none-eabi/6.3.1/../../../../arm-none-eabi/lib/thumb/v7e-m\libc.a(lib_a-mallocr.o)
                0x20400e5c                __malloc_max_sbrked_mem
 .bss.__malloc_max_total_mem
                0x20400e60        0x4 c:/program files (x86)/atmel/studio/7.0/toolchain/arm/arm-gnu-toolchain/bin/../lib/gcc/arm-none-eabi/6.3.1/../../../../arm-none-eabi/lib/thumb/v7e-m\libc.a(lib_a-mallocr.o)
                0x20400e60                __malloc_max_total_mem
 .bss.__malloc_top_pad
                0x20400e64        0x4 c:/program files (x86)/atmel/studio/7.0/toolchain/arm/arm-gnu-toolchain/bin/../lib/gcc/arm-none-eabi/6.3.1/../../../../arm-none-eabi/lib/thumb/v7e-m\libc.a(lib_a-mallocr.o)
                0x20400e64                __malloc_top_pad
 *(COMMON)
 COMMON         0x20400e68       0x10 src/main.o
                0x20400e68                g_ili9488_display_opt
 COMMON         0x20400e78       0x21 c:/program files (x86)/atmel/studio/7.0/toolchain/arm/arm-gnu-toolchain/bin/../lib/gcc/arm-none-eabi/6.3.1/../../../../arm-none-eabi/lib/thumb/v7e-m\libc.a(lib_a-lock.o)
                0x20400e78                __lock___atexit_recursive_mutex
                0x20400e7c                __lock___arc4random_mutex
                0x20400e80                __lock___env_recursive_mutex
                0x20400e84                __lock___sinit_recursive_mutex
                0x20400e88                __lock___malloc_recursive_mutex
                0x20400e8c                __lock___at_quick_exit_mutex
                0x20400e90                __lock___dd_hash_mutex
                0x20400e94                __lock___tz_mutex
                0x20400e98                __lock___sfp_recursive_mutex
 *fill*         0x20400e99        0x3 
 COMMON         0x20400e9c        0x4 c:/program files (x86)/atmel/studio/7.0/toolchain/arm/arm-gnu-toolchain/bin/../lib/gcc/arm-none-eabi/6.3.1/../../../../arm-none-eabi/lib/thumb/v7e-m\libc.a(lib_a-reent.o)
                0x20400e9c                errno
                0x20400ea0                . = ALIGN (0x4)
                0x20400ea0                _ebss = .
                0x20400ea0                _ezero = .

.stack          0x20400ea0     0x2000 load address 0x004362ec
                0x20400ea0                . = ALIGN (0x8)
                0x20400ea0                _sstack = .
                0x20402ea0                . = (. + STACK_SIZE)
 *fill*         0x20400ea0     0x2000 
                0x20402ea0                . = ALIGN (0x8)
                0x20402ea0                _estack = .

.heap           0x20402ea0      0x200 load address 0x004382ec
                0x20402ea0                . = ALIGN (0x8)
                0x20402ea0                _sheap = .
                0x204030a0                . = (. + HEAP_SIZE)
 *fill*         0x20402ea0      0x200 
                0x204030a0                . = ALIGN (0x8)
                0x204030a0                _eheap = .
                0x204030a0                . = ALIGN (0x4)
                0x204030a0                _end = .
                0x2045ffff                _ram_end_ = ((ORIGIN (ram) + LENGTH (ram)) - 0x1)
OUTPUT(SAME70_FONTS.elf elf32-littlearm)

.ARM.attributes
                0x00000000       0x2e
 .ARM.attributes
                0x00000000       0x1e c:/program files (x86)/atmel/studio/7.0/toolchain/arm/arm-gnu-toolchain/bin/../lib/gcc/arm-none-eabi/6.3.1/thumb/v7e-m/crti.o
 .ARM.attributes
                0x0000001e       0x2e c:/program files (x86)/atmel/studio/7.0/toolchain/arm/arm-gnu-toolchain/bin/../lib/gcc/arm-none-eabi/6.3.1/thumb/v7e-m/crtbegin.o
 .ARM.attributes
                0x0000004c       0x37 src/ASF/sam/drivers/rtc/rtc.o
 .ARM.attributes
                0x00000083       0x37 src/ASF/sam/drivers/rtt/rtt.o
 .ARM.attributes
                0x000000ba       0x37 src/main.o
 .ARM.attributes
                0x000000f1       0x37 src/ASF/common/services/spi/sam_spi/spi_master.o
 .ARM.attributes
                0x00000128       0x37 src/ASF/sam/components/display/ili9488/ili9488.o
 .ARM.attributes
                0x0000015f       0x37 src/ASF/sam/drivers/spi/spi.o
 .ARM.attributes
                0x00000196       0x37 src/ASF/common/services/clock/same70/sysclk.o
 .ARM.attributes
                0x000001cd       0x37 src/ASF/common/utils/interrupt/interrupt_sam_nvic.o
 .ARM.attributes
                0x00000204       0x37 src/ASF/sam/boards/same70_xplained/init.o
 .ARM.attributes
                0x0000023b       0x37 src/ASF/sam/drivers/pio/pio.o
 .ARM.attributes
                0x00000272       0x37 src/ASF/sam/drivers/pio/pio_handler.o
 .ARM.attributes
                0x000002a9       0x37 src/ASF/sam/drivers/pmc/pmc.o
 .ARM.attributes
                0x000002e0       0x37 src/ASF/sam/drivers/pmc/sleep.o
 .ARM.attributes
                0x00000317       0x37 src/ASF/sam/utils/cmsis/same70/source/templates/gcc/startup_same70.o
 .ARM.attributes
                0x0000034e       0x37 src/ASF/sam/utils/cmsis/same70/source/templates/system_same70.o
 .ARM.attributes
                0x00000385       0x37 src/ASF/sam/utils/syscalls/gcc/syscalls.o
 .ARM.attributes
                0x000003bc       0x1e c:/program files (x86)/atmel/studio/7.0/toolchain/arm/arm-gnu-toolchain/bin/../lib/gcc/arm-none-eabi/6.3.1/thumb/v7e-m\libgcc.a(_arm_addsubdf3.o)
 .ARM.attributes
                0x000003da       0x1e c:/program files (x86)/atmel/studio/7.0/toolchain/arm/arm-gnu-toolchain/bin/../lib/gcc/arm-none-eabi/6.3.1/thumb/v7e-m\libgcc.a(_arm_muldivdf3.o)
 .ARM.attributes
                0x000003f8       0x1e c:/program files (x86)/atmel/studio/7.0/toolchain/arm/arm-gnu-toolchain/bin/../lib/gcc/arm-none-eabi/6.3.1/thumb/v7e-m\libgcc.a(_arm_fixunsdfsi.o)
 .ARM.attributes
                0x00000416       0x1e c:/program files (x86)/atmel/studio/7.0/toolchain/arm/arm-gnu-toolchain/bin/../lib/gcc/arm-none-eabi/6.3.1/thumb/v7e-m\libgcc.a(_arm_truncdfsf2.o)
 .ARM.attributes
                0x00000434       0x2e c:/program files (x86)/atmel/studio/7.0/toolchain/arm/arm-gnu-toolchain/bin/../lib/gcc/arm-none-eabi/6.3.1/../../../../arm-none-eabi/lib/thumb/v7e-m\libc.a(lib_a-impure.o)
 .ARM.attributes
                0x00000462       0x2e c:/program files (x86)/atmel/studio/7.0/toolchain/arm/arm-gnu-toolchain/bin/../lib/gcc/arm-none-eabi/6.3.1/../../../../arm-none-eabi/lib/thumb/v7e-m\libc.a(lib_a-init.o)
 .ARM.attributes
                0x00000490       0x2e c:/program files (x86)/atmel/studio/7.0/toolchain/arm/arm-gnu-toolchain/bin/../lib/gcc/arm-none-eabi/6.3.1/../../../../arm-none-eabi/lib/thumb/v7e-m\libc.a(lib_a-memset.o)
 .ARM.attributes
                0x000004be       0x2e c:/program files (x86)/atmel/studio/7.0/toolchain/arm/arm-gnu-toolchain/bin/../lib/gcc/arm-none-eabi/6.3.1/../../../../arm-none-eabi/lib/thumb/v7e-m\libc.a(lib_a-sprintf.o)
 .ARM.attributes
                0x000004ec       0x2e c:/program files (x86)/atmel/studio/7.0/toolchain/arm/arm-gnu-toolchain/bin/../lib/gcc/arm-none-eabi/6.3.1/../../../../arm-none-eabi/lib/thumb/v7e-m\libc.a(lib_a-svfprintf.o)
 .ARM.attributes
                0x0000051a       0x2e c:/program files (x86)/atmel/studio/7.0/toolchain/arm/arm-gnu-toolchain/bin/../lib/gcc/arm-none-eabi/6.3.1/../../../../arm-none-eabi/lib/thumb/v7e-m\libc.a(lib_a-__call_atexit.o)
 .ARM.attributes
                0x00000548       0x2e c:/program files (x86)/atmel/studio/7.0/toolchain/arm/arm-gnu-toolchain/bin/../lib/gcc/arm-none-eabi/6.3.1/../../../../arm-none-eabi/lib/thumb/v7e-m\libc.a(lib_a-atexit.o)
 .ARM.attributes
                0x00000576       0x2e c:/program files (x86)/atmel/studio/7.0/toolchain/arm/arm-gnu-toolchain/bin/../lib/gcc/arm-none-eabi/6.3.1/../../../../arm-none-eabi/lib/thumb/v7e-m\libc.a(lib_a-dtoa.o)
 .ARM.attributes
                0x000005a4       0x2e c:/program files (x86)/atmel/studio/7.0/toolchain/arm/arm-gnu-toolchain/bin/../lib/gcc/arm-none-eabi/6.3.1/../../../../arm-none-eabi/lib/thumb/v7e-m\libc.a(lib_a-fini.o)
 .ARM.attributes
                0x000005d2       0x2e c:/program files (x86)/atmel/studio/7.0/toolchain/arm/arm-gnu-toolchain/bin/../lib/gcc/arm-none-eabi/6.3.1/../../../../arm-none-eabi/lib/thumb/v7e-m\libc.a(lib_a-localeconv.o)
 .ARM.attributes
                0x00000600       0x2e c:/program files (x86)/atmel/studio/7.0/toolchain/arm/arm-gnu-toolchain/bin/../lib/gcc/arm-none-eabi/6.3.1/../../../../arm-none-eabi/lib/thumb/v7e-m\libc.a(lib_a-lock.o)
 .ARM.attributes
                0x0000062e       0x2e c:/program files (x86)/atmel/studio/7.0/toolchain/arm/arm-gnu-toolchain/bin/../lib/gcc/arm-none-eabi/6.3.1/../../../../arm-none-eabi/lib/thumb/v7e-m\libc.a(lib_a-mallocr.o)
 .ARM.attributes
                0x0000065c       0x1c c:/program files (x86)/atmel/studio/7.0/toolchain/arm/arm-gnu-toolchain/bin/../lib/gcc/arm-none-eabi/6.3.1/../../../../arm-none-eabi/lib/thumb/v7e-m\libc.a(lib_a-memchr.o)
 .ARM.attributes
                0x00000678       0x1c c:/program files (x86)/atmel/studio/7.0/toolchain/arm/arm-gnu-toolchain/bin/../lib/gcc/arm-none-eabi/6.3.1/../../../../arm-none-eabi/lib/thumb/v7e-m\libc.a(lib_a-memcpy.o)
 .ARM.attributes
                0x00000694       0x2e c:/program files (x86)/atmel/studio/7.0/toolchain/arm/arm-gnu-toolchain/bin/../lib/gcc/arm-none-eabi/6.3.1/../../../../arm-none-eabi/lib/thumb/v7e-m\libc.a(lib_a-mlock.o)
 .ARM.attributes
                0x000006c2       0x2e c:/program files (x86)/atmel/studio/7.0/toolchain/arm/arm-gnu-toolchain/bin/../lib/gcc/arm-none-eabi/6.3.1/../../../../arm-none-eabi/lib/thumb/v7e-m\libc.a(lib_a-mprec.o)
 .ARM.attributes
                0x000006f0       0x2e c:/program files (x86)/atmel/studio/7.0/toolchain/arm/arm-gnu-toolchain/bin/../lib/gcc/arm-none-eabi/6.3.1/../../../../arm-none-eabi/lib/thumb/v7e-m\libc.a(lib_a-sbrkr.o)
 .ARM.attributes
                0x0000071e       0x1c c:/program files (x86)/atmel/studio/7.0/toolchain/arm/arm-gnu-toolchain/bin/../lib/gcc/arm-none-eabi/6.3.1/../../../../arm-none-eabi/lib/thumb/v7e-m\libc.a(lib_a-strlen.o)
 .ARM.attributes
                0x0000073a       0x2e c:/program files (x86)/atmel/studio/7.0/toolchain/arm/arm-gnu-toolchain/bin/../lib/gcc/arm-none-eabi/6.3.1/../../../../arm-none-eabi/lib/thumb/v7e-m\libc.a(lib_a-svfiprintf.o)
 .ARM.attributes
                0x00000768       0x2e c:/program files (x86)/atmel/studio/7.0/toolchain/arm/arm-gnu-toolchain/bin/../lib/gcc/arm-none-eabi/6.3.1/../../../../arm-none-eabi/lib/thumb/v7e-m\libc.a(lib_a-__atexit.o)
 .ARM.attributes
                0x00000796       0x2e c:/program files (x86)/atmel/studio/7.0/toolchain/arm/arm-gnu-toolchain/bin/../lib/gcc/arm-none-eabi/6.3.1/../../../../arm-none-eabi/lib/thumb/v7e-m\libc.a(lib_a-callocr.o)
 .ARM.attributes
                0x000007c4       0x2e c:/program files (x86)/atmel/studio/7.0/toolchain/arm/arm-gnu-toolchain/bin/../lib/gcc/arm-none-eabi/6.3.1/../../../../arm-none-eabi/lib/thumb/v7e-m\libc.a(lib_a-freer.o)
 .ARM.attributes
                0x000007f2       0x2e c:/program files (x86)/atmel/studio/7.0/toolchain/arm/arm-gnu-toolchain/bin/../lib/gcc/arm-none-eabi/6.3.1/../../../../arm-none-eabi/lib/thumb/v7e-m\libc.a(lib_a-locale.o)
 .ARM.attributes
                0x00000820       0x2e c:/program files (x86)/atmel/studio/7.0/toolchain/arm/arm-gnu-toolchain/bin/../lib/gcc/arm-none-eabi/6.3.1/../../../../arm-none-eabi/lib/thumb/v7e-m\libc.a(lib_a-mbtowc_r.o)
 .ARM.attributes
                0x0000084e       0x2e c:/program files (x86)/atmel/studio/7.0/toolchain/arm/arm-gnu-toolchain/bin/../lib/gcc/arm-none-eabi/6.3.1/../../../../arm-none-eabi/lib/thumb/v7e-m\libc.a(lib_a-memmove.o)
 .ARM.attributes
                0x0000087c       0x2e c:/program files (x86)/atmel/studio/7.0/toolchain/arm/arm-gnu-toolchain/bin/../lib/gcc/arm-none-eabi/6.3.1/../../../../arm-none-eabi/lib/thumb/v7e-m\libc.a(lib_a-reallocr.o)
 .ARM.attributes
                0x000008aa       0x2e c:/program files (x86)/atmel/studio/7.0/toolchain/arm/arm-gnu-toolchain/bin/../lib/gcc/arm-none-eabi/6.3.1/../../../../arm-none-eabi/lib/thumb/v7e-m\libc.a(lib_a-reent.o)
 .ARM.attributes
                0x000008d8       0x2e c:/program files (x86)/atmel/studio/7.0/toolchain/arm/arm-gnu-toolchain/bin/../lib/gcc/arm-none-eabi/6.3.1/../../../../arm-none-eabi/lib/thumb/v7e-m\libc.a(lib_a-wctomb_r.o)
 .ARM.attributes
                0x00000906       0x2e c:/program files (x86)/atmel/studio/7.0/toolchain/arm/arm-gnu-toolchain/bin/../lib/gcc/arm-none-eabi/6.3.1/../../../../arm-none-eabi/lib/thumb/v7e-m\libc.a(lib_a-ctype_.o)
 .ARM.attributes
                0x00000934       0x1e c:/program files (x86)/atmel/studio/7.0/toolchain/arm/arm-gnu-toolchain/bin/../lib/gcc/arm-none-eabi/6.3.1/thumb/v7e-m\libgcc.a(_arm_cmpdf2.o)
 .ARM.attributes
                0x00000952       0x1e c:/program files (x86)/atmel/studio/7.0/toolchain/arm/arm-gnu-toolchain/bin/../lib/gcc/arm-none-eabi/6.3.1/thumb/v7e-m\libgcc.a(_arm_unorddf2.o)
 .ARM.attributes
                0x00000970       0x1e c:/program files (x86)/atmel/studio/7.0/toolchain/arm/arm-gnu-toolchain/bin/../lib/gcc/arm-none-eabi/6.3.1/thumb/v7e-m\libgcc.a(_arm_fixdfsi.o)
 .ARM.attributes
                0x0000098e       0x1e c:/program files (x86)/atmel/studio/7.0/toolchain/arm/arm-gnu-toolchain/bin/../lib/gcc/arm-none-eabi/6.3.1/thumb/v7e-m\libgcc.a(_aeabi_uldivmod.o)
 .ARM.attributes
                0x000009ac       0x2e c:/program files (x86)/atmel/studio/7.0/toolchain/arm/arm-gnu-toolchain/bin/../lib/gcc/arm-none-eabi/6.3.1/thumb/v7e-m\libgcc.a(_udivmoddi4.o)
 .ARM.attributes
                0x000009da       0x1e c:/program files (x86)/atmel/studio/7.0/toolchain/arm/arm-gnu-toolchain/bin/../lib/gcc/arm-none-eabi/6.3.1/thumb/v7e-m\libgcc.a(_dvmd_tls.o)
 .ARM.attributes
                0x000009f8       0x1e c:/program files (x86)/atmel/studio/7.0/toolchain/arm/arm-gnu-toolchain/bin/../lib/gcc/arm-none-eabi/6.3.1/thumb/v7e-m/crtn.o

.comment        0x00000000       0x59
 .comment       0x00000000       0x59 src/ASF/sam/drivers/rtc/rtc.o
                                 0x5a (size before relaxing)
 .comment       0x00000059       0x5a src/ASF/sam/drivers/rtt/rtt.o
 .comment       0x00000059       0x5a src/main.o
 .comment       0x00000059       0x5a src/ASF/common/services/spi/sam_spi/spi_master.o
 .comment       0x00000059       0x5a src/ASF/sam/components/display/ili9488/ili9488.o
 .comment       0x00000059       0x5a src/ASF/sam/drivers/spi/spi.o
 .comment       0x00000059       0x5a src/ASF/common/services/clock/same70/sysclk.o
 .comment       0x00000059       0x5a src/ASF/common/utils/interrupt/interrupt_sam_nvic.o
 .comment       0x00000059       0x5a src/ASF/sam/boards/same70_xplained/init.o
 .comment       0x00000059       0x5a src/ASF/sam/drivers/pio/pio.o
 .comment       0x00000059       0x5a src/ASF/sam/drivers/pio/pio_handler.o
 .comment       0x00000059       0x5a src/ASF/sam/drivers/pmc/pmc.o
 .comment       0x00000059       0x5a src/ASF/sam/drivers/pmc/sleep.o
 .comment       0x00000059       0x5a src/ASF/sam/utils/cmsis/same70/source/templates/gcc/startup_same70.o
 .comment       0x00000059       0x5a src/ASF/sam/utils/cmsis/same70/source/templates/system_same70.o
 .comment       0x00000059       0x5a src/ASF/sam/utils/syscalls/gcc/syscalls.o

.debug_info     0x00000000    0x16e24
 .debug_info    0x00000000     0x1158 src/ASF/sam/drivers/rtc/rtc.o
 .debug_info    0x00001158      0xcaf src/ASF/sam/drivers/rtt/rtt.o
 .debug_info    0x00001e07     0x37c7 src/main.o
 .debug_info    0x000055ce     0x143e src/ASF/common/services/spi/sam_spi/spi_master.o
 .debug_info    0x00006a0c     0x208c src/ASF/sam/components/display/ili9488/ili9488.o
 .debug_info    0x00008a98     0x1123 src/ASF/sam/drivers/spi/spi.o
 .debug_info    0x00009bbb     0x1311 src/ASF/common/services/clock/same70/sysclk.o
 .debug_info    0x0000aecc      0xb06 src/ASF/common/utils/interrupt/interrupt_sam_nvic.o
 .debug_info    0x0000b9d2     0x1dad src/ASF/sam/boards/same70_xplained/init.o
 .debug_info    0x0000d77f     0x1ce3 src/ASF/sam/drivers/pio/pio.o
 .debug_info    0x0000f462     0x1a74 src/ASF/sam/drivers/pio/pio_handler.o
 .debug_info    0x00010ed6     0x1eed src/ASF/sam/drivers/pmc/pmc.o
 .debug_info    0x00012dc3     0x16bf src/ASF/sam/drivers/pmc/sleep.o
 .debug_info    0x00014482     0x1612 src/ASF/sam/utils/cmsis/same70/source/templates/gcc/startup_same70.o
 .debug_info    0x00015a94      0x5d4 src/ASF/sam/utils/cmsis/same70/source/templates/system_same70.o
 .debug_info    0x00016068      0xdbc src/ASF/sam/utils/syscalls/gcc/syscalls.o

.debug_abbrev   0x00000000     0x2a66
 .debug_abbrev  0x00000000      0x257 src/ASF/sam/drivers/rtc/rtc.o
 .debug_abbrev  0x00000257      0x203 src/ASF/sam/drivers/rtt/rtt.o
 .debug_abbrev  0x0000045a      0x386 src/main.o
 .debug_abbrev  0x000007e0      0x305 src/ASF/common/services/spi/sam_spi/spi_master.o
 .debug_abbrev  0x00000ae5      0x2f4 src/ASF/sam/components/display/ili9488/ili9488.o
 .debug_abbrev  0x00000dd9      0x2cf src/ASF/sam/drivers/spi/spi.o
 .debug_abbrev  0x000010a8      0x296 src/ASF/common/services/clock/same70/sysclk.o
 .debug_abbrev  0x0000133e      0x214 src/ASF/common/utils/interrupt/interrupt_sam_nvic.o
 .debug_abbrev  0x00001552      0x3f4 src/ASF/sam/boards/same70_xplained/init.o
 .debug_abbrev  0x00001946      0x296 src/ASF/sam/drivers/pio/pio.o
 .debug_abbrev  0x00001bdc      0x2c9 src/ASF/sam/drivers/pio/pio_handler.o
 .debug_abbrev  0x00001ea5      0x2ce src/ASF/sam/drivers/pmc/pmc.o
 .debug_abbrev  0x00002173      0x2df src/ASF/sam/drivers/pmc/sleep.o
 .debug_abbrev  0x00002452      0x2e8 src/ASF/sam/utils/cmsis/same70/source/templates/gcc/startup_same70.o
 .debug_abbrev  0x0000273a      0x102 src/ASF/sam/utils/cmsis/same70/source/templates/system_same70.o
 .debug_abbrev  0x0000283c      0x22a src/ASF/sam/utils/syscalls/gcc/syscalls.o

.debug_loc      0x00000000     0x6620
 .debug_loc     0x00000000      0x730 src/ASF/sam/drivers/rtc/rtc.o
 .debug_loc     0x00000730      0x330 src/ASF/sam/drivers/rtt/rtt.o
 .debug_loc     0x00000a60      0x58a src/main.o
 .debug_loc     0x00000fea      0x830 src/ASF/common/services/spi/sam_spi/spi_master.o
 .debug_loc     0x0000181a      0xd20 src/ASF/sam/components/display/ili9488/ili9488.o
 .debug_loc     0x0000253a      0x630 src/ASF/sam/drivers/spi/spi.o
 .debug_loc     0x00002b6a      0x4a0 src/ASF/common/services/clock/same70/sysclk.o
 .debug_loc     0x0000300a       0xa0 src/ASF/common/utils/interrupt/interrupt_sam_nvic.o
 .debug_loc     0x000030aa      0x2fc src/ASF/sam/boards/same70_xplained/init.o
 .debug_loc     0x000033a6     0x1174 src/ASF/sam/drivers/pio/pio.o
 .debug_loc     0x0000451a      0x38c src/ASF/sam/drivers/pio/pio_handler.o
 .debug_loc     0x000048a6     0x1744 src/ASF/sam/drivers/pmc/pmc.o
 .debug_loc     0x00005fea       0xe6 src/ASF/sam/drivers/pmc/sleep.o
 .debug_loc     0x000060d0      0x16c src/ASF/sam/utils/cmsis/same70/source/templates/gcc/startup_same70.o
 .debug_loc     0x0000623c       0xe4 src/ASF/sam/utils/cmsis/same70/source/templates/system_same70.o
 .debug_loc     0x00006320      0x300 src/ASF/sam/utils/syscalls/gcc/syscalls.o

.debug_aranges  0x00000000      0xb50
 .debug_aranges
                0x00000000       0xb8 src/ASF/sam/drivers/rtc/rtc.o
 .debug_aranges
                0x000000b8       0x60 src/ASF/sam/drivers/rtt/rtt.o
 .debug_aranges
                0x00000118       0xa8 src/main.o
 .debug_aranges
                0x000001c0       0xe0 src/ASF/common/services/spi/sam_spi/spi_master.o
 .debug_aranges
                0x000002a0      0x168 src/ASF/sam/components/display/ili9488/ili9488.o
 .debug_aranges
                0x00000408       0xa8 src/ASF/sam/drivers/spi/spi.o
 .debug_aranges